[2023-12-13T17:37:35.660-0600][0.038s] Min heap equals to max heap, disabling ShenandoahUncommit
[2023-12-13T17:37:35.691-0600][0.069s] Heuristics ergonomically sets -XX:+ExplicitGCInvokesConcurrent
[2023-12-13T17:37:35.691-0600][0.069s] Heuristics ergonomically sets -XX:+ShenandoahImplicitGCInvokesConcurrent
[2023-12-13T17:37:35.692-0600][0.070s] Using Shenandoah
[2023-12-13T17:37:41.849-0600][6.227s] Version: 17.0.7+7 (release)
[2023-12-13T17:37:41.849-0600][6.227s] CPUs: 8 total, 8 available
[2023-12-13T17:37:41.849-0600][6.227s] Memory: 32693M
[2023-12-13T17:37:41.849-0600][6.227s] Large Page Support: Enabled
[2023-12-13T17:37:41.849-0600][6.227s] NUMA Support: Disabled
[2023-12-13T17:37:41.849-0600][6.227s] Compressed Oops: Enabled (Zero based)
[2023-12-13T17:37:41.850-0600][6.227s] Heap Min Capacity: 16G
[2023-12-13T17:37:41.850-0600][6.227s] Heap Initial Capacity: 16G
[2023-12-13T17:37:41.850-0600][6.228s] Heap Max Capacity: 16G
[2023-12-13T17:37:41.850-0600][6.228s] Pre-touch: Enabled
[2023-12-13T17:37:41.850-0600][6.228s] Mode: Snapshot-At-The-Beginning (SATB)
[2023-12-13T17:37:41.850-0600][6.228s] Heuristics: Adaptive
[2023-12-13T17:37:41.850-0600][6.228s] Heap Region Count: 2048
[2023-12-13T17:37:41.850-0600][6.228s] Heap Region Size: 8M
[2023-12-13T17:37:41.850-0600][6.228s] TLAB Size Max: 8M
[2023-12-13T17:37:41.850-0600][6.228s] Humongous Object Threshold: 8M
[2023-12-13T17:37:41.850-0600][6.228s] Parallel Workers: 10
[2023-12-13T17:37:41.850-0600][6.228s] Concurrent Workers: 3
[2023-12-13T17:37:41.853-0600][6.231s] CDS archive(s) mapped at: [0x0000000800000000-0x0000000800bc0000-0x0000000800bc0000), size 12320768, SharedBaseAddress: 0x0000000800000000, ArchiveRelocationMode: 0.
[2023-12-13T17:37:41.853-0600][6.231s] Compressed class space mapped at: 0x0000000801000000-0x0000000841000000, reserved size: 1073741824
[2023-12-13T17:37:41.853-0600][6.231s] Narrow klass base: 0x0000000800000000, Narrow klass shift: 0, Narrow klass range: 0x100000000
[2023-12-13T17:37:48.018-0600][12.396s] Trigger: Metadata GC Threshold
[2023-12-13T17:37:48.018-0600][12.396s] Free: 14976M, Max: 8192K regular, 14976M humongous, Frag: 0% external, 0% internal; Reserve: 824M, Max: 8192K
[2023-12-13T17:37:48.018-0600][12.396s] GC(0) Concurrent reset
[2023-12-13T17:37:48.019-0600][12.396s] GC(0) Using 3 of 10 workers for concurrent reset
[2023-12-13T17:37:48.019-0600][12.396s] GC(0) Concurrent reset 0.298ms
[2023-12-13T17:37:48.019-0600][12.397s] GC(0) Pause Init Mark (unload classes)
[2023-12-13T17:37:48.019-0600][12.397s] GC(0) Using 10 of 10 workers for init marking
[2023-12-13T17:37:48.019-0600][12.397s] GC(0) Pause Init Mark (unload classes) 0.056ms
[2023-12-13T17:37:48.019-0600][12.397s] GC(0) Concurrent marking roots
[2023-12-13T17:37:48.019-0600][12.397s] GC(0) Using 3 of 10 workers for concurrent marking roots
[2023-12-13T17:37:48.019-0600][12.397s] GC(0) Concurrent marking roots 0.285ms
[2023-12-13T17:37:48.019-0600][12.397s] GC(0) Concurrent marking (unload classes)
[2023-12-13T17:37:48.019-0600][12.397s] GC(0) Using 3 of 10 workers for concurrent marking
[2023-12-13T17:37:48.026-0600][12.403s] GC(0) Concurrent marking (unload classes) 6.447ms
[2023-12-13T17:37:48.026-0600][12.403s] GC(0) Pause Final Mark (unload classes)
[2023-12-13T17:37:48.026-0600][12.403s] GC(0) Using 10 of 10 workers for final marking
[2023-12-13T17:37:48.026-0600][12.403s] GC(0) Adaptive CSet Selection. Target Free: 3959M, Actual Free: 15999M, Max CSet: 682M, Min Garbage: 0B
[2023-12-13T17:37:48.026-0600][12.403s] GC(0) Collectable Garbage: 477M (100%), Immediate: 207M (43%), CSet: 269M (56%)
[2023-12-13T17:37:48.026-0600][12.403s] GC(0) Pause Final Mark (unload classes) 0.116ms
[2023-12-13T17:37:48.026-0600][12.403s] GC(0) Concurrent thread roots
[2023-12-13T17:37:48.026-0600][12.404s] GC(0) Using 3 of 10 workers for Concurrent thread roots
[2023-12-13T17:37:48.026-0600][12.404s] GC(0) Concurrent thread roots 0.244ms
[2023-12-13T17:37:48.026-0600][12.404s] GC(0) Concurrent weak references
[2023-12-13T17:37:48.026-0600][12.404s] GC(0) Using 3 of 10 workers for concurrent weak references
[2023-12-13T17:37:48.027-0600][12.405s] GC(0) Encountered references: Soft: 4153, Weak: 5389, Final: 1, Phantom: 3620
[2023-12-13T17:37:48.027-0600][12.405s] GC(0) Discovered  references: Soft: 0, Weak: 4278, Final: 1, Phantom: 3532
[2023-12-13T17:37:48.027-0600][12.405s] GC(0) Enqueued    references: Soft: 0, Weak: 3500, Final: 0, Phantom: 3261
[2023-12-13T17:37:48.027-0600][12.405s] GC(0) Concurrent weak references 0.920ms
[2023-12-13T17:37:48.027-0600][12.405s] GC(0) Concurrent weak roots
[2023-12-13T17:37:48.027-0600][12.405s] GC(0) Using 3 of 10 workers for concurrent weak root
[2023-12-13T17:37:48.027-0600][12.405s] GC(0) Concurrent weak roots 0.468ms
[2023-12-13T17:37:48.028-0600][12.405s] GC(0) Concurrent cleanup
[2023-12-13T17:37:48.028-0600][12.405s] GC(0) Concurrent cleanup 522M->315M(16384M) 0.015ms
[2023-12-13T17:37:48.028-0600][12.405s] GC(0) Free: 15240M, Max: 8192K regular, 14960M humongous, Frag: 2% external, 0% internal; Reserve: 822M, Max: 8192K
[2023-12-13T17:37:48.028-0600][12.405s] GC(0) Concurrent class unloading
[2023-12-13T17:37:48.028-0600][12.405s] GC(0) Using 3 of 10 workers for concurrent class unloading
[2023-12-13T17:37:48.029-0600][12.406s] GC(0) Concurrent class unloading 1.133ms
[2023-12-13T17:37:48.029-0600][12.406s] GC(0) Concurrent strong roots
[2023-12-13T17:37:48.029-0600][12.406s] GC(0) Using 3 of 10 workers for concurrent strong root
[2023-12-13T17:37:48.029-0600][12.407s] GC(0) Concurrent strong roots 0.554ms
[2023-12-13T17:37:48.029-0600][12.407s] GC(0) Concurrent evacuation
[2023-12-13T17:37:48.029-0600][12.407s] GC(0) Using 3 of 10 workers for concurrent evacuation
[2023-12-13T17:37:48.034-0600][12.412s] GC(0) Concurrent evacuation 4.670ms
[2023-12-13T17:37:48.034-0600][12.412s] GC(0) Pause Init Update Refs
[2023-12-13T17:37:48.034-0600][12.412s] GC(0) Pause Init Update Refs 0.015ms
[2023-12-13T17:37:48.034-0600][12.412s] GC(0) Concurrent update references
[2023-12-13T17:37:48.034-0600][12.412s] GC(0) Using 3 of 10 workers for concurrent reference update
[2023-12-13T17:37:48.039-0600][12.416s] GC(0) Concurrent update references 4.638ms
[2023-12-13T17:37:48.039-0600][12.416s] GC(0) Concurrent update thread roots
[2023-12-13T17:37:48.039-0600][12.417s] GC(0) Concurrent update thread roots 0.206ms
[2023-12-13T17:37:48.039-0600][12.417s] GC(0) Pause Final Update Refs
[2023-12-13T17:37:48.039-0600][12.417s] GC(0) Using 10 of 10 workers for final reference update
[2023-12-13T17:37:48.039-0600][12.417s] GC(0) Pause Final Update Refs 0.064ms
[2023-12-13T17:37:48.039-0600][12.417s] GC(0) Concurrent cleanup
[2023-12-13T17:37:48.039-0600][12.417s] GC(0) Concurrent cleanup 338M->50M(16384M) 0.017ms
[2023-12-13T17:37:48.039-0600][12.417s] Free: 15504M, Max: 8192K regular, 14936M humongous, Frag: 4% external, 0% internal; Reserve: 824M, Max: 8192K
[2023-12-13T17:37:48.039-0600][12.417s] 
[2023-12-13T17:37:48.039-0600][12.417s] All times are wall-clock times, except per-root-class counters, that are sum over
[2023-12-13T17:37:48.039-0600][12.417s] all workers. Dividing the <total> over the root stage time estimates parallelism.
[2023-12-13T17:37:48.039-0600][12.417s] 
[2023-12-13T17:37:48.039-0600][12.417s] Concurrent Reset                    318 us
[2023-12-13T17:37:48.039-0600][12.417s] Pause Init Mark (G)                 178 us
[2023-12-13T17:37:48.039-0600][12.417s] Pause Init Mark (N)                  72 us
[2023-12-13T17:37:48.039-0600][12.417s]   Update Region States               12 us
[2023-12-13T17:37:48.039-0600][12.417s] Concurrent Mark Roots               298 us, parallelism: 1.69x
[2023-12-13T17:37:48.039-0600][12.417s]   CMR: <total>                      503 us
[2023-12-13T17:37:48.039-0600][12.417s]   CMR: Thread Roots                 396 us, workers (us):  57, 122, 217, ---, ---, ---, ---, ---, ---, ---, 
[2023-12-13T17:37:48.039-0600][12.417s]   CMR: VM Strong Roots               13 us, workers (us):   4,   4,   4, ---, ---, ---, ---, ---, ---, ---, 
[2023-12-13T17:37:48.040-0600][12.417s]   CMR: CLDG Roots                    95 us, workers (us):  95, ---, ---, ---, ---, ---, ---, ---, ---, ---, 
[2023-12-13T17:37:48.040-0600][12.417s] Concurrent Marking                 6466 us
[2023-12-13T17:37:48.040-0600][12.417s] Pause Final Mark (G)                148 us
[2023-12-13T17:37:48.040-0600][12.417s] Pause Final Mark (N)                126 us
[2023-12-13T17:37:48.040-0600][12.417s]   Finish Mark                        29 us
[2023-12-13T17:37:48.040-0600][12.417s]   Update Region States               10 us
[2023-12-13T17:37:48.040-0600][12.417s]   Choose Collection Set              37 us
[2023-12-13T17:37:48.040-0600][12.417s]   Rebuild Free Set                    7 us
[2023-12-13T17:37:48.040-0600][12.417s] Concurrent Thread Roots             254 us, parallelism: 1.63x
[2023-12-13T17:37:48.040-0600][12.417s]   CTR: <total>                      414 us
[2023-12-13T17:37:48.040-0600][12.417s]   CTR: Thread Roots                 414 us, workers (us): 216, 104,  94, ---, ---, ---, ---, ---, ---, ---, 
[2023-12-13T17:37:48.040-0600][12.417s] Concurrent Weak References          929 us, parallelism: 1.21x
[2023-12-13T17:37:48.040-0600][12.417s]   CWRF: <total>                    1124 us
[2023-12-13T17:37:48.040-0600][12.417s]   CWRF: Weak References            1124 us, workers (us): 244, 439, 441, ---, ---, ---, ---, ---, ---, ---, 
[2023-12-13T17:37:48.040-0600][12.417s] Concurrent Weak Roots               487 us
[2023-12-13T17:37:48.040-0600][12.417s]   Roots                             435 us, parallelism: 2.86x
[2023-12-13T17:37:48.040-0600][12.417s]     CWR: <total>                   1242 us
[2023-12-13T17:37:48.040-0600][12.417s]     CWR: Code Cache Roots           438 us, workers (us): 131, 147, 159, ---, ---, ---, ---, ---, ---, ---, 
[2023-12-13T17:37:48.040-0600][12.417s]     CWR: VM Weak Roots              793 us, workers (us): 265, 265, 264, ---, ---, ---, ---, ---, ---, ---, 
[2023-12-13T17:37:48.040-0600][12.417s]     CWR: CLDG Roots                  11 us, workers (us):  11, ---, ---, ---, ---, ---, ---, ---, ---, ---, 
[2023-12-13T17:37:48.040-0600][12.417s]   Rendezvous                         16 us
[2023-12-13T17:37:48.040-0600][12.417s] Concurrent Cleanup                   25 us
[2023-12-13T17:37:48.040-0600][12.417s] Concurrent Class Unloading         1152 us
[2023-12-13T17:37:48.040-0600][12.417s]   Unlink Stale                     1064 us
[2023-12-13T17:37:48.040-0600][12.417s]     System Dictionary                12 us
[2023-12-13T17:37:48.040-0600][12.417s]     Code Roots                     1052 us
[2023-12-13T17:37:48.040-0600][12.417s]   Rendezvous                         15 us
[2023-12-13T17:37:48.040-0600][12.417s]   Purge Unlinked                     38 us
[2023-12-13T17:37:48.040-0600][12.417s]     Code Roots                       36 us
[2023-12-13T17:37:48.040-0600][12.417s]     CLDG                              1 us
[2023-12-13T17:37:48.040-0600][12.417s]     Exception Caches                  0 us
[2023-12-13T17:37:48.040-0600][12.417s] Concurrent Strong Roots             573 us, parallelism: 0.93x
[2023-12-13T17:37:48.040-0600][12.417s]   CSR: <total>                      532 us
[2023-12-13T17:37:48.040-0600][12.417s]   CSR: VM Strong Roots               13 us, workers (us):   7,   3,   3, ---, ---, ---, ---, ---, ---, ---, 
[2023-12-13T17:37:48.040-0600][12.417s]   CSR: CLDG Roots                   520 us, workers (us): ---, 520, ---, ---, ---, ---, ---, ---, ---, ---, 
[2023-12-13T17:37:48.040-0600][12.417s] Concurrent Evacuation              4689 us
[2023-12-13T17:37:48.040-0600][12.417s] Pause Init Update Refs (G)           55 us
[2023-12-13T17:37:48.040-0600][12.417s] Pause Init Update Refs (N)           26 us
[2023-12-13T17:37:48.040-0600][12.417s]   Manage GCLABs                       2 us
[2023-12-13T17:37:48.040-0600][12.417s] Concurrent Update Refs             4658 us
[2023-12-13T17:37:48.040-0600][12.417s] Concurrent Update Thread Roots      217 us
[2023-12-13T17:37:48.040-0600][12.417s] Pause Final Update Refs (G)         108 us
[2023-12-13T17:37:48.040-0600][12.418s] Pause Final Update Refs (N)          78 us
[2023-12-13T17:37:48.040-0600][12.418s]   Update Region States               14 us
[2023-12-13T17:37:48.040-0600][12.418s]   Trash Collection Set                2 us
[2023-12-13T17:37:48.040-0600][12.418s]   Rebuild Free Set                    8 us
[2023-12-13T17:37:48.040-0600][12.418s] Concurrent Cleanup                   28 us
[2023-12-13T17:37:48.040-0600][12.418s] Metaspace: 21452K(21824K)->21883K(22336K) NonClass: 18982K(19200K)->19339K(19584K) Class: 2470K(2624K)->2544K(2752K)
[2023-12-13T17:37:49.519-0600][13.897s] Trigger: Metadata GC Threshold
[2023-12-13T17:37:49.519-0600][13.897s] Free: 15008M, Max: 8192K regular, 14936M humongous, Frag: 1% external, 0% internal; Reserve: 824M, Max: 8192K
[2023-12-13T17:37:49.519-0600][13.897s] GC(1) Concurrent reset
[2023-12-13T17:37:49.519-0600][13.897s] GC(1) Using 3 of 10 workers for concurrent reset
[2023-12-13T17:37:49.519-0600][13.897s] GC(1) Concurrent reset 0.470ms
[2023-12-13T17:37:49.534-0600][13.912s] GC(1) Pause Init Mark (unload classes)
[2023-12-13T17:37:49.534-0600][13.912s] GC(1) Using 10 of 10 workers for init marking
[2023-12-13T17:37:49.534-0600][13.912s] GC(1) Pause Init Mark (unload classes) 0.066ms
[2023-12-13T17:37:49.534-0600][13.912s] GC(1) Concurrent marking roots
[2023-12-13T17:37:49.534-0600][13.912s] GC(1) Using 3 of 10 workers for concurrent marking roots
[2023-12-13T17:37:49.535-0600][13.913s] GC(1) Concurrent marking roots 1.042ms
[2023-12-13T17:37:49.535-0600][13.913s] GC(1) Concurrent marking (unload classes)
[2023-12-13T17:37:49.535-0600][13.913s] GC(1) Using 3 of 10 workers for concurrent marking
[2023-12-13T17:37:49.577-0600][13.955s] GC(1) Concurrent marking (unload classes) 42.064ms
[2023-12-13T17:37:49.577-0600][13.955s] GC(1) Pause Final Mark (unload classes)
[2023-12-13T17:37:49.577-0600][13.955s] GC(1) Using 10 of 10 workers for final marking
[2023-12-13T17:37:49.577-0600][13.955s] GC(1) Adaptive CSet Selection. Target Free: 3959M, Actual Free: 15824M, Max CSet: 682M, Min Garbage: 0B
[2023-12-13T17:37:49.577-0600][13.955s] GC(1) Collectable Garbage: 446M (99%), Immediate: 0B (0%), CSet: 446M (99%)
[2023-12-13T17:37:49.577-0600][13.956s] GC(1) Pause Final Mark (unload classes) 0.122ms
[2023-12-13T17:37:49.578-0600][13.956s] GC(1) Concurrent thread roots
[2023-12-13T17:37:49.578-0600][13.956s] GC(1) Using 3 of 10 workers for Concurrent thread roots
[2023-12-13T17:37:49.579-0600][13.957s] GC(1) Concurrent thread roots 1.786ms
[2023-12-13T17:37:49.579-0600][13.957s] GC(1) Concurrent weak references
[2023-12-13T17:37:49.579-0600][13.957s] GC(1) Using 3 of 10 workers for concurrent weak references
[2023-12-13T17:37:49.579-0600][13.958s] GC(1) Encountered references: Soft: 4714, Weak: 5403, Final: 1, Phantom: 889
[2023-12-13T17:37:49.579-0600][13.958s] GC(1) Discovered  references: Soft: 0, Weak: 1730, Final: 1, Phantom: 837
[2023-12-13T17:37:49.580-0600][13.958s] GC(1) Enqueued    references: Soft: 0, Weak: 184, Final: 0, Phantom: 474
[2023-12-13T17:37:49.580-0600][13.958s] GC(1) Concurrent weak references 0.205ms
[2023-12-13T17:37:49.580-0600][13.958s] GC(1) Concurrent weak roots
[2023-12-13T17:37:49.580-0600][13.958s] GC(1) Using 3 of 10 workers for concurrent weak root
[2023-12-13T17:37:49.580-0600][13.958s] GC(1) Concurrent weak roots 0.531ms
[2023-12-13T17:37:49.580-0600][13.958s] GC(1) Concurrent cleanup
[2023-12-13T17:37:49.580-0600][13.958s] GC(1) Concurrent cleanup 562M->562M(16384M) 0.015ms
[2023-12-13T17:37:49.580-0600][13.958s] GC(1) Free: 14992M, Max: 8192K regular, 14936M humongous, Frag: 1% external, 0% internal; Reserve: 823M, Max: 8192K
[2023-12-13T17:37:49.580-0600][13.958s] GC(1) Concurrent class unloading
[2023-12-13T17:37:49.580-0600][13.958s] GC(1) Using 3 of 10 workers for concurrent class unloading
[2023-12-13T17:37:49.582-0600][13.960s] GC(1) Concurrent class unloading 1.539ms
[2023-12-13T17:37:49.582-0600][13.960s] GC(1) Concurrent strong roots
[2023-12-13T17:37:49.582-0600][13.960s] GC(1) Using 3 of 10 workers for concurrent strong root
[2023-12-13T17:37:49.582-0600][13.960s] GC(1) Concurrent strong roots 0.397ms
[2023-12-13T17:37:49.582-0600][13.960s] GC(1) Concurrent evacuation
[2023-12-13T17:37:49.582-0600][13.960s] GC(1) Using 3 of 10 workers for concurrent evacuation
[2023-12-13T17:37:49.606-0600][13.984s] GC(1) Concurrent evacuation 23.963ms
[2023-12-13T17:37:49.606-0600][13.984s] GC(1) Pause Init Update Refs
[2023-12-13T17:37:49.606-0600][13.984s] GC(1) Pause Init Update Refs 0.023ms
[2023-12-13T17:37:49.606-0600][13.984s] GC(1) Concurrent update references
[2023-12-13T17:37:49.606-0600][13.984s] GC(1) Using 3 of 10 workers for concurrent reference update
[2023-12-13T17:37:49.628-0600][14.006s] GC(1) Concurrent update references 21.734ms
[2023-12-13T17:37:49.628-0600][14.006s] GC(1) Concurrent update thread roots
[2023-12-13T17:37:49.643-0600][14.021s] GC(1) Concurrent update thread roots 14.619ms
[2023-12-13T17:37:49.643-0600][14.021s] GC(1) Pause Final Update Refs
[2023-12-13T17:37:49.643-0600][14.021s] GC(1) Using 10 of 10 workers for final reference update
[2023-12-13T17:37:49.643-0600][14.021s] GC(1) Pause Final Update Refs 0.068ms
[2023-12-13T17:37:49.643-0600][14.021s] GC(1) Concurrent cleanup
[2023-12-13T17:37:49.643-0600][14.021s] GC(1) Concurrent cleanup 657M->137M(16384M) 0.029ms
[2023-12-13T17:37:49.643-0600][14.021s] Free: 15416M, Max: 8192K regular, 14920M humongous, Frag: 4% external, 0% internal; Reserve: 824M, Max: 8192K
[2023-12-13T17:37:49.643-0600][14.021s] 
[2023-12-13T17:37:49.643-0600][14.021s] All times are wall-clock times, except per-root-class counters, that are sum over
[2023-12-13T17:37:49.643-0600][14.021s] all workers. Dividing the <total> over the root stage time estimates parallelism.
[2023-12-13T17:37:49.643-0600][14.021s] 
[2023-12-13T17:37:49.643-0600][14.021s] Concurrent Reset                    495 us
[2023-12-13T17:37:49.643-0600][14.021s] Pause Init Mark (G)               15106 us
[2023-12-13T17:37:49.643-0600][14.021s] Pause Init Mark (N)                  86 us
[2023-12-13T17:37:49.643-0600][14.021s]   Update Region States               16 us
[2023-12-13T17:37:49.643-0600][14.021s] Concurrent Mark Roots              1061 us, parallelism: 1.13x
[2023-12-13T17:37:49.643-0600][14.021s]   CMR: <total>                     1202 us
[2023-12-13T17:37:49.643-0600][14.021s]   CMR: Thread Roots                1136 us, workers (us): 965, 115,  57, ---, ---, ---, ---, ---, ---, ---, 
[2023-12-13T17:37:49.643-0600][14.021s]   CMR: VM Strong Roots                7 us, workers (us):   4,   2,   1, ---, ---, ---, ---, ---, ---, ---, 
[2023-12-13T17:37:49.643-0600][14.021s]   CMR: CLDG Roots                    59 us, workers (us): ---, ---,  59, ---, ---, ---, ---, ---, ---, ---, 
[2023-12-13T17:37:49.643-0600][14.021s] Concurrent Marking                42094 us
[2023-12-13T17:37:49.643-0600][14.021s] Pause Final Mark (G)                182 us
[2023-12-13T17:37:49.643-0600][14.021s] Pause Final Mark (N)                134 us
[2023-12-13T17:37:49.643-0600][14.021s]   Finish Mark                        37 us
[2023-12-13T17:37:49.643-0600][14.021s]   Update Region States               14 us
[2023-12-13T17:37:49.643-0600][14.021s]   Choose Collection Set              31 us
[2023-12-13T17:37:49.643-0600][14.021s]   Rebuild Free Set                    8 us
[2023-12-13T17:37:49.643-0600][14.021s] Concurrent Thread Roots            1803 us, parallelism: 1.07x
[2023-12-13T17:37:49.643-0600][14.021s]   CTR: <total>                     1924 us
[2023-12-13T17:37:49.643-0600][14.021s]   CTR: Thread Roots                1924 us, workers (us): 1747,  92,  84, ---, ---, ---, ---, ---, ---, ---, 
[2023-12-13T17:37:49.643-0600][14.021s] Concurrent Weak References          214 us, parallelism: 1.60x
[2023-12-13T17:37:49.643-0600][14.021s]   CWRF: <total>                     342 us
[2023-12-13T17:37:49.643-0600][14.021s]   CWRF: Weak References             342 us, workers (us): 121,  71, 150, ---, ---, ---, ---, ---, ---, ---, 
[2023-12-13T17:37:49.643-0600][14.021s] Concurrent Weak Roots               548 us
[2023-12-13T17:37:49.643-0600][14.021s]   Roots                             499 us, parallelism: 2.76x
[2023-12-13T17:37:49.643-0600][14.021s]     CWR: <total>                   1377 us
[2023-12-13T17:37:49.643-0600][14.021s]     CWR: Code Cache Roots           766 us, workers (us): 241, 257, 269, ---, ---, ---, ---, ---, ---, ---, 
[2023-12-13T17:37:49.643-0600][14.021s]     CWR: VM Weak Roots              584 us, workers (us): 196, 195, 193, ---, ---, ---, ---, ---, ---, ---, 
[2023-12-13T17:37:49.643-0600][14.021s]     CWR: CLDG Roots                  26 us, workers (us): ---, ---,  26, ---, ---, ---, ---, ---, ---, ---, 
[2023-12-13T17:37:49.643-0600][14.021s]   Rendezvous                         15 us
[2023-12-13T17:37:49.643-0600][14.021s] Concurrent Cleanup                   25 us
[2023-12-13T17:37:49.643-0600][14.021s] Concurrent Class Unloading         1557 us
[2023-12-13T17:37:49.643-0600][14.021s]   Unlink Stale                     1416 us
[2023-12-13T17:37:49.643-0600][14.021s]     System Dictionary                19 us
[2023-12-13T17:37:49.643-0600][14.021s]     Weak Class Links                  0 us
[2023-12-13T17:37:49.643-0600][14.021s]     Code Roots                     1396 us
[2023-12-13T17:37:49.643-0600][14.021s]   Rendezvous                         61 us
[2023-12-13T17:37:49.643-0600][14.021s]   Purge Unlinked                     44 us
[2023-12-13T17:37:49.643-0600][14.021s]     Code Roots                       43 us
[2023-12-13T17:37:49.643-0600][14.021s]     CLDG                              1 us
[2023-12-13T17:37:49.643-0600][14.021s] Concurrent Strong Roots             415 us, parallelism: 0.76x
[2023-12-13T17:37:49.643-0600][14.021s]   CSR: <total>                      317 us
[2023-12-13T17:37:49.643-0600][14.021s]   CSR: VM Strong Roots                4 us, workers (us):   2,   1,   1, ---, ---, ---, ---, ---, ---, ---, 
[2023-12-13T17:37:49.643-0600][14.021s]   CSR: CLDG Roots                   312 us, workers (us): ---, ---, 312, ---, ---, ---, ---, ---, ---, ---, 
[2023-12-13T17:37:49.643-0600][14.021s] Concurrent Evacuation             23994 us
[2023-12-13T17:37:49.643-0600][14.021s] Pause Init Update Refs (G)          119 us
[2023-12-13T17:37:49.643-0600][14.021s] Pause Init Update Refs (N)           34 us
[2023-12-13T17:37:49.643-0600][14.021s]   Manage GCLABs                       3 us
[2023-12-13T17:37:49.643-0600][14.021s] Concurrent Update Refs            21768 us
[2023-12-13T17:37:49.643-0600][14.021s] Concurrent Update Thread Roots    14648 us
[2023-12-13T17:37:49.643-0600][14.021s] Pause Final Update Refs (G)         132 us
[2023-12-13T17:37:49.643-0600][14.021s] Pause Final Update Refs (N)          84 us
[2023-12-13T17:37:49.643-0600][14.021s]   Update Region States               19 us
[2023-12-13T17:37:49.643-0600][14.021s]   Trash Collection Set                2 us
[2023-12-13T17:37:49.643-0600][14.021s]   Rebuild Free Set                    8 us
[2023-12-13T17:37:49.643-0600][14.021s] Concurrent Cleanup                   41 us
[2023-12-13T17:37:49.643-0600][14.021s] Metaspace: 36921K(37440K)->39371K(39872K) NonClass: 32533K(32832K)->34654K(34944K) Class: 4388K(4608K)->4717K(4928K)
[2023-12-13T17:37:51.751-0600][16.128s] Trigger: Metadata GC Threshold
[2023-12-13T17:37:51.751-0600][16.128s] Free: 15104M, Max: 8192K regular, 14920M humongous, Frag: 2% external, 0% internal; Reserve: 824M, Max: 8192K
[2023-12-13T17:37:51.751-0600][16.128s] GC(2) Concurrent reset
[2023-12-13T17:37:51.751-0600][16.128s] GC(2) Using 3 of 10 workers for concurrent reset
[2023-12-13T17:37:51.751-0600][16.129s] GC(2) Concurrent reset 0.911ms
[2023-12-13T17:37:51.752-0600][16.129s] GC(2) Pause Init Mark (unload classes)
[2023-12-13T17:37:51.752-0600][16.129s] GC(2) Using 10 of 10 workers for init marking
[2023-12-13T17:37:51.752-0600][16.129s] GC(2) Pause Init Mark (unload classes) 0.047ms
[2023-12-13T17:37:51.752-0600][16.129s] GC(2) Concurrent marking roots
[2023-12-13T17:37:51.752-0600][16.129s] GC(2) Using 3 of 10 workers for concurrent marking roots
[2023-12-13T17:37:51.752-0600][16.130s] GC(2) Concurrent marking roots 0.299ms
[2023-12-13T17:37:51.752-0600][16.130s] GC(2) Concurrent marking (unload classes)
[2023-12-13T17:37:51.752-0600][16.130s] GC(2) Using 3 of 10 workers for concurrent marking
[2023-12-13T17:37:51.802-0600][16.180s] GC(2) Concurrent marking (unload classes) 50.116ms
[2023-12-13T17:37:51.802-0600][16.180s] GC(2) Pause Final Mark (unload classes)
[2023-12-13T17:37:51.802-0600][16.180s] GC(2) Using 10 of 10 workers for final marking
[2023-12-13T17:37:51.802-0600][16.180s] GC(2) Adaptive CSet Selection. Target Free: 3959M, Actual Free: 15888M, Max CSet: 682M, Min Garbage: 0B
[2023-12-13T17:37:51.802-0600][16.180s] GC(2) Collectable Garbage: 285M (98%), Immediate: 0B (0%), CSet: 285M (98%)
[2023-12-13T17:37:51.802-0600][16.180s] GC(2) Pause Final Mark (unload classes) 0.132ms
[2023-12-13T17:37:51.802-0600][16.180s] GC(2) Concurrent thread roots
[2023-12-13T17:37:51.802-0600][16.180s] GC(2) Using 3 of 10 workers for Concurrent thread roots
[2023-12-13T17:37:51.803-0600][16.180s] GC(2) Concurrent thread roots 0.299ms
[2023-12-13T17:37:51.803-0600][16.180s] GC(2) Concurrent weak references
[2023-12-13T17:37:51.803-0600][16.180s] GC(2) Using 3 of 10 workers for concurrent weak references
[2023-12-13T17:37:51.803-0600][16.181s] GC(2) Encountered references: Soft: 7871, Weak: 12640, Final: 48, Phantom: 3932
[2023-12-13T17:37:51.803-0600][16.181s] GC(2) Discovered  references: Soft: 0, Weak: 4818, Final: 44, Phantom: 3748
[2023-12-13T17:37:51.803-0600][16.181s] GC(2) Enqueued    references: Soft: 0, Weak: 975, Final: 22, Phantom: 3438
[2023-12-13T17:37:51.803-0600][16.181s] GC(2) Concurrent weak references 0.734ms
[2023-12-13T17:37:51.803-0600][16.181s] GC(2) Concurrent weak roots
[2023-12-13T17:37:51.803-0600][16.181s] GC(2) Using 3 of 10 workers for concurrent weak root
[2023-12-13T17:37:51.807-0600][16.184s] GC(2) Concurrent weak roots 3.205ms
[2023-12-13T17:37:51.807-0600][16.184s] GC(2) Concurrent cleanup
[2023-12-13T17:37:51.807-0600][16.184s] GC(2) Concurrent cleanup 499M->499M(16384M) 0.018ms
[2023-12-13T17:37:51.807-0600][16.184s] GC(2) Free: 15056M, Max: 8192K regular, 14920M humongous, Frag: 1% external, 0% internal; Reserve: 821M, Max: 8192K
[2023-12-13T17:37:51.807-0600][16.184s] GC(2) Concurrent class unloading
[2023-12-13T17:37:51.807-0600][16.184s] GC(2) Using 3 of 10 workers for concurrent class unloading
[2023-12-13T17:37:51.808-0600][16.186s] GC(2) Concurrent class unloading 1.863ms
[2023-12-13T17:37:51.808-0600][16.186s] GC(2) Concurrent strong roots
[2023-12-13T17:37:51.808-0600][16.186s] GC(2) Using 3 of 10 workers for concurrent strong root
[2023-12-13T17:37:51.809-0600][16.187s] GC(2) Concurrent strong roots 0.874ms
[2023-12-13T17:37:51.809-0600][16.187s] GC(2) Concurrent evacuation
[2023-12-13T17:37:51.809-0600][16.187s] GC(2) Using 3 of 10 workers for concurrent evacuation
[2023-12-13T17:37:51.826-0600][16.204s] GC(2) Concurrent evacuation 16.889ms
[2023-12-13T17:37:51.826-0600][16.204s] GC(2) Pause Init Update Refs
[2023-12-13T17:37:51.826-0600][16.204s] GC(2) Pause Init Update Refs 0.025ms
[2023-12-13T17:37:51.826-0600][16.204s] GC(2) Concurrent update references
[2023-12-13T17:37:51.826-0600][16.204s] GC(2) Using 3 of 10 workers for concurrent reference update
[2023-12-13T17:37:51.851-0600][16.229s] GC(2) Concurrent update references 25.156ms
[2023-12-13T17:37:51.852-0600][16.229s] GC(2) Concurrent update thread roots
[2023-12-13T17:37:51.852-0600][16.230s] GC(2) Concurrent update thread roots 0.291ms
[2023-12-13T17:37:51.852-0600][16.230s] GC(2) Pause Final Update Refs
[2023-12-13T17:37:51.852-0600][16.230s] GC(2) Using 10 of 10 workers for final reference update
[2023-12-13T17:37:51.852-0600][16.230s] GC(2) Pause Final Update Refs 0.056ms
[2023-12-13T17:37:51.852-0600][16.230s] GC(2) Concurrent cleanup
[2023-12-13T17:37:51.852-0600][16.230s] GC(2) Concurrent cleanup 585M->233M(16384M) 0.026ms
[2023-12-13T17:37:51.852-0600][16.230s] Free: 15320M, Max: 8192K regular, 14872M humongous, Frag: 3% external, 0% internal; Reserve: 824M, Max: 8192K
[2023-12-13T17:37:51.852-0600][16.230s] 
[2023-12-13T17:37:51.852-0600][16.230s] All times are wall-clock times, except per-root-class counters, that are sum over
[2023-12-13T17:37:51.852-0600][16.230s] all workers. Dividing the <total> over the root stage time estimates parallelism.
[2023-12-13T17:37:51.852-0600][16.230s] 
[2023-12-13T17:37:51.852-0600][16.230s] Concurrent Reset                    933 us
[2023-12-13T17:37:51.852-0600][16.230s] Pause Init Mark (G)                 122 us
[2023-12-13T17:37:51.852-0600][16.230s] Pause Init Mark (N)                  67 us
[2023-12-13T17:37:51.852-0600][16.230s]   Update Region States               13 us
[2023-12-13T17:37:51.852-0600][16.230s] Concurrent Mark Roots               310 us, parallelism: 1.85x
[2023-12-13T17:37:51.852-0600][16.230s]   CMR: <total>                      575 us
[2023-12-13T17:37:51.852-0600][16.230s]   CMR: Thread Roots                 480 us, workers (us):  94, 224, 161, ---, ---, ---, ---, ---, ---, ---, 
[2023-12-13T17:37:51.852-0600][16.230s]   CMR: VM Strong Roots                8 us, workers (us):   3,   3,   2, ---, ---, ---, ---, ---, ---, ---, 
[2023-12-13T17:37:51.852-0600][16.230s]   CMR: CLDG Roots                    87 us, workers (us):  87, ---, ---, ---, ---, ---, ---, ---, ---, ---, 
[2023-12-13T17:37:51.852-0600][16.230s] Concurrent Marking                50145 us
[2023-12-13T17:37:51.852-0600][16.230s] Pause Final Mark (G)                218 us
[2023-12-13T17:37:51.852-0600][16.230s] Pause Final Mark (N)                142 us
[2023-12-13T17:37:51.852-0600][16.230s]   Finish Mark                        39 us
[2023-12-13T17:37:51.852-0600][16.230s]   Update Region States               14 us
[2023-12-13T17:37:51.852-0600][16.230s]   Choose Collection Set              38 us
[2023-12-13T17:37:51.852-0600][16.230s]   Rebuild Free Set                    7 us
[2023-12-13T17:37:51.852-0600][16.230s] Concurrent Thread Roots             315 us, parallelism: 1.68x
[2023-12-13T17:37:51.852-0600][16.230s]   CTR: <total>                      529 us
[2023-12-13T17:37:51.852-0600][16.230s]   CTR: Thread Roots                 529 us, workers (us): 275, 109, 145, ---, ---, ---, ---, ---, ---, ---, 
[2023-12-13T17:37:51.852-0600][16.230s] Concurrent Weak References          743 us, parallelism: 1.75x
[2023-12-13T17:37:51.852-0600][16.230s]   CWRF: <total>                    1297 us
[2023-12-13T17:37:51.852-0600][16.230s]   CWRF: Weak References            1297 us, workers (us): 673, 624,   0, ---, ---, ---, ---, ---, ---, ---, 
[2023-12-13T17:37:51.852-0600][16.230s] Concurrent Weak Roots              3224 us
[2023-12-13T17:37:51.852-0600][16.230s]   Roots                             799 us, parallelism: 2.86x
[2023-12-13T17:37:51.852-0600][16.230s]     CWR: <total>                   2288 us
[2023-12-13T17:37:51.852-0600][16.230s]     CWR: Code Cache Roots          1018 us, workers (us): 300, 344, 374, ---, ---, ---, ---, ---, ---, ---, 
[2023-12-13T17:37:51.852-0600][16.230s]     CWR: VM Weak Roots             1226 us, workers (us): 410, 412, 405, ---, ---, ---, ---, ---, ---, ---, 
[2023-12-13T17:37:51.852-0600][16.230s]     CWR: CLDG Roots                  43 us, workers (us):  43, ---, ---, ---, ---, ---, ---, ---, ---, ---, 
[2023-12-13T17:37:51.852-0600][16.230s]   Rendezvous                       2388 us
[2023-12-13T17:37:51.852-0600][16.230s] Concurrent Cleanup                   29 us
[2023-12-13T17:37:51.852-0600][16.230s] Concurrent Class Unloading         1882 us
[2023-12-13T17:37:51.852-0600][16.230s]   Unlink Stale                     1764 us
[2023-12-13T17:37:51.852-0600][16.230s]     System Dictionary                35 us
[2023-12-13T17:37:51.852-0600][16.230s]     Weak Class Links                  0 us
[2023-12-13T17:37:51.852-0600][16.230s]     Code Roots                     1728 us
[2023-12-13T17:37:51.852-0600][16.230s]   Rendezvous                         18 us
[2023-12-13T17:37:51.853-0600][16.230s]   Purge Unlinked                     64 us
[2023-12-13T17:37:51.853-0600][16.230s]     Code Roots                       63 us
[2023-12-13T17:37:51.853-0600][16.230s]     CLDG                              1 us
[2023-12-13T17:37:51.853-0600][16.230s]     Exception Caches                  0 us
[2023-12-13T17:37:51.853-0600][16.230s] Concurrent Strong Roots             892 us, parallelism: 0.93x
[2023-12-13T17:37:51.853-0600][16.230s]   CSR: <total>                      834 us
[2023-12-13T17:37:51.853-0600][16.230s]   CSR: VM Strong Roots               11 us, workers (us):   3,   5,   3, ---, ---, ---, ---, ---, ---, ---, 
[2023-12-13T17:37:51.853-0600][16.230s]   CSR: CLDG Roots                   823 us, workers (us): 823, ---, ---, ---, ---, ---, ---, ---, ---, ---, 
[2023-12-13T17:37:51.853-0600][16.230s] Concurrent Evacuation             16921 us
[2023-12-13T17:37:51.853-0600][16.230s] Pause Init Update Refs (G)           79 us
[2023-12-13T17:37:51.853-0600][16.230s] Pause Init Update Refs (N)           37 us
[2023-12-13T17:37:51.853-0600][16.230s]   Manage GCLABs                       4 us
[2023-12-13T17:37:51.853-0600][16.230s] Concurrent Update Refs            25186 us
[2023-12-13T17:37:51.853-0600][16.230s] Concurrent Update Thread Roots      310 us
[2023-12-13T17:37:51.853-0600][16.230s] Pause Final Update Refs (G)         150 us
[2023-12-13T17:37:51.853-0600][16.230s] Pause Final Update Refs (N)          68 us
[2023-12-13T17:37:51.853-0600][16.230s]   Update Region States               17 us
[2023-12-13T17:37:51.853-0600][16.230s]   Trash Collection Set                2 us
[2023-12-13T17:37:51.853-0600][16.230s]   Rebuild Free Set                    7 us
[2023-12-13T17:37:51.853-0600][16.230s] Concurrent Cleanup                   42 us
[2023-12-13T17:37:51.853-0600][16.231s] Metaspace: 65831K(66560K)->66049K(66752K) NonClass: 56440K(56832K)->56614K(57024K) Class: 9390K(9728K)->9434K(9728K)
[2023-12-13T17:38:00.049-0600][24.427s] Trigger: Metadata GC Threshold
[2023-12-13T17:38:00.049-0600][24.427s] Free: 9424M, Max: 8192K regular, 9424M humongous, Frag: 0% external, 0% internal; Reserve: 824M, Max: 8192K
[2023-12-13T17:38:00.049-0600][24.427s] GC(3) Concurrent reset
[2023-12-13T17:38:00.049-0600][24.427s] GC(3) Using 3 of 10 workers for concurrent reset
[2023-12-13T17:38:00.050-0600][24.428s] GC(3) Concurrent reset 0.749ms
[2023-12-13T17:38:00.050-0600][24.428s] GC(3) Pause Init Mark (unload classes)
[2023-12-13T17:38:00.050-0600][24.428s] GC(3) Using 10 of 10 workers for init marking
[2023-12-13T17:38:00.050-0600][24.428s] GC(3) Pause Init Mark (unload classes) 0.131ms
[2023-12-13T17:38:00.056-0600][24.433s] GC(3) Concurrent marking roots
[2023-12-13T17:38:00.056-0600][24.433s] GC(3) Using 3 of 10 workers for concurrent marking roots
[2023-12-13T17:38:00.057-0600][24.435s] GC(3) Concurrent marking roots 1.181ms
[2023-12-13T17:38:00.057-0600][24.435s] GC(3) Concurrent marking (unload classes)
[2023-12-13T17:38:00.057-0600][24.435s] GC(3) Using 3 of 10 workers for concurrent marking
[2023-12-13T17:38:00.184-0600][24.562s] GC(3) Concurrent marking (unload classes) 127.259ms
[2023-12-13T17:38:00.184-0600][24.562s] GC(3) Pause Final Mark (unload classes)
[2023-12-13T17:38:00.184-0600][24.562s] GC(3) Using 10 of 10 workers for final marking
[2023-12-13T17:38:00.184-0600][24.562s] GC(3) Adaptive CSet Selection. Target Free: 3959M, Actual Free: 11840M, Max CSet: 682M, Min Garbage: 0B
[2023-12-13T17:38:00.184-0600][24.562s] GC(3) Collectable Garbage: 5873M (99%), Immediate: 1624M (27%), CSet: 4249M (72%)
[2023-12-13T17:38:00.184-0600][24.562s] GC(3) Pause Final Mark (unload classes) 0.277ms
[2023-12-13T17:38:00.194-0600][24.572s] GC(3) Concurrent thread roots
[2023-12-13T17:38:00.194-0600][24.572s] GC(3) Using 3 of 10 workers for Concurrent thread roots
[2023-12-13T17:38:00.196-0600][24.573s] GC(3) Concurrent thread roots 1.143ms
[2023-12-13T17:38:00.196-0600][24.573s] GC(3) Concurrent weak references
[2023-12-13T17:38:00.196-0600][24.573s] GC(3) Using 3 of 10 workers for concurrent weak references
[2023-12-13T17:38:00.197-0600][24.575s] GC(3) Encountered references: Soft: 10083, Weak: 21396, Final: 72, Phantom: 3279
[2023-12-13T17:38:00.197-0600][24.575s] GC(3) Discovered  references: Soft: 0, Weak: 11410, Final: 9, Phantom: 3141
[2023-12-13T17:38:00.197-0600][24.575s] GC(3) Enqueued    references: Soft: 0, Weak: 1608, Final: 2, Phantom: 2698
[2023-12-13T17:38:00.197-0600][24.575s] GC(3) Concurrent weak references 1.327ms
[2023-12-13T17:38:00.197-0600][24.575s] GC(3) Concurrent weak roots
[2023-12-13T17:38:00.197-0600][24.575s] GC(3) Using 3 of 10 workers for concurrent weak root
[2023-12-13T17:38:00.204-0600][24.581s] GC(3) Concurrent weak roots 6.733ms
[2023-12-13T17:38:00.204-0600][24.581s] GC(3) Concurrent cleanup
[2023-12-13T17:38:00.204-0600][24.582s] GC(3) Concurrent cleanup 6171M->4547M(16384M) 0.044ms
[2023-12-13T17:38:00.204-0600][24.582s] GC(3) Free: 11008M, Max: 8192K regular, 9384M humongous, Frag: 15% external, 0% internal; Reserve: 822M, Max: 8192K
[2023-12-13T17:38:00.204-0600][24.582s] GC(3) Concurrent class unloading
[2023-12-13T17:38:00.204-0600][24.582s] GC(3) Using 3 of 10 workers for concurrent class unloading
[2023-12-13T17:38:00.231-0600][24.609s] GC(3) Concurrent class unloading 27.511ms
[2023-12-13T17:38:00.231-0600][24.609s] GC(3) Concurrent strong roots
[2023-12-13T17:38:00.231-0600][24.609s] GC(3) Using 3 of 10 workers for concurrent strong root
[2023-12-13T17:38:00.233-0600][24.611s] GC(3) Concurrent strong roots 1.382ms
[2023-12-13T17:38:00.233-0600][24.611s] GC(3) Concurrent evacuation
[2023-12-13T17:38:00.233-0600][24.611s] GC(3) Using 3 of 10 workers for concurrent evacuation
[2023-12-13T17:38:00.277-0600][24.655s] GC(3) Concurrent evacuation 44.320ms
[2023-12-13T17:38:00.290-0600][24.668s] GC(3) Pause Init Update Refs
[2023-12-13T17:38:00.290-0600][24.668s] GC(3) Pause Init Update Refs 0.063ms
[2023-12-13T17:38:00.290-0600][24.668s] GC(3) Concurrent update references
[2023-12-13T17:38:00.290-0600][24.668s] GC(3) Using 3 of 10 workers for concurrent reference update
[2023-12-13T17:38:00.365-0600][24.743s] GC(3) Concurrent update references 74.540ms
[2023-12-13T17:38:00.365-0600][24.743s] GC(3) Concurrent update thread roots
[2023-12-13T17:38:00.367-0600][24.745s] GC(3) Concurrent update thread roots 2.584ms
[2023-12-13T17:38:00.367-0600][24.745s] GC(3) Pause Final Update Refs
[2023-12-13T17:38:00.367-0600][24.745s] GC(3) Using 10 of 10 workers for final reference update
[2023-12-13T17:38:00.367-0600][24.745s] GC(3) Pause Final Update Refs 0.068ms
[2023-12-13T17:38:00.367-0600][24.745s] GC(3) Concurrent cleanup
[2023-12-13T17:38:00.367-0600][24.745s] GC(3) Concurrent cleanup 4698M->346M(16384M) 0.035ms
[2023-12-13T17:38:00.367-0600][24.745s] Free: 15208M, Max: 8192K regular, 9288M humongous, Frag: 39% external, 0% internal; Reserve: 824M, Max: 8192K
[2023-12-13T17:38:00.367-0600][24.745s] 
[2023-12-13T17:38:00.367-0600][24.745s] All times are wall-clock times, except per-root-class counters, that are sum over
[2023-12-13T17:38:00.368-0600][24.745s] all workers. Dividing the <total> over the root stage time estimates parallelism.
[2023-12-13T17:38:00.368-0600][24.746s] 
[2023-12-13T17:38:00.368-0600][24.746s] Concurrent Reset                    769 us
[2023-12-13T17:38:00.368-0600][24.746s] Pause Init Mark (G)                5896 us
[2023-12-13T17:38:00.368-0600][24.746s] Pause Init Mark (N)                 145 us
[2023-12-13T17:38:00.368-0600][24.746s]   Update Region States               15 us
[2023-12-13T17:38:00.368-0600][24.746s] Concurrent Mark Roots              1201 us, parallelism: 2.62x
[2023-12-13T17:38:00.368-0600][24.746s]   CMR: <total>                     3148 us
[2023-12-13T17:38:00.368-0600][24.746s]   CMR: Thread Roots                3031 us, workers (us): 1064, 1039, 929, ---, ---, ---, ---, ---, ---, ---, 
[2023-12-13T17:38:00.368-0600][24.746s]   CMR: VM Strong Roots               13 us, workers (us):   4,   5,   3, ---, ---, ---, ---, ---, ---, ---, 
[2023-12-13T17:38:00.368-0600][24.746s]   CMR: CLDG Roots                   104 us, workers (us): ---, ---, 104, ---, ---, ---, ---, ---, ---, ---, 
[2023-12-13T17:38:00.368-0600][24.746s] Concurrent Marking               127290 us
[2023-12-13T17:38:00.368-0600][24.746s] Pause Final Mark (G)              10290 us
[2023-12-13T17:38:00.368-0600][24.746s] Pause Final Mark (N)                287 us
[2023-12-13T17:38:00.368-0600][24.746s]   Finish Mark                        52 us
[2023-12-13T17:38:00.368-0600][24.746s]   Update Region States               15 us
[2023-12-13T17:38:00.368-0600][24.746s]   Choose Collection Set              76 us
[2023-12-13T17:38:00.368-0600][24.746s]   Rebuild Free Set                    7 us
[2023-12-13T17:38:00.368-0600][24.746s] Concurrent Thread Roots            1163 us, parallelism: 2.73x
[2023-12-13T17:38:00.368-0600][24.746s]   CTR: <total>                     3174 us
[2023-12-13T17:38:00.368-0600][24.746s]   CTR: Thread Roots                3174 us, workers (us): 1089, 1000, 1086, ---, ---, ---, ---, ---, ---, ---, 
[2023-12-13T17:38:00.368-0600][24.746s] Concurrent Weak References         1336 us, parallelism: 1.62x
[2023-12-13T17:38:00.368-0600][24.746s]   CWRF: <total>                    2163 us
[2023-12-13T17:38:00.368-0600][24.746s]   CWRF: Weak References            2163 us, workers (us):  16, 903, 1244, ---, ---, ---, ---, ---, ---, ---, 
[2023-12-13T17:38:00.368-0600][24.746s] Concurrent Weak Roots              6761 us
[2023-12-13T17:38:00.368-0600][24.746s]   Roots                            2043 us, parallelism: 2.92x
[2023-12-13T17:38:00.368-0600][24.746s]     CWR: <total>                   5964 us
[2023-12-13T17:38:00.368-0600][24.746s]     CWR: Code Cache Roots          3638 us, workers (us): 1185, 1239, 1214, ---, ---, ---, ---, ---, ---, ---, 
[2023-12-13T17:38:00.368-0600][24.746s]     CWR: VM Weak Roots             2267 us, workers (us): 765, 761, 741, ---, ---, ---, ---, ---, ---, ---, 
[2023-12-13T17:38:00.368-0600][24.746s]     CWR: CLDG Roots                  59 us, workers (us):  59, ---, ---, ---, ---, ---, ---, ---, ---, ---, 
[2023-12-13T17:38:00.368-0600][24.746s]   Rendezvous                       4672 us
[2023-12-13T17:38:00.368-0600][24.746s] Concurrent Cleanup                   65 us
[2023-12-13T17:38:00.368-0600][24.746s] Concurrent Class Unloading        27538 us
[2023-12-13T17:38:00.368-0600][24.746s]   Unlink Stale                    13175 us
[2023-12-13T17:38:00.368-0600][24.746s]     System Dictionary               272 us
[2023-12-13T17:38:00.368-0600][24.746s]     Weak Class Links               8381 us
[2023-12-13T17:38:00.368-0600][24.746s]     Code Roots                     4521 us
[2023-12-13T17:38:00.368-0600][24.746s]   Rendezvous                      14117 us
[2023-12-13T17:38:00.368-0600][24.746s]   Purge Unlinked                    198 us
[2023-12-13T17:38:00.368-0600][24.746s]     Code Roots                      184 us
[2023-12-13T17:38:00.368-0600][24.746s]     CLDG                             13 us
[2023-12-13T17:38:00.368-0600][24.746s]     Exception Caches                  0 us
[2023-12-13T17:38:00.368-0600][24.746s] Concurrent Strong Roots            1411 us, parallelism: 0.93x
[2023-12-13T17:38:00.368-0600][24.746s]   CSR: <total>                     1314 us
[2023-12-13T17:38:00.368-0600][24.746s]   CSR: VM Strong Roots               17 us, workers (us):   3,   4,  10, ---, ---, ---, ---, ---, ---, ---, 
[2023-12-13T17:38:00.368-0600][24.746s]   CSR: CLDG Roots                  1297 us, workers (us): 1297, ---, ---, ---, ---, ---, ---, ---, ---, ---, 
[2023-12-13T17:38:00.368-0600][24.746s] Concurrent Evacuation             44349 us
[2023-12-13T17:38:00.368-0600][24.746s] Pause Init Update Refs (G)        13127 us
[2023-12-13T17:38:00.368-0600][24.746s] Pause Init Update Refs (N)           87 us
[2023-12-13T17:38:00.368-0600][24.746s]   Manage GCLABs                       6 us
[2023-12-13T17:38:00.368-0600][24.746s] Concurrent Update Refs            74578 us
[2023-12-13T17:38:00.368-0600][24.746s] Concurrent Update Thread Roots     2609 us
[2023-12-13T17:38:00.368-0600][24.746s] Pause Final Update Refs (G)         196 us
[2023-12-13T17:38:00.368-0600][24.746s] Pause Final Update Refs (N)          83 us
[2023-12-13T17:38:00.368-0600][24.746s]   Update Region States               18 us
[2023-12-13T17:38:00.368-0600][24.746s]   Trash Collection Set                6 us
[2023-12-13T17:38:00.368-0600][24.746s]   Rebuild Free Set                    9 us
[2023-12-13T17:38:00.368-0600][24.746s] Concurrent Cleanup                   46 us
[2023-12-13T17:38:00.368-0600][24.746s] Metaspace: 110345K(111360K)->113869K(114880K) NonClass: 95053K(95616K)->96637K(97152K) Class: 15291K(15744K)->17232K(17728K)
[2023-12-13T17:38:23.859-0600][48.236s] Trigger: Learning 5 of 5. Free (9010M) is below initial threshold (9011M)
[2023-12-13T17:38:23.859-0600][48.236s] Free: 9010M, Max: 8192K regular, 9008M humongous, Frag: 0% external, 0% internal; Reserve: 824M, Max: 8192K
[2023-12-13T17:38:23.859-0600][48.236s] GC(4) Concurrent reset
[2023-12-13T17:38:23.859-0600][48.236s] GC(4) Using 3 of 10 workers for concurrent reset
[2023-12-13T17:38:23.867-0600][48.244s] GC(4) Concurrent reset 8.167ms
[2023-12-13T17:38:23.867-0600][48.245s] GC(4) Pause Init Mark (unload classes)
[2023-12-13T17:38:23.867-0600][48.245s] GC(4) Using 10 of 10 workers for init marking
[2023-12-13T17:38:23.867-0600][48.245s] GC(4) Pause Init Mark (unload classes) 0.076ms
[2023-12-13T17:38:23.867-0600][48.245s] GC(4) Concurrent marking roots
[2023-12-13T17:38:23.867-0600][48.245s] GC(4) Using 3 of 10 workers for concurrent marking roots
[2023-12-13T17:38:23.870-0600][48.247s] GC(4) Concurrent marking roots 2.147ms
[2023-12-13T17:38:23.870-0600][48.247s] GC(4) Concurrent marking (unload classes)
[2023-12-13T17:38:23.870-0600][48.247s] GC(4) Using 3 of 10 workers for concurrent marking
[2023-12-13T17:38:24.079-0600][48.457s] GC(4) Concurrent marking (unload classes) 209.294ms
[2023-12-13T17:38:24.079-0600][48.457s] GC(4) Pause Final Mark (unload classes)
[2023-12-13T17:38:24.079-0600][48.457s] GC(4) Using 10 of 10 workers for final marking
[2023-12-13T17:38:24.079-0600][48.457s] GC(4) Adaptive CSet Selection. Target Free: 3959M, Actual Free: 9840M, Max CSet: 682M, Min Garbage: 0B
[2023-12-13T17:38:24.079-0600][48.457s] GC(4) Collectable Garbage: 6020M (99%), Immediate: 57344K (0%), CSet: 5964M (98%)
[2023-12-13T17:38:24.079-0600][48.457s] GC(4) Pause Final Mark (unload classes) 0.208ms
[2023-12-13T17:38:24.079-0600][48.457s] GC(4) Concurrent thread roots
[2023-12-13T17:38:24.079-0600][48.457s] GC(4) Using 3 of 10 workers for Concurrent thread roots
[2023-12-13T17:38:24.081-0600][48.459s] GC(4) Concurrent thread roots 1.512ms
[2023-12-13T17:38:24.081-0600][48.459s] GC(4) Concurrent weak references
[2023-12-13T17:38:24.081-0600][48.459s] GC(4) Using 3 of 10 workers for concurrent weak references
[2023-12-13T17:38:24.082-0600][48.460s] GC(4) Encountered references: Soft: 11847, Weak: 24337, Final: 82, Phantom: 2626
[2023-12-13T17:38:24.082-0600][48.460s] GC(4) Discovered  references: Soft: 0, Weak: 15543, Final: 48, Phantom: 2453
[2023-12-13T17:38:24.082-0600][48.460s] GC(4) Enqueued    references: Soft: 0, Weak: 1033, Final: 9, Phantom: 1945
[2023-12-13T17:38:24.082-0600][48.460s] GC(4) Concurrent weak references 1.320ms
[2023-12-13T17:38:24.082-0600][48.460s] GC(4) Concurrent weak roots
[2023-12-13T17:38:24.082-0600][48.460s] GC(4) Using 3 of 10 workers for concurrent weak root
[2023-12-13T17:38:24.087-0600][48.464s] GC(4) Concurrent weak roots 4.434ms
[2023-12-13T17:38:24.087-0600][48.464s] GC(4) Concurrent cleanup
[2023-12-13T17:38:24.087-0600][48.464s] GC(4) Concurrent cleanup 6616M->6560M(16384M) 0.022ms
[2023-12-13T17:38:24.087-0600][48.464s] GC(4) Free: 8995M, Max: 8192K regular, 8936M humongous, Frag: 1% external, 0% internal; Reserve: 822M, Max: 8192K
[2023-12-13T17:38:24.087-0600][48.464s] GC(4) Concurrent class unloading
[2023-12-13T17:38:24.087-0600][48.464s] GC(4) Using 3 of 10 workers for concurrent class unloading
[2023-12-13T17:38:24.107-0600][48.485s] GC(4) Concurrent class unloading 20.840ms
[2023-12-13T17:38:24.107-0600][48.485s] GC(4) Concurrent strong roots
[2023-12-13T17:38:24.107-0600][48.485s] GC(4) Using 3 of 10 workers for concurrent strong root
[2023-12-13T17:38:24.109-0600][48.486s] GC(4) Concurrent strong roots 1.071ms
[2023-12-13T17:38:24.109-0600][48.486s] GC(4) Concurrent evacuation
[2023-12-13T17:38:24.109-0600][48.486s] GC(4) Using 3 of 10 workers for concurrent evacuation
[2023-12-13T17:38:24.198-0600][48.576s] GC(4) Concurrent evacuation 89.595ms
[2023-12-13T17:38:24.198-0600][48.576s] GC(4) Pause Init Update Refs
[2023-12-13T17:38:24.198-0600][48.576s] GC(4) Pause Init Update Refs 0.030ms
[2023-12-13T17:38:24.198-0600][48.576s] GC(4) Concurrent update references
[2023-12-13T17:38:24.198-0600][48.576s] GC(4) Using 3 of 10 workers for concurrent reference update
[2023-12-13T17:38:24.284-0600][48.662s] GC(4) Concurrent update references 86.164ms
[2023-12-13T17:38:24.284-0600][48.662s] GC(4) Concurrent update thread roots
[2023-12-13T17:38:24.288-0600][48.666s] GC(4) Concurrent update thread roots 3.590ms
[2023-12-13T17:38:24.288-0600][48.666s] GC(4) Pause Final Update Refs
[2023-12-13T17:38:24.288-0600][48.666s] GC(4) Using 10 of 10 workers for final reference update
[2023-12-13T17:38:24.288-0600][48.666s] GC(4) Pause Final Update Refs 0.065ms
[2023-12-13T17:38:24.289-0600][48.667s] GC(4) Concurrent cleanup
[2023-12-13T17:38:24.289-0600][48.667s] GC(4) Concurrent cleanup 6901M->669M(16384M) 0.051ms
[2023-12-13T17:38:24.289-0600][48.667s] Free: 14884M, Max: 8192K regular, 8664M humongous, Frag: 42% external, 0% internal; Reserve: 824M, Max: 8192K
[2023-12-13T17:38:24.289-0600][48.667s] 
[2023-12-13T17:38:24.289-0600][48.667s] All times are wall-clock times, except per-root-class counters, that are sum over
[2023-12-13T17:38:24.289-0600][48.667s] all workers. Dividing the <total> over the root stage time estimates parallelism.
[2023-12-13T17:38:24.289-0600][48.667s] 
[2023-12-13T17:38:24.289-0600][48.667s] Concurrent Reset                   8227 us
[2023-12-13T17:38:24.289-0600][48.667s] Pause Init Mark (G)                 616 us
[2023-12-13T17:38:24.289-0600][48.667s] Pause Init Mark (N)                  98 us
[2023-12-13T17:38:24.289-0600][48.667s]   Update Region States               21 us
[2023-12-13T17:38:24.289-0600][48.667s] Concurrent Mark Roots              2168 us, parallelism: 2.68x
[2023-12-13T17:38:24.289-0600][48.667s]   CMR: <total>                     5821 us
[2023-12-13T17:38:24.289-0600][48.667s]   CMR: Thread Roots                5703 us, workers (us): 1996, 1771, 1936, ---, ---, ---, ---, ---, ---, ---, 
[2023-12-13T17:38:24.289-0600][48.667s]   CMR: VM Strong Roots               14 us, workers (us):   7,   6,   0, ---, ---, ---, ---, ---, ---, ---, 
[2023-12-13T17:38:24.289-0600][48.667s]   CMR: CLDG Roots                   104 us, workers (us): ---, 104, ---, ---, ---, ---, ---, ---, ---, ---, 
[2023-12-13T17:38:24.289-0600][48.667s] Concurrent Marking               209331 us
[2023-12-13T17:38:24.289-0600][48.667s] Pause Final Mark (G)                486 us
[2023-12-13T17:38:24.289-0600][48.667s] Pause Final Mark (N)                218 us
[2023-12-13T17:38:24.289-0600][48.667s]   Finish Mark                        51 us
[2023-12-13T17:38:24.289-0600][48.667s]   Update Region States               18 us
[2023-12-13T17:38:24.289-0600][48.667s]   Choose Collection Set              95 us
[2023-12-13T17:38:24.289-0600][48.667s]   Rebuild Free Set                    6 us
[2023-12-13T17:38:24.289-0600][48.667s] Concurrent Thread Roots            1537 us, parallelism: 2.75x
[2023-12-13T17:38:24.289-0600][48.667s]   CTR: <total>                     4223 us
[2023-12-13T17:38:24.289-0600][48.667s]   CTR: Thread Roots                4223 us, workers (us): 1386, 1474, 1362, ---, ---, ---, ---, ---, ---, ---, 
[2023-12-13T17:38:24.289-0600][48.667s] Concurrent Weak References         1330 us, parallelism: 1.28x
[2023-12-13T17:38:24.289-0600][48.667s]   CWRF: <total>                    1706 us
[2023-12-13T17:38:24.289-0600][48.667s]   CWRF: Weak References            1706 us, workers (us): 1248, 453,   5, ---, ---, ---, ---, ---, ---, ---, 
[2023-12-13T17:38:24.289-0600][48.667s] Concurrent Weak Roots              4466 us
[2023-12-13T17:38:24.289-0600][48.667s]   Roots                            2169 us, parallelism: 2.92x
[2023-12-13T17:38:24.289-0600][48.667s]     CWR: <total>                   6326 us
[2023-12-13T17:38:24.289-0600][48.667s]     CWR: Code Cache Roots          4580 us, workers (us): 1573, 1553, 1453, ---, ---, ---, ---, ---, ---, ---, 
[2023-12-13T17:38:24.289-0600][48.667s]     CWR: VM Weak Roots             1647 us, workers (us): 576, 538, 533, ---, ---, ---, ---, ---, ---, ---, 
[2023-12-13T17:38:24.289-0600][48.667s]     CWR: CLDG Roots                  99 us, workers (us): ---, ---,  99, ---, ---, ---, ---, ---, ---, ---, 
[2023-12-13T17:38:24.289-0600][48.667s]   Rendezvous                       2247 us
[2023-12-13T17:38:24.289-0600][48.667s] Concurrent Cleanup                   32 us
[2023-12-13T17:38:24.289-0600][48.667s] Concurrent Class Unloading        20885 us
[2023-12-13T17:38:24.289-0600][48.667s]   Unlink Stale                    20337 us
[2023-12-13T17:38:24.289-0600][48.667s]     System Dictionary               250 us
[2023-12-13T17:38:24.289-0600][48.667s]     Weak Class Links              12172 us
[2023-12-13T17:38:24.289-0600][48.667s]     Code Roots                     7914 us
[2023-12-13T17:38:24.289-0600][48.667s]   Rendezvous                        171 us
[2023-12-13T17:38:24.289-0600][48.667s]   Purge Unlinked                    308 us
[2023-12-13T17:38:24.289-0600][48.667s]     Code Roots                      296 us
[2023-12-13T17:38:24.289-0600][48.667s]     CLDG                             12 us
[2023-12-13T17:38:24.289-0600][48.667s]     Exception Caches                  0 us
[2023-12-13T17:38:24.289-0600][48.667s] Concurrent Strong Roots            1093 us, parallelism: 0.88x
[2023-12-13T17:38:24.289-0600][48.667s]   CSR: <total>                      966 us
[2023-12-13T17:38:24.289-0600][48.667s]   CSR: VM Strong Roots               13 us, workers (us):   4,   4,   5, ---, ---, ---, ---, ---, ---, ---, 
[2023-12-13T17:38:24.289-0600][48.667s]   CSR: CLDG Roots                   953 us, workers (us): 953, ---, ---, ---, ---, ---, ---, ---, ---, ---, 
[2023-12-13T17:38:24.289-0600][48.667s] Concurrent Evacuation             89631 us
[2023-12-13T17:38:24.289-0600][48.667s] Pause Init Update Refs (G)          145 us
[2023-12-13T17:38:24.289-0600][48.667s] Pause Init Update Refs (N)           42 us
[2023-12-13T17:38:24.289-0600][48.667s]   Manage GCLABs                       7 us
[2023-12-13T17:38:24.289-0600][48.667s] Concurrent Update Refs            86201 us
[2023-12-13T17:38:24.289-0600][48.667s] Concurrent Update Thread Roots     3616 us
[2023-12-13T17:38:24.289-0600][48.667s] Pause Final Update Refs (G)         745 us
[2023-12-13T17:38:24.289-0600][48.667s] Pause Final Update Refs (N)          79 us
[2023-12-13T17:38:24.289-0600][48.667s]   Update Region States               18 us
[2023-12-13T17:38:24.289-0600][48.667s]   Trash Collection Set                4 us
[2023-12-13T17:38:24.289-0600][48.667s]   Rebuild Free Set                    7 us
[2023-12-13T17:38:24.289-0600][48.667s] Concurrent Cleanup                   72 us
[2023-12-13T17:38:24.289-0600][48.667s] Metaspace: 145052K(146560K)->145082K(146560K) NonClass: 123933K(124736K)->123963K(124736K) Class: 21119K(21824K)->21118K(21824K)
[2023-12-13T17:41:46.073-0600][250.451s] Trigger: Free (3276M) is below minimum threshold (3276M)
[2023-12-13T17:41:46.073-0600][250.451s] Free: 3276M, Max: 8192K regular, 3272M humongous, Frag: 0% external, 0% internal; Reserve: 824M, Max: 8192K
[2023-12-13T17:41:46.073-0600][250.451s] GC(5) Concurrent reset
[2023-12-13T17:41:46.073-0600][250.451s] GC(5) Using 3 of 10 workers for concurrent reset
[2023-12-13T17:41:46.084-0600][250.461s] GC(5) Concurrent reset 10.573ms
[2023-12-13T17:41:46.084-0600][250.461s] GC(5) Pause Init Mark (unload classes)
[2023-12-13T17:41:46.084-0600][250.461s] GC(5) Using 10 of 10 workers for init marking
[2023-12-13T17:41:46.084-0600][250.461s] GC(5) Pause Init Mark (unload classes) 0.061ms
[2023-12-13T17:41:46.084-0600][250.461s] GC(5) Concurrent marking roots
[2023-12-13T17:41:46.084-0600][250.461s] GC(5) Using 3 of 10 workers for concurrent marking roots
[2023-12-13T17:41:46.085-0600][250.463s] GC(5) Concurrent marking roots 1.638ms
[2023-12-13T17:41:46.085-0600][250.463s] GC(5) Concurrent marking (unload classes)
[2023-12-13T17:41:46.085-0600][250.463s] GC(5) Using 3 of 10 workers for concurrent marking
[2023-12-13T17:41:46.254-0600][250.631s] GC(5) Concurrent marking (unload classes) 168.411ms
[2023-12-13T17:41:46.254-0600][250.631s] GC(5) Pause Final Mark (unload classes)
[2023-12-13T17:41:46.254-0600][250.632s] GC(5) Using 10 of 10 workers for final marking
[2023-12-13T17:41:46.254-0600][250.632s] GC(5) Adaptive CSet Selection. Target Free: 3959M, Actual Free: 6352M, Max CSet: 682M, Min Garbage: 0B
[2023-12-13T17:41:46.254-0600][250.632s] GC(5) Collectable Garbage: 11662M (99%), Immediate: 2288M (19%), CSet: 9374M (80%)
[2023-12-13T17:41:46.254-0600][250.632s] GC(5) Pause Final Mark (unload classes) 0.239ms
[2023-12-13T17:41:46.254-0600][250.632s] GC(5) Concurrent thread roots
[2023-12-13T17:41:46.254-0600][250.632s] GC(5) Using 3 of 10 workers for Concurrent thread roots
[2023-12-13T17:41:46.255-0600][250.633s] GC(5) Concurrent thread roots 1.419ms
[2023-12-13T17:41:46.255-0600][250.633s] GC(5) Concurrent weak references
[2023-12-13T17:41:46.255-0600][250.633s] GC(5) Using 3 of 10 workers for concurrent weak references
[2023-12-13T17:41:46.256-0600][250.634s] GC(5) Encountered references: Soft: 12681, Weak: 52699, Final: 192, Phantom: 2149
[2023-12-13T17:41:46.256-0600][250.634s] GC(5) Discovered  references: Soft: 0, Weak: 7558, Final: 115, Phantom: 1987
[2023-12-13T17:41:46.256-0600][250.634s] GC(5) Enqueued    references: Soft: 0, Weak: 650, Final: 115, Phantom: 1392
[2023-12-13T17:41:46.256-0600][250.634s] GC(5) Concurrent weak references 0.456ms
[2023-12-13T17:41:46.256-0600][250.634s] GC(5) Concurrent weak roots
[2023-12-13T17:41:46.256-0600][250.634s] GC(5) Using 3 of 10 workers for concurrent weak root
[2023-12-13T17:41:46.259-0600][250.636s] GC(5) Concurrent weak roots 2.600ms
[2023-12-13T17:41:46.259-0600][250.636s] GC(5) Concurrent cleanup
[2023-12-13T17:41:46.259-0600][250.636s] GC(5) Concurrent cleanup 12303M->10015M(16384M) 0.029ms
[2023-12-13T17:41:46.259-0600][250.636s] GC(5) Free: 5535M, Max: 8192K regular, 3248M humongous, Frag: 42% external, 0% internal; Reserve: 823M, Max: 8192K
[2023-12-13T17:41:46.259-0600][250.636s] GC(5) Concurrent class unloading
[2023-12-13T17:41:46.259-0600][250.636s] GC(5) Using 3 of 10 workers for concurrent class unloading
[2023-12-13T17:41:46.269-0600][250.646s] GC(5) Concurrent class unloading 10.032ms
[2023-12-13T17:41:46.269-0600][250.646s] GC(5) Concurrent strong roots
[2023-12-13T17:41:46.269-0600][250.646s] GC(5) Using 3 of 10 workers for concurrent strong root
[2023-12-13T17:41:46.269-0600][250.647s] GC(5) Concurrent strong roots 0.721ms
[2023-12-13T17:41:46.269-0600][250.647s] GC(5) Concurrent evacuation
[2023-12-13T17:41:46.269-0600][250.647s] GC(5) Using 3 of 10 workers for concurrent evacuation
[2023-12-13T17:41:46.337-0600][250.715s] GC(5) Concurrent evacuation 67.883ms
[2023-12-13T17:41:46.337-0600][250.715s] GC(5) Pause Init Update Refs
[2023-12-13T17:41:46.337-0600][250.715s] GC(5) Pause Init Update Refs 0.029ms
[2023-12-13T17:41:46.337-0600][250.715s] GC(5) Concurrent update references
[2023-12-13T17:41:46.337-0600][250.715s] GC(5) Using 3 of 10 workers for concurrent reference update
[2023-12-13T17:41:46.411-0600][250.789s] GC(5) Concurrent update references 73.348ms
[2023-12-13T17:41:46.411-0600][250.789s] GC(5) Concurrent update thread roots
[2023-12-13T17:41:46.414-0600][250.792s] GC(5) Concurrent update thread roots 3.510ms
[2023-12-13T17:41:46.414-0600][250.792s] GC(5) Pause Final Update Refs
[2023-12-13T17:41:46.414-0600][250.792s] GC(5) Using 10 of 10 workers for final reference update
[2023-12-13T17:41:46.414-0600][250.792s] GC(5) Pause Final Update Refs 0.071ms
[2023-12-13T17:41:46.414-0600][250.792s] GC(5) Concurrent cleanup
[2023-12-13T17:41:46.414-0600][250.792s] GC(5) Concurrent cleanup 10271M->666M(16384M) 0.069ms
[2023-12-13T17:41:46.414-0600][250.792s] Free: 14887M, Max: 8192K regular, 11232M humongous, Frag: 25% external, 0% internal; Reserve: 824M, Max: 8192K
[2023-12-13T17:41:46.414-0600][250.792s] 
[2023-12-13T17:41:46.414-0600][250.792s] All times are wall-clock times, except per-root-class counters, that are sum over
[2023-12-13T17:41:46.414-0600][250.792s] all workers. Dividing the <total> over the root stage time estimates parallelism.
[2023-12-13T17:41:46.414-0600][250.792s] 
[2023-12-13T17:41:46.414-0600][250.792s] Concurrent Reset                  10602 us
[2023-12-13T17:41:46.414-0600][250.792s] Pause Init Mark (G)                 111 us
[2023-12-13T17:41:46.414-0600][250.792s] Pause Init Mark (N)                  73 us
[2023-12-13T17:41:46.415-0600][250.792s]   Update Region States               14 us
[2023-12-13T17:41:46.415-0600][250.792s] Concurrent Mark Roots              1658 us, parallelism: 2.65x
[2023-12-13T17:41:46.415-0600][250.792s]   CMR: <total>                     4400 us
[2023-12-13T17:41:46.415-0600][250.792s]   CMR: Thread Roots                4255 us, workers (us): 1487, 1455, 1313, ---, ---, ---, ---, ---, ---, ---, 
[2023-12-13T17:41:46.415-0600][250.792s]   CMR: VM Strong Roots               19 us, workers (us):   6,   7,   6, ---, ---, ---, ---, ---, ---, ---, 
[2023-12-13T17:41:46.415-0600][250.792s]   CMR: CLDG Roots                   126 us, workers (us): ---, ---, 126, ---, ---, ---, ---, ---, ---, ---, 
[2023-12-13T17:41:46.415-0600][250.792s] Concurrent Marking               168441 us
[2023-12-13T17:41:46.415-0600][250.792s] Pause Final Mark (G)                289 us
[2023-12-13T17:41:46.415-0600][250.792s] Pause Final Mark (N)                251 us
[2023-12-13T17:41:46.415-0600][250.792s]   Finish Mark                        42 us
[2023-12-13T17:41:46.415-0600][250.792s]   Update Region States               12 us
[2023-12-13T17:41:46.415-0600][250.792s]   Choose Collection Set             139 us
[2023-12-13T17:41:46.415-0600][250.792s]   Rebuild Free Set                    8 us
[2023-12-13T17:41:46.415-0600][250.793s] Concurrent Thread Roots            1439 us, parallelism: 2.79x
[2023-12-13T17:41:46.415-0600][250.793s]   CTR: <total>                     4021 us
[2023-12-13T17:41:46.415-0600][250.793s]   CTR: Thread Roots                4021 us, workers (us): 1380, 1316, 1326, ---, ---, ---, ---, ---, ---, ---, 
[2023-12-13T17:41:46.415-0600][250.793s] Concurrent Weak References          464 us, parallelism: 1.89x
[2023-12-13T17:41:46.415-0600][250.793s]   CWRF: <total>                     876 us
[2023-12-13T17:41:46.415-0600][250.793s]   CWRF: Weak References             876 us, workers (us): 390, 265, 220, ---, ---, ---, ---, ---, ---, ---, 
[2023-12-13T17:41:46.415-0600][250.793s] Concurrent Weak Roots              2623 us
[2023-12-13T17:41:46.415-0600][250.793s]   Roots                            2534 us, parallelism: 2.97x
[2023-12-13T17:41:46.415-0600][250.793s]     CWR: <total>                   7518 us
[2023-12-13T17:41:46.415-0600][250.793s]     CWR: Code Cache Roots          6449 us, workers (us): 2048, 2199, 2202, ---, ---, ---, ---, ---, ---, ---, 
[2023-12-13T17:41:46.415-0600][250.793s]     CWR: VM Weak Roots              961 us, workers (us): 321, 321, 319, ---, ---, ---, ---, ---, ---, ---, 
[2023-12-13T17:41:46.415-0600][250.793s]     CWR: CLDG Roots                 108 us, workers (us): 108, ---, ---, ---, ---, ---, ---, ---, ---, ---, 
[2023-12-13T17:41:46.415-0600][250.793s]   Rendezvous                         49 us
[2023-12-13T17:41:46.415-0600][250.793s] Concurrent Cleanup                   40 us
[2023-12-13T17:41:46.415-0600][250.793s] Concurrent Class Unloading        10067 us
[2023-12-13T17:41:46.415-0600][250.793s]   Unlink Stale                     9636 us
[2023-12-13T17:41:46.415-0600][250.793s]     System Dictionary                95 us
[2023-12-13T17:41:46.415-0600][250.793s]     Weak Class Links                  0 us
[2023-12-13T17:41:46.415-0600][250.793s]     Code Roots                     9540 us
[2023-12-13T17:41:46.415-0600][250.793s]   Rendezvous                         55 us
[2023-12-13T17:41:46.415-0600][250.793s]   Purge Unlinked                    324 us
[2023-12-13T17:41:46.415-0600][250.793s]     Code Roots                      322 us
[2023-12-13T17:41:46.415-0600][250.793s]     CLDG                              1 us
[2023-12-13T17:41:46.415-0600][250.793s]     Exception Caches                  0 us
[2023-12-13T17:41:46.415-0600][250.793s] Concurrent Strong Roots             746 us, parallelism: 0.82x
[2023-12-13T17:41:46.415-0600][250.793s]   CSR: <total>                      610 us
[2023-12-13T17:41:46.415-0600][250.793s]   CSR: VM Strong Roots               10 us, workers (us):   4,   3,   3, ---, ---, ---, ---, ---, ---, ---, 
[2023-12-13T17:41:46.415-0600][250.793s]   CSR: CLDG Roots                   601 us, workers (us): ---, 601, ---, ---, ---, ---, ---, ---, ---, ---, 
[2023-12-13T17:41:46.415-0600][250.793s] Concurrent Evacuation             67916 us
[2023-12-13T17:41:46.415-0600][250.793s] Pause Init Update Refs (G)           81 us
[2023-12-13T17:41:46.415-0600][250.793s] Pause Init Update Refs (N)           40 us
[2023-12-13T17:41:46.415-0600][250.793s]   Manage GCLABs                       6 us
[2023-12-13T17:41:46.415-0600][250.793s] Concurrent Update Refs            73384 us
[2023-12-13T17:41:46.415-0600][250.793s] Concurrent Update Thread Roots     3538 us
[2023-12-13T17:41:46.415-0600][250.793s] Pause Final Update Refs (G)         114 us
[2023-12-13T17:41:46.415-0600][250.793s] Pause Final Update Refs (N)          83 us
[2023-12-13T17:41:46.415-0600][250.793s]   Update Region States               16 us
[2023-12-13T17:41:46.415-0600][250.793s]   Trash Collection Set                8 us
[2023-12-13T17:41:46.415-0600][250.793s]   Rebuild Free Set                    8 us
[2023-12-13T17:41:46.415-0600][250.793s] Concurrent Cleanup                   82 us
[2023-12-13T17:41:46.415-0600][250.793s] Metaspace: 156053K(157696K)->156055K(157696K) NonClass: 133673K(134528K)->133676K(134528K) Class: 22379K(23168K)->22379K(23168K)
[2023-12-13T17:42:00.276-0600][264.653s] Trigger: Free (3271M) is below minimum threshold (3276M)
[2023-12-13T17:42:00.276-0600][264.653s] Free: 3271M, Max: 8192K regular, 3160M humongous, Frag: 4% external, 0% internal; Reserve: 824M, Max: 8192K
[2023-12-13T17:42:00.276-0600][264.653s] GC(6) Concurrent reset
[2023-12-13T17:42:00.276-0600][264.653s] GC(6) Using 3 of 10 workers for concurrent reset
[2023-12-13T17:42:00.295-0600][264.672s] GC(6) Concurrent reset 19.066ms
[2023-12-13T17:42:00.295-0600][264.673s] GC(6) Pause Init Mark (unload classes)
[2023-12-13T17:42:00.295-0600][264.673s] GC(6) Using 10 of 10 workers for init marking
[2023-12-13T17:42:00.295-0600][264.673s] GC(6) Pause Init Mark (unload classes) 0.067ms
[2023-12-13T17:42:00.295-0600][264.673s] GC(6) Concurrent marking roots
[2023-12-13T17:42:00.295-0600][264.673s] GC(6) Using 3 of 10 workers for concurrent marking roots
[2023-12-13T17:42:00.297-0600][264.675s] GC(6) Concurrent marking roots 1.655ms
[2023-12-13T17:42:00.297-0600][264.675s] GC(6) Concurrent marking (unload classes)
[2023-12-13T17:42:00.297-0600][264.675s] GC(6) Using 3 of 10 workers for concurrent marking
[2023-12-13T17:42:00.500-0600][264.878s] GC(6) Concurrent marking (unload classes) 203.329ms
[2023-12-13T17:42:00.500-0600][264.878s] GC(6) Pause Final Mark (unload classes)
[2023-12-13T17:42:00.500-0600][264.878s] GC(6) Using 10 of 10 workers for final marking
[2023-12-13T17:42:00.500-0600][264.878s] GC(6) Adaptive CSet Selection. Target Free: 3959M, Actual Free: 6128M, Max CSet: 682M, Min Garbage: 0B
[2023-12-13T17:42:00.501-0600][264.879s] GC(6) Collectable Garbage: 11608M (99%), Immediate: 2208M (18%), CSet: 9400M (80%)
[2023-12-13T17:42:00.501-0600][264.879s] GC(6) Pause Final Mark (unload classes) 0.236ms
[2023-12-13T17:42:00.501-0600][264.879s] GC(6) Concurrent thread roots
[2023-12-13T17:42:00.501-0600][264.879s] GC(6) Using 3 of 10 workers for Concurrent thread roots
[2023-12-13T17:42:00.502-0600][264.880s] GC(6) Concurrent thread roots 1.483ms
[2023-12-13T17:42:00.502-0600][264.880s] GC(6) Concurrent weak references
[2023-12-13T17:42:00.502-0600][264.880s] GC(6) Using 3 of 10 workers for concurrent weak references
[2023-12-13T17:42:00.503-0600][264.881s] GC(6) Encountered references: Soft: 12711, Weak: 54216, Final: 77, Phantom: 964
[2023-12-13T17:42:00.503-0600][264.881s] GC(6) Discovered  references: Soft: 0, Weak: 9084, Final: 0, Phantom: 796
[2023-12-13T17:42:00.503-0600][264.881s] GC(6) Enqueued    references: Soft: 0, Weak: 161, Final: 0, Phantom: 190
[2023-12-13T17:42:00.503-0600][264.881s] GC(6) Concurrent weak references 0.607ms
[2023-12-13T17:42:00.503-0600][264.881s] GC(6) Concurrent weak roots
[2023-12-13T17:42:00.503-0600][264.881s] GC(6) Using 3 of 10 workers for concurrent weak root
[2023-12-13T17:42:00.505-0600][264.883s] GC(6) Concurrent weak roots 2.437ms
[2023-12-13T17:42:00.505-0600][264.883s] GC(6) Concurrent cleanup
[2023-12-13T17:42:00.505-0600][264.883s] GC(6) Concurrent cleanup 12465M->10257M(16384M) 0.024ms
[2023-12-13T17:42:00.505-0600][264.883s] GC(6) Free: 5296M, Max: 8192K regular, 3080M humongous, Frag: 42% external, 0% internal; Reserve: 823M, Max: 8192K
[2023-12-13T17:42:00.505-0600][264.883s] GC(6) Concurrent class unloading
[2023-12-13T17:42:00.505-0600][264.883s] GC(6) Using 3 of 10 workers for concurrent class unloading
[2023-12-13T17:42:00.516-0600][264.894s] GC(6) Concurrent class unloading 10.452ms
[2023-12-13T17:42:00.516-0600][264.894s] GC(6) Concurrent strong roots
[2023-12-13T17:42:00.516-0600][264.894s] GC(6) Using 3 of 10 workers for concurrent strong root
[2023-12-13T17:42:00.516-0600][264.894s] GC(6) Concurrent strong roots 0.381ms
[2023-12-13T17:42:00.516-0600][264.894s] GC(6) Concurrent evacuation
[2023-12-13T17:42:00.516-0600][264.894s] GC(6) Using 3 of 10 workers for concurrent evacuation
[2023-12-13T17:42:00.555-0600][264.933s] GC(6) Concurrent evacuation 38.874ms
[2023-12-13T17:42:00.575-0600][264.953s] GC(6) Pause Init Update Refs
[2023-12-13T17:42:00.575-0600][264.953s] GC(6) Pause Init Update Refs 0.043ms
[2023-12-13T17:42:00.577-0600][264.955s] GC(6) Concurrent update references
[2023-12-13T17:42:00.577-0600][264.955s] GC(6) Using 3 of 10 workers for concurrent reference update
[2023-12-13T17:42:00.671-0600][265.048s] GC(6) Concurrent update references 92.911ms
[2023-12-13T17:42:00.671-0600][265.048s] GC(6) Concurrent update thread roots
[2023-12-13T17:42:00.723-0600][265.100s] GC(6) Concurrent update thread roots 51.841ms
[2023-12-13T17:42:00.731-0600][265.109s] GC(6) Pause Final Update Refs
[2023-12-13T17:42:00.731-0600][265.109s] GC(6) Using 10 of 10 workers for final reference update
[2023-12-13T17:42:00.731-0600][265.109s] GC(6) Pause Final Update Refs 0.090ms
[2023-12-13T17:42:00.752-0600][265.129s] GC(6) Concurrent cleanup
[2023-12-13T17:42:00.752-0600][265.130s] GC(6) Concurrent cleanup 10497M->953M(16384M) 0.079ms
[2023-12-13T17:42:00.752-0600][265.130s] Free: 14600M, Max: 8192K regular, 11144M humongous, Frag: 24% external, 0% internal; Reserve: 824M, Max: 8192K
[2023-12-13T17:42:00.752-0600][265.130s] 
[2023-12-13T17:42:00.752-0600][265.130s] All times are wall-clock times, except per-root-class counters, that are sum over
[2023-12-13T17:42:00.752-0600][265.130s] all workers. Dividing the <total> over the root stage time estimates parallelism.
[2023-12-13T17:42:00.752-0600][265.130s] 
[2023-12-13T17:42:00.752-0600][265.130s] Concurrent Reset                  19134 us
[2023-12-13T17:42:00.752-0600][265.130s] Pause Init Mark (G)                 752 us
[2023-12-13T17:42:00.752-0600][265.130s] Pause Init Mark (N)                  88 us
[2023-12-13T17:42:00.752-0600][265.130s]   Update Region States               20 us
[2023-12-13T17:42:00.752-0600][265.130s] Concurrent Mark Roots              1679 us, parallelism: 2.56x
[2023-12-13T17:42:00.752-0600][265.130s]   CMR: <total>                     4304 us
[2023-12-13T17:42:00.752-0600][265.130s]   CMR: Thread Roots                4170 us, workers (us): 1310, 1424, 1437, ---, ---, ---, ---, ---, ---, ---, 
[2023-12-13T17:42:00.752-0600][265.130s]   CMR: VM Strong Roots               16 us, workers (us):   5,   6,   5, ---, ---, ---, ---, ---, ---, ---, 
[2023-12-13T17:42:00.752-0600][265.130s]   CMR: CLDG Roots                   118 us, workers (us): 118, ---, ---, ---, ---, ---, ---, ---, ---, ---, 
[2023-12-13T17:42:00.752-0600][265.130s] Concurrent Marking               203362 us
[2023-12-13T17:42:00.752-0600][265.130s] Pause Final Mark (G)                282 us
[2023-12-13T17:42:00.752-0600][265.130s] Pause Final Mark (N)                248 us
[2023-12-13T17:42:00.752-0600][265.130s]   Finish Mark                        39 us
[2023-12-13T17:42:00.752-0600][265.130s]   Update Region States               13 us
[2023-12-13T17:42:00.752-0600][265.130s]   Choose Collection Set             140 us
[2023-12-13T17:42:00.752-0600][265.130s]   Rebuild Free Set                    8 us
[2023-12-13T17:42:00.752-0600][265.130s] Concurrent Thread Roots            1503 us, parallelism: 2.87x
[2023-12-13T17:42:00.752-0600][265.130s]   CTR: <total>                     4319 us
[2023-12-13T17:42:00.752-0600][265.130s]   CTR: Thread Roots                4319 us, workers (us): 1434, 1454, 1432, ---, ---, ---, ---, ---, ---, ---, 
[2023-12-13T17:42:00.752-0600][265.130s] Concurrent Weak References          615 us, parallelism: 1.07x
[2023-12-13T17:42:00.752-0600][265.130s]   CWRF: <total>                     656 us
[2023-12-13T17:42:00.752-0600][265.130s]   CWRF: Weak References             656 us, workers (us):  72, 542,  43, ---, ---, ---, ---, ---, ---, ---, 
[2023-12-13T17:42:00.752-0600][265.130s] Concurrent Weak Roots              2455 us
[2023-12-13T17:42:00.752-0600][265.130s]   Roots                            2385 us, parallelism: 2.97x
[2023-12-13T17:42:00.752-0600][265.130s]     CWR: <total>                   7082 us
[2023-12-13T17:42:00.752-0600][265.130s]     CWR: Code Cache Roots          6167 us, workers (us): 2102, 2067, 1998, ---, ---, ---, ---, ---, ---, ---, 
[2023-12-13T17:42:00.752-0600][265.130s]     CWR: VM Weak Roots              810 us, workers (us): 270, 272, 269, ---, ---, ---, ---, ---, ---, ---, 
[2023-12-13T17:42:00.752-0600][265.130s]     CWR: CLDG Roots                 105 us, workers (us): ---, ---, 105, ---, ---, ---, ---, ---, ---, ---, 
[2023-12-13T17:42:00.752-0600][265.130s]   Rendezvous                         35 us
[2023-12-13T17:42:00.752-0600][265.130s] Concurrent Cleanup                   35 us
[2023-12-13T17:42:00.752-0600][265.130s] Concurrent Class Unloading        10484 us
[2023-12-13T17:42:00.752-0600][265.130s]   Unlink Stale                     9987 us
[2023-12-13T17:42:00.752-0600][265.130s]     System Dictionary                73 us
[2023-12-13T17:42:00.752-0600][265.130s]     Weak Class Links                  0 us
[2023-12-13T17:42:00.752-0600][265.130s]     Code Roots                     9913 us
[2023-12-13T17:42:00.752-0600][265.130s]   Rendezvous                         54 us
[2023-12-13T17:42:00.752-0600][265.130s]   Purge Unlinked                    392 us
[2023-12-13T17:42:00.752-0600][265.130s]     Code Roots                      389 us
[2023-12-13T17:42:00.752-0600][265.130s]     CLDG                              2 us
[2023-12-13T17:42:00.752-0600][265.130s]     Exception Caches                  0 us
[2023-12-13T17:42:00.752-0600][265.130s] Concurrent Strong Roots             400 us, parallelism: 0.67x
[2023-12-13T17:42:00.752-0600][265.130s]   CSR: <total>                      268 us
[2023-12-13T17:42:00.752-0600][265.130s]   CSR: VM Strong Roots                7 us, workers (us):   2,   3,   2, ---, ---, ---, ---, ---, ---, ---, 
[2023-12-13T17:42:00.752-0600][265.130s]   CSR: CLDG Roots                   260 us, workers (us): 260, ---, ---, ---, ---, ---, ---, ---, ---, ---, 
[2023-12-13T17:42:00.752-0600][265.130s] Concurrent Evacuation             38904 us
[2023-12-13T17:42:00.752-0600][265.130s] Pause Init Update Refs (G)        22403 us
[2023-12-13T17:42:00.752-0600][265.130s] Pause Init Update Refs (N)           55 us
[2023-12-13T17:42:00.752-0600][265.130s]   Manage GCLABs                       7 us
[2023-12-13T17:42:00.752-0600][265.130s] Concurrent Update Refs            92944 us
[2023-12-13T17:42:00.752-0600][265.130s] Concurrent Update Thread Roots    51876 us
[2023-12-13T17:42:00.752-0600][265.130s] Pause Final Update Refs (G)       29236 us
[2023-12-13T17:42:00.752-0600][265.130s] Pause Final Update Refs (N)         113 us
[2023-12-13T17:42:00.752-0600][265.130s]   Update Region States               21 us
[2023-12-13T17:42:00.752-0600][265.130s]   Trash Collection Set                8 us
[2023-12-13T17:42:00.752-0600][265.130s]   Rebuild Free Set                    9 us
[2023-12-13T17:42:00.752-0600][265.130s] Concurrent Cleanup                   94 us
[2023-12-13T17:42:00.753-0600][265.130s] Metaspace: 157295K(158912K)->157318K(159040K) NonClass: 134756K(135616K)->134775K(135680K) Class: 22538K(23296K)->22543K(23360K)
[2023-12-13T17:43:46.895-0600][371.272s] Trigger: Free (3272M) is below minimum threshold (3276M)
[2023-12-13T17:43:46.895-0600][371.272s] Free: 3272M, Max: 8192K regular, 3000M humongous, Frag: 9% external, 0% internal; Reserve: 824M, Max: 8192K
[2023-12-13T17:43:46.895-0600][371.272s] GC(7) Concurrent reset
[2023-12-13T17:43:46.895-0600][371.272s] GC(7) Using 3 of 10 workers for concurrent reset
[2023-12-13T17:43:46.912-0600][371.290s] GC(7) Concurrent reset 17.750ms
[2023-12-13T17:43:46.912-0600][371.290s] GC(7) Pause Init Mark (unload classes)
[2023-12-13T17:43:46.912-0600][371.290s] GC(7) Using 10 of 10 workers for init marking
[2023-12-13T17:43:46.913-0600][371.290s] GC(7) Pause Init Mark (unload classes) 0.062ms
[2023-12-13T17:43:46.913-0600][371.290s] GC(7) Concurrent marking roots
[2023-12-13T17:43:46.913-0600][371.290s] GC(7) Using 3 of 10 workers for concurrent marking roots
[2023-12-13T17:43:46.914-0600][371.292s] GC(7) Concurrent marking roots 1.507ms
[2023-12-13T17:43:46.914-0600][371.292s] GC(7) Concurrent marking (unload classes)
[2023-12-13T17:43:46.914-0600][371.292s] GC(7) Using 3 of 10 workers for concurrent marking
[2023-12-13T17:43:47.103-0600][371.480s] GC(7) Concurrent marking (unload classes) 188.624ms
[2023-12-13T17:43:47.103-0600][371.480s] GC(7) Pause Final Mark (unload classes)
[2023-12-13T17:43:47.103-0600][371.480s] GC(7) Using 10 of 10 workers for final marking
[2023-12-13T17:43:47.103-0600][371.480s] GC(7) Adaptive CSet Selection. Target Free: 3959M, Actual Free: 5312M, Max CSet: 682M, Min Garbage: 0B
[2023-12-13T17:43:47.103-0600][371.481s] GC(7) Collectable Garbage: 11559M (99%), Immediate: 1480M (12%), CSet: 10079M (86%)
[2023-12-13T17:43:47.103-0600][371.481s] GC(7) Pause Final Mark (unload classes) 0.237ms
[2023-12-13T17:43:47.103-0600][371.481s] GC(7) Concurrent thread roots
[2023-12-13T17:43:47.103-0600][371.481s] GC(7) Using 3 of 10 workers for Concurrent thread roots
[2023-12-13T17:43:47.104-0600][371.482s] GC(7) Concurrent thread roots 1.354ms
[2023-12-13T17:43:47.104-0600][371.482s] GC(7) Concurrent weak references
[2023-12-13T17:43:47.104-0600][371.482s] GC(7) Using 3 of 10 workers for concurrent weak references
[2023-12-13T17:43:47.105-0600][371.483s] GC(7) Encountered references: Soft: 12816, Weak: 58273, Final: 161, Phantom: 1250
[2023-12-13T17:43:47.105-0600][371.483s] GC(7) Discovered  references: Soft: 0, Weak: 14121, Final: 84, Phantom: 996
[2023-12-13T17:43:47.105-0600][371.483s] GC(7) Enqueued    references: Soft: 0, Weak: 147, Final: 84, Phantom: 457
[2023-12-13T17:43:47.105-0600][371.483s] GC(7) Concurrent weak references 0.578ms
[2023-12-13T17:43:47.105-0600][371.483s] GC(7) Concurrent weak roots
[2023-12-13T17:43:47.105-0600][371.483s] GC(7) Using 3 of 10 workers for concurrent weak root
[2023-12-13T17:43:47.107-0600][371.485s] GC(7) Concurrent weak roots 2.609ms
[2023-12-13T17:43:47.107-0600][371.485s] GC(7) Concurrent cleanup
[2023-12-13T17:43:47.107-0600][371.485s] GC(7) Concurrent cleanup 12545M->11065M(16384M) 0.022ms
[2023-12-13T17:43:47.107-0600][371.485s] GC(7) Free: 4488M, Max: 8192K regular, 2992M humongous, Frag: 34% external, 0% internal; Reserve: 823M, Max: 8192K
[2023-12-13T17:43:47.107-0600][371.485s] GC(7) Concurrent class unloading
[2023-12-13T17:43:47.107-0600][371.485s] GC(7) Using 3 of 10 workers for concurrent class unloading
[2023-12-13T17:43:47.119-0600][371.497s] GC(7) Concurrent class unloading 11.211ms
[2023-12-13T17:43:47.119-0600][371.497s] GC(7) Concurrent strong roots
[2023-12-13T17:43:47.119-0600][371.497s] GC(7) Using 3 of 10 workers for concurrent strong root
[2023-12-13T17:43:47.119-0600][371.497s] GC(7) Concurrent strong roots 0.387ms
[2023-12-13T17:43:47.119-0600][371.497s] GC(7) Concurrent evacuation
[2023-12-13T17:43:47.119-0600][371.497s] GC(7) Using 3 of 10 workers for concurrent evacuation
[2023-12-13T17:43:47.154-0600][371.531s] GC(7) Concurrent evacuation 34.421ms
[2023-12-13T17:43:47.154-0600][371.531s] GC(7) Pause Init Update Refs
[2023-12-13T17:43:47.154-0600][371.531s] GC(7) Pause Init Update Refs 0.025ms
[2023-12-13T17:43:47.154-0600][371.531s] GC(7) Concurrent update references
[2023-12-13T17:43:47.154-0600][371.532s] GC(7) Using 3 of 10 workers for concurrent reference update
[2023-12-13T17:43:47.243-0600][371.621s] GC(7) Concurrent update references 89.471ms
[2023-12-13T17:43:47.243-0600][371.621s] GC(7) Concurrent update thread roots
[2023-12-13T17:43:47.247-0600][371.625s] GC(7) Concurrent update thread roots 3.526ms
[2023-12-13T17:43:47.247-0600][371.625s] GC(7) Pause Final Update Refs
[2023-12-13T17:43:47.247-0600][371.625s] GC(7) Using 10 of 10 workers for final reference update
[2023-12-13T17:43:47.247-0600][371.625s] GC(7) Pause Final Update Refs 0.072ms
[2023-12-13T17:43:47.247-0600][371.625s] GC(7) Concurrent cleanup
[2023-12-13T17:43:47.247-0600][371.625s] GC(7) Concurrent cleanup 11329M->1129M(16384M) 0.077ms
[2023-12-13T17:43:47.247-0600][371.625s] Free: 14424M, Max: 8192K regular, 9280M humongous, Frag: 36% external, 0% internal; Reserve: 824M, Max: 8192K
[2023-12-13T17:43:47.247-0600][371.625s] 
[2023-12-13T17:43:47.247-0600][371.625s] All times are wall-clock times, except per-root-class counters, that are sum over
[2023-12-13T17:43:47.247-0600][371.625s] all workers. Dividing the <total> over the root stage time estimates parallelism.
[2023-12-13T17:43:47.247-0600][371.625s] 
[2023-12-13T17:43:47.247-0600][371.625s] Concurrent Reset                  17793 us
[2023-12-13T17:43:47.247-0600][371.625s] Pause Init Mark (G)                 196 us
[2023-12-13T17:43:47.247-0600][371.625s] Pause Init Mark (N)                  80 us
[2023-12-13T17:43:47.247-0600][371.625s]   Update Region States               18 us
[2023-12-13T17:43:47.247-0600][371.625s] Concurrent Mark Roots              1528 us, parallelism: 2.62x
[2023-12-13T17:43:47.247-0600][371.625s]   CMR: <total>                     3998 us
[2023-12-13T17:43:47.247-0600][371.625s]   CMR: Thread Roots                3872 us, workers (us): 1228, 1333, 1311, ---, ---, ---, ---, ---, ---, ---, 
[2023-12-13T17:43:47.247-0600][371.625s]   CMR: VM Strong Roots               14 us, workers (us):   7,   7,   0, ---, ---, ---, ---, ---, ---, ---, 
[2023-12-13T17:43:47.247-0600][371.625s]   CMR: CLDG Roots                   112 us, workers (us): 112, ---, ---, ---, ---, ---, ---, ---, ---, ---, 
[2023-12-13T17:43:47.247-0600][371.625s] Concurrent Marking               188653 us
[2023-12-13T17:43:47.247-0600][371.625s] Pause Final Mark (G)                277 us
[2023-12-13T17:43:47.247-0600][371.625s] Pause Final Mark (N)                247 us
[2023-12-13T17:43:47.247-0600][371.625s]   Finish Mark                        40 us
[2023-12-13T17:43:47.247-0600][371.625s]   Update Region States               12 us
[2023-12-13T17:43:47.247-0600][371.625s]   Choose Collection Set             141 us
[2023-12-13T17:43:47.247-0600][371.625s]   Rebuild Free Set                    7 us
[2023-12-13T17:43:47.247-0600][371.625s] Concurrent Thread Roots            1371 us, parallelism: 2.88x
[2023-12-13T17:43:47.247-0600][371.625s]   CTR: <total>                     3948 us
[2023-12-13T17:43:47.247-0600][371.625s]   CTR: Thread Roots                3948 us, workers (us): 1317, 1315, 1316, ---, ---, ---, ---, ---, ---, ---, 
[2023-12-13T17:43:47.247-0600][371.625s] Concurrent Weak References          587 us, parallelism: 1.64x
[2023-12-13T17:43:47.247-0600][371.625s]   CWRF: <total>                     961 us
[2023-12-13T17:43:47.247-0600][371.625s]   CWRF: Weak References             961 us, workers (us): 306, 519, 136, ---, ---, ---, ---, ---, ---, ---, 
[2023-12-13T17:43:47.247-0600][371.625s] Concurrent Weak Roots              2631 us
[2023-12-13T17:43:47.247-0600][371.625s]   Roots                            2547 us, parallelism: 2.96x
[2023-12-13T17:43:47.247-0600][371.625s]     CWR: <total>                   7531 us
[2023-12-13T17:43:47.247-0600][371.625s]     CWR: Code Cache Roots          6703 us, workers (us): 2233, 2172, 2297, ---, ---, ---, ---, ---, ---, ---, 
[2023-12-13T17:43:47.247-0600][371.625s]     CWR: VM Weak Roots              710 us, workers (us): 239, 237, 235, ---, ---, ---, ---, ---, ---, ---, 
[2023-12-13T17:43:47.247-0600][371.625s]     CWR: CLDG Roots                 117 us, workers (us): ---, 117, ---, ---, ---, ---, ---, ---, ---, ---, 
[2023-12-13T17:43:47.247-0600][371.625s]   Rendezvous                         41 us
[2023-12-13T17:43:47.247-0600][371.625s] Concurrent Cleanup                   33 us
[2023-12-13T17:43:47.247-0600][371.625s] Concurrent Class Unloading        11241 us
[2023-12-13T17:43:47.247-0600][371.625s]   Unlink Stale                    10690 us
[2023-12-13T17:43:47.247-0600][371.625s]     System Dictionary               101 us
[2023-12-13T17:43:47.247-0600][371.625s]     Weak Class Links                  0 us
[2023-12-13T17:43:47.247-0600][371.625s]     Code Roots                    10588 us
[2023-12-13T17:43:47.247-0600][371.625s]   Rendezvous                         55 us
[2023-12-13T17:43:47.247-0600][371.625s]   Purge Unlinked                    449 us
[2023-12-13T17:43:47.247-0600][371.625s]     Code Roots                      446 us
[2023-12-13T17:43:47.247-0600][371.625s]     CLDG                              2 us
[2023-12-13T17:43:47.247-0600][371.625s]     Exception Caches                  0 us
[2023-12-13T17:43:47.247-0600][371.625s] Concurrent Strong Roots             409 us, parallelism: 0.65x
[2023-12-13T17:43:47.247-0600][371.625s]   CSR: <total>                      266 us
[2023-12-13T17:43:47.247-0600][371.625s]   CSR: VM Strong Roots                8 us, workers (us):   3,   3,   2, ---, ---, ---, ---, ---, ---, ---, 
[2023-12-13T17:43:47.247-0600][371.625s]   CSR: CLDG Roots                   258 us, workers (us): ---, ---, 258, ---, ---, ---, ---, ---, ---, ---, 
[2023-12-13T17:43:47.247-0600][371.625s] Concurrent Evacuation             34455 us
[2023-12-13T17:43:47.247-0600][371.625s] Pause Init Update Refs (G)           90 us
[2023-12-13T17:43:47.247-0600][371.625s] Pause Init Update Refs (N)           35 us
[2023-12-13T17:43:47.247-0600][371.625s]   Manage GCLABs                       8 us
[2023-12-13T17:43:47.247-0600][371.625s] Concurrent Update Refs            89503 us
[2023-12-13T17:43:47.247-0600][371.625s] Concurrent Update Thread Roots     3550 us
[2023-12-13T17:43:47.247-0600][371.625s] Pause Final Update Refs (G)         140 us
[2023-12-13T17:43:47.247-0600][371.625s] Pause Final Update Refs (N)          90 us
[2023-12-13T17:43:47.247-0600][371.625s]   Update Region States               17 us
[2023-12-13T17:43:47.247-0600][371.625s]   Trash Collection Set                9 us
[2023-12-13T17:43:47.247-0600][371.625s]   Rebuild Free Set                    8 us
[2023-12-13T17:43:47.247-0600][371.625s] Concurrent Cleanup                   91 us
[2023-12-13T17:43:47.247-0600][371.625s] Metaspace: 158519K(160192K)->158519K(160192K) NonClass: 135875K(136768K)->135876K(136768K) Class: 22643K(23424K)->22643K(23424K)
[2023-12-13T17:44:02.169-0600][386.547s] Trigger: Free (3272M) is below minimum threshold (3276M)
[2023-12-13T17:44:02.169-0600][386.547s] Free: 3272M, Max: 8192K regular, 2952M humongous, Frag: 10% external, 0% internal; Reserve: 824M, Max: 8192K
[2023-12-13T17:44:02.169-0600][386.547s] GC(8) Concurrent reset
[2023-12-13T17:44:02.169-0600][386.547s] GC(8) Using 3 of 10 workers for concurrent reset
[2023-12-13T17:44:02.188-0600][386.566s] GC(8) Concurrent reset 19.272ms
[2023-12-13T17:44:02.188-0600][386.566s] GC(8) Pause Init Mark (unload classes)
[2023-12-13T17:44:02.188-0600][386.566s] GC(8) Using 10 of 10 workers for init marking
[2023-12-13T17:44:02.189-0600][386.566s] GC(8) Pause Init Mark (unload classes) 0.056ms
[2023-12-13T17:44:02.189-0600][386.566s] GC(8) Concurrent marking roots
[2023-12-13T17:44:02.189-0600][386.566s] GC(8) Using 3 of 10 workers for concurrent marking roots
[2023-12-13T17:44:02.190-0600][386.568s] GC(8) Concurrent marking roots 1.522ms
[2023-12-13T17:44:02.190-0600][386.568s] GC(8) Concurrent marking (unload classes)
[2023-12-13T17:44:02.190-0600][386.568s] GC(8) Using 3 of 10 workers for concurrent marking
[2023-12-13T17:44:02.384-0600][386.762s] GC(8) Concurrent marking (unload classes) 194.133ms
[2023-12-13T17:44:02.384-0600][386.762s] GC(8) Pause Final Mark (unload classes)
[2023-12-13T17:44:02.384-0600][386.762s] GC(8) Using 10 of 10 workers for final marking
[2023-12-13T17:44:02.384-0600][386.762s] GC(8) Adaptive CSet Selection. Target Free: 3959M, Actual Free: 5736M, Max CSet: 682M, Min Garbage: 0B
[2023-12-13T17:44:02.384-0600][386.762s] GC(8) Collectable Garbage: 11506M (99%), Immediate: 1752M (15%), CSet: 9754M (84%)
[2023-12-13T17:44:02.384-0600][386.762s] GC(8) Pause Final Mark (unload classes) 0.359ms
[2023-12-13T17:44:02.385-0600][386.763s] GC(8) Concurrent thread roots
[2023-12-13T17:44:02.385-0600][386.763s] GC(8) Using 3 of 10 workers for Concurrent thread roots
[2023-12-13T17:44:02.386-0600][386.764s] GC(8) Concurrent thread roots 1.315ms
[2023-12-13T17:44:02.386-0600][386.764s] GC(8) Concurrent weak references
[2023-12-13T17:44:02.386-0600][386.764s] GC(8) Using 3 of 10 workers for concurrent weak references
[2023-12-13T17:44:02.387-0600][386.765s] GC(8) Encountered references: Soft: 12815, Weak: 60588, Final: 89, Phantom: 855
[2023-12-13T17:44:02.387-0600][386.765s] GC(8) Discovered  references: Soft: 0, Weak: 11236, Final: 57, Phantom: 629
[2023-12-13T17:44:02.387-0600][386.765s] GC(8) Enqueued    references: Soft: 0, Weak: 5, Final: 12, Phantom: 56
[2023-12-13T17:44:02.387-0600][386.765s] GC(8) Concurrent weak references 0.675ms
[2023-12-13T17:44:02.387-0600][386.765s] GC(8) Concurrent weak roots
[2023-12-13T17:44:02.387-0600][386.765s] GC(8) Using 3 of 10 workers for concurrent weak root
[2023-12-13T17:44:02.389-0600][386.767s] GC(8) Concurrent weak roots 2.603ms
[2023-12-13T17:44:02.389-0600][386.767s] GC(8) Concurrent cleanup
[2023-12-13T17:44:02.389-0600][386.767s] GC(8) Concurrent cleanup 12402M->10650M(16384M) 0.028ms
[2023-12-13T17:44:02.390-0600][386.768s] GC(8) Free: 4904M, Max: 8192K regular, 2952M humongous, Frag: 40% external, 0% internal; Reserve: 822M, Max: 8192K
[2023-12-13T17:44:02.390-0600][386.768s] GC(8) Concurrent class unloading
[2023-12-13T17:44:02.390-0600][386.768s] GC(8) Using 3 of 10 workers for concurrent class unloading
[2023-12-13T17:44:02.401-0600][386.779s] GC(8) Concurrent class unloading 11.224ms
[2023-12-13T17:44:02.401-0600][386.779s] GC(8) Concurrent strong roots
[2023-12-13T17:44:02.401-0600][386.779s] GC(8) Using 3 of 10 workers for concurrent strong root
[2023-12-13T17:44:02.401-0600][386.779s] GC(8) Concurrent strong roots 0.355ms
[2023-12-13T17:44:02.401-0600][386.779s] GC(8) Concurrent evacuation
[2023-12-13T17:44:02.401-0600][386.779s] GC(8) Using 3 of 10 workers for concurrent evacuation
[2023-12-13T17:44:02.438-0600][386.816s] GC(8) Concurrent evacuation 36.709ms
[2023-12-13T17:44:02.438-0600][386.816s] GC(8) Pause Init Update Refs
[2023-12-13T17:44:02.438-0600][386.816s] GC(8) Pause Init Update Refs 0.028ms
[2023-12-13T17:44:02.438-0600][386.816s] GC(8) Concurrent update references
[2023-12-13T17:44:02.438-0600][386.816s] GC(8) Using 3 of 10 workers for concurrent reference update
[2023-12-13T17:44:02.526-0600][386.904s] GC(8) Concurrent update references 87.614ms
[2023-12-13T17:44:02.526-0600][386.904s] GC(8) Concurrent update thread roots
[2023-12-13T17:44:02.529-0600][386.907s] GC(8) Concurrent update thread roots 3.074ms
[2023-12-13T17:44:02.529-0600][386.907s] GC(8) Pause Final Update Refs
[2023-12-13T17:44:02.529-0600][386.907s] GC(8) Using 10 of 10 workers for final reference update
[2023-12-13T17:44:02.529-0600][386.907s] GC(8) Pause Final Update Refs 0.062ms
[2023-12-13T17:44:02.529-0600][386.907s] GC(8) Concurrent cleanup
[2023-12-13T17:44:02.529-0600][386.907s] GC(8) Concurrent cleanup 10849M->969M(16384M) 0.066ms
[2023-12-13T17:44:02.529-0600][386.907s] Free: 14584M, Max: 8192K regular, 10232M humongous, Frag: 30% external, 0% internal; Reserve: 824M, Max: 8192K
[2023-12-13T17:44:02.529-0600][386.907s] 
[2023-12-13T17:44:02.529-0600][386.907s] All times are wall-clock times, except per-root-class counters, that are sum over
[2023-12-13T17:44:02.529-0600][386.907s] all workers. Dividing the <total> over the root stage time estimates parallelism.
[2023-12-13T17:44:02.529-0600][386.907s] 
[2023-12-13T17:44:02.529-0600][386.907s] Concurrent Reset                  19330 us
[2023-12-13T17:44:02.529-0600][386.907s] Pause Init Mark (G)                 149 us
[2023-12-13T17:44:02.529-0600][386.907s] Pause Init Mark (N)                  73 us
[2023-12-13T17:44:02.529-0600][386.907s]   Update Region States               15 us
[2023-12-13T17:44:02.529-0600][386.907s] Concurrent Mark Roots              1542 us, parallelism: 2.66x
[2023-12-13T17:44:02.529-0600][386.907s]   CMR: <total>                     4095 us
[2023-12-13T17:44:02.529-0600][386.907s]   CMR: Thread Roots                3967 us, workers (us): 1353, 1245, 1369, ---, ---, ---, ---, ---, ---, ---, 
[2023-12-13T17:44:02.529-0600][386.907s]   CMR: VM Strong Roots               13 us, workers (us):   5,   5,   3, ---, ---, ---, ---, ---, ---, ---, 
[2023-12-13T17:44:02.529-0600][386.907s]   CMR: CLDG Roots                   115 us, workers (us): ---, 115, ---, ---, ---, ---, ---, ---, ---, ---, 
[2023-12-13T17:44:02.529-0600][386.907s] Concurrent Marking               194165 us
[2023-12-13T17:44:02.529-0600][386.907s] Pause Final Mark (G)                717 us
[2023-12-13T17:44:02.529-0600][386.907s] Pause Final Mark (N)                371 us
[2023-12-13T17:44:02.529-0600][386.907s]   Finish Mark                        45 us
[2023-12-13T17:44:02.529-0600][386.907s]   Update Region States              121 us
[2023-12-13T17:44:02.529-0600][386.907s]   Choose Collection Set             155 us
[2023-12-13T17:44:02.529-0600][386.907s]   Rebuild Free Set                   10 us
[2023-12-13T17:44:02.529-0600][386.907s] Concurrent Thread Roots            1335 us, parallelism: 2.87x
[2023-12-13T17:44:02.529-0600][386.907s]   CTR: <total>                     3829 us
[2023-12-13T17:44:02.529-0600][386.907s]   CTR: Thread Roots                3829 us, workers (us): 1276, 1278, 1276, ---, ---, ---, ---, ---, ---, ---, 
[2023-12-13T17:44:02.529-0600][386.907s] Concurrent Weak References          684 us, parallelism: 1.00x
[2023-12-13T17:44:02.529-0600][386.907s]   CWRF: <total>                     684 us
[2023-12-13T17:44:02.529-0600][386.907s]   CWRF: Weak References             684 us, workers (us):  26, 608,  49, ---, ---, ---, ---, ---, ---, ---, 
[2023-12-13T17:44:02.529-0600][386.907s] Concurrent Weak Roots              2628 us
[2023-12-13T17:44:02.529-0600][386.907s]   Roots                            2515 us, parallelism: 2.95x
[2023-12-13T17:44:02.529-0600][386.907s]     CWR: <total>                   7429 us
[2023-12-13T17:44:02.529-0600][386.907s]     CWR: Code Cache Roots          6655 us, workers (us): 2171, 2257, 2228, ---, ---, ---, ---, ---, ---, ---, 
[2023-12-13T17:44:02.529-0600][386.907s]     CWR: VM Weak Roots              666 us, workers (us): 223, 223, 220, ---, ---, ---, ---, ---, ---, ---, 
[2023-12-13T17:44:02.529-0600][386.907s]     CWR: CLDG Roots                 108 us, workers (us): 108, ---, ---, ---, ---, ---, ---, ---, ---, ---, 
[2023-12-13T17:44:02.529-0600][386.907s]   Rendezvous                         70 us
[2023-12-13T17:44:02.529-0600][386.907s] Concurrent Cleanup                  169 us
[2023-12-13T17:44:02.529-0600][386.907s] Concurrent Class Unloading        11255 us
[2023-12-13T17:44:02.529-0600][386.907s]   Unlink Stale                    10709 us
[2023-12-13T17:44:02.529-0600][386.907s]     System Dictionary               108 us
[2023-12-13T17:44:02.529-0600][386.907s]     Weak Class Links                  0 us
[2023-12-13T17:44:02.529-0600][386.907s]     Code Roots                    10601 us
[2023-12-13T17:44:02.529-0600][386.907s]   Rendezvous                         56 us
[2023-12-13T17:44:02.529-0600][386.907s]   Purge Unlinked                    390 us
[2023-12-13T17:44:02.529-0600][386.907s]     Code Roots                      387 us
[2023-12-13T17:44:02.529-0600][386.907s]     CLDG                              2 us
[2023-12-13T17:44:02.529-0600][386.907s]     Exception Caches                  0 us
[2023-12-13T17:44:02.529-0600][386.907s] Concurrent Strong Roots             377 us, parallelism: 0.63x
[2023-12-13T17:44:02.529-0600][386.907s]   CSR: <total>                      238 us
[2023-12-13T17:44:02.529-0600][386.907s]   CSR: VM Strong Roots                8 us, workers (us):   2,   3,   3, ---, ---, ---, ---, ---, ---, ---, 
[2023-12-13T17:44:02.529-0600][386.907s]   CSR: CLDG Roots                   230 us, workers (us): 230, ---, ---, ---, ---, ---, ---, ---, ---, ---, 
[2023-12-13T17:44:02.529-0600][386.907s] Concurrent Evacuation             36743 us
[2023-12-13T17:44:02.529-0600][386.907s] Pause Init Update Refs (G)          112 us
[2023-12-13T17:44:02.529-0600][386.907s] Pause Init Update Refs (N)           40 us
[2023-12-13T17:44:02.529-0600][386.907s]   Manage GCLABs                       6 us
[2023-12-13T17:44:02.529-0600][386.907s] Concurrent Update Refs            87647 us
[2023-12-13T17:44:02.529-0600][386.907s] Concurrent Update Thread Roots     3098 us
[2023-12-13T17:44:02.529-0600][386.907s] Pause Final Update Refs (G)         122 us
[2023-12-13T17:44:02.529-0600][386.907s] Pause Final Update Refs (N)          83 us
[2023-12-13T17:44:02.529-0600][386.907s]   Update Region States               17 us
[2023-12-13T17:44:02.529-0600][386.907s]   Trash Collection Set                9 us
[2023-12-13T17:44:02.529-0600][386.907s]   Rebuild Free Set                    9 us
[2023-12-13T17:44:02.529-0600][386.907s] Concurrent Cleanup                   79 us
[2023-12-13T17:44:02.529-0600][386.908s] Metaspace: 158654K(160320K)->158654K(160320K) NonClass: 136007K(136896K)->136007K(136896K) Class: 22646K(23424K)->22646K(23424K)
[2023-12-13T17:45:15.933-0600][460.310s] Trigger: Free (3272M) is below minimum threshold (3276M)
[2023-12-13T17:45:15.933-0600][460.311s] Free: 3272M, Max: 8192K regular, 2904M humongous, Frag: 12% external, 0% internal; Reserve: 824M, Max: 8192K
[2023-12-13T17:45:15.933-0600][460.311s] GC(9) Concurrent reset
[2023-12-13T17:45:15.933-0600][460.311s] GC(9) Using 3 of 10 workers for concurrent reset
[2023-12-13T17:45:15.951-0600][460.329s] GC(9) Concurrent reset 18.498ms
[2023-12-13T17:45:15.951-0600][460.329s] GC(9) Pause Init Mark (unload classes)
[2023-12-13T17:45:15.951-0600][460.329s] GC(9) Using 10 of 10 workers for init marking
[2023-12-13T17:45:15.951-0600][460.329s] GC(9) Pause Init Mark (unload classes) 0.049ms
[2023-12-13T17:45:15.951-0600][460.329s] GC(9) Concurrent marking roots
[2023-12-13T17:45:15.951-0600][460.329s] GC(9) Using 3 of 10 workers for concurrent marking roots
[2023-12-13T17:45:15.953-0600][460.331s] GC(9) Concurrent marking roots 1.649ms
[2023-12-13T17:45:15.953-0600][460.331s] GC(9) Concurrent marking (unload classes)
[2023-12-13T17:45:15.953-0600][460.331s] GC(9) Using 3 of 10 workers for concurrent marking
[2023-12-13T17:45:16.169-0600][460.547s] GC(9) Concurrent marking (unload classes) 216.058ms
[2023-12-13T17:45:16.169-0600][460.547s] GC(9) Pause Final Mark (unload classes)
[2023-12-13T17:45:16.169-0600][460.547s] GC(9) Using 10 of 10 workers for final marking
[2023-12-13T17:45:16.169-0600][460.547s] GC(9) Adaptive CSet Selection. Target Free: 3959M, Actual Free: 6272M, Max CSet: 682M, Min Garbage: 0B
[2023-12-13T17:45:16.170-0600][460.547s] GC(9) Collectable Garbage: 11516M (99%), Immediate: 2440M (21%), CSet: 9076M (78%)
[2023-12-13T17:45:16.170-0600][460.547s] GC(9) Pause Final Mark (unload classes) 0.229ms
[2023-12-13T17:45:16.170-0600][460.547s] GC(9) Concurrent thread roots
[2023-12-13T17:45:16.170-0600][460.547s] GC(9) Using 3 of 10 workers for Concurrent thread roots
[2023-12-13T17:45:16.171-0600][460.548s] GC(9) Concurrent thread roots 1.226ms
[2023-12-13T17:45:16.171-0600][460.548s] GC(9) Concurrent weak references
[2023-12-13T17:45:16.171-0600][460.548s] GC(9) Using 3 of 10 workers for concurrent weak references
[2023-12-13T17:45:16.171-0600][460.549s] GC(9) Encountered references: Soft: 12838, Weak: 64745, Final: 113, Phantom: 1057
[2023-12-13T17:45:16.171-0600][460.549s] GC(9) Discovered  references: Soft: 0, Weak: 4707, Final: 36, Phantom: 877
[2023-12-13T17:45:16.171-0600][460.549s] GC(9) Enqueued    references: Soft: 0, Weak: 41, Final: 36, Phantom: 248
[2023-12-13T17:45:16.171-0600][460.549s] GC(9) Concurrent weak references 0.258ms
[2023-12-13T17:45:16.171-0600][460.549s] GC(9) Concurrent weak roots
[2023-12-13T17:45:16.171-0600][460.549s] GC(9) Using 3 of 10 workers for concurrent weak root
[2023-12-13T17:45:16.174-0600][460.551s] GC(9) Concurrent weak roots 2.675ms
[2023-12-13T17:45:16.174-0600][460.551s] GC(9) Concurrent cleanup
[2023-12-13T17:45:16.174-0600][460.551s] GC(9) Concurrent cleanup 12553M->10113M(16384M) 0.028ms
[2023-12-13T17:45:16.174-0600][460.551s] GC(9) Free: 5440M, Max: 8192K regular, 2904M humongous, Frag: 47% external, 0% internal; Reserve: 822M, Max: 8192K
[2023-12-13T17:45:16.174-0600][460.552s] GC(9) Concurrent class unloading
[2023-12-13T17:45:16.174-0600][460.552s] GC(9) Using 3 of 10 workers for concurrent class unloading
[2023-12-13T17:45:16.185-0600][460.563s] GC(9) Concurrent class unloading 11.297ms
[2023-12-13T17:45:16.185-0600][460.563s] GC(9) Concurrent strong roots
[2023-12-13T17:45:16.185-0600][460.563s] GC(9) Using 3 of 10 workers for concurrent strong root
[2023-12-13T17:45:16.186-0600][460.563s] GC(9) Concurrent strong roots 0.374ms
[2023-12-13T17:45:16.186-0600][460.563s] GC(9) Concurrent evacuation
[2023-12-13T17:45:16.186-0600][460.563s] GC(9) Using 3 of 10 workers for concurrent evacuation
[2023-12-13T17:45:16.255-0600][460.632s] GC(9) Concurrent evacuation 69.144ms
[2023-12-13T17:45:16.255-0600][460.632s] GC(9) Pause Init Update Refs
[2023-12-13T17:45:16.255-0600][460.632s] GC(9) Pause Init Update Refs 0.032ms
[2023-12-13T17:45:16.255-0600][460.632s] GC(9) Concurrent update references
[2023-12-13T17:45:16.255-0600][460.633s] GC(9) Using 3 of 10 workers for concurrent reference update
[2023-12-13T17:45:16.356-0600][460.734s] GC(9) Concurrent update references 101.527ms
[2023-12-13T17:45:16.356-0600][460.734s] GC(9) Concurrent update thread roots
[2023-12-13T17:45:16.359-0600][460.737s] GC(9) Concurrent update thread roots 3.237ms
[2023-12-13T17:45:16.360-0600][460.737s] GC(9) Pause Final Update Refs
[2023-12-13T17:45:16.360-0600][460.737s] GC(9) Using 10 of 10 workers for final reference update
[2023-12-13T17:45:16.360-0600][460.737s] GC(9) Pause Final Update Refs 0.069ms
[2023-12-13T17:45:16.360-0600][460.737s] GC(9) Concurrent cleanup
[2023-12-13T17:45:16.360-0600][460.738s] GC(9) Concurrent cleanup 10416M->1137M(16384M) 0.073ms
[2023-12-13T17:45:16.360-0600][460.738s] Free: 14416M, Max: 8192K regular, 11000M humongous, Frag: 24% external, 0% internal; Reserve: 824M, Max: 8192K
[2023-12-13T17:45:16.360-0600][460.738s] 
[2023-12-13T17:45:16.360-0600][460.738s] All times are wall-clock times, except per-root-class counters, that are sum over
[2023-12-13T17:45:16.360-0600][460.738s] all workers. Dividing the <total> over the root stage time estimates parallelism.
[2023-12-13T17:45:16.360-0600][460.738s] 
[2023-12-13T17:45:16.360-0600][460.738s] Concurrent Reset                  18539 us
[2023-12-13T17:45:16.360-0600][460.738s] Pause Init Mark (G)                 132 us
[2023-12-13T17:45:16.360-0600][460.738s] Pause Init Mark (N)                  69 us
[2023-12-13T17:45:16.360-0600][460.738s]   Update Region States               17 us
[2023-12-13T17:45:16.360-0600][460.738s] Concurrent Mark Roots              1673 us, parallelism: 2.43x
[2023-12-13T17:45:16.360-0600][460.738s]   CMR: <total>                     4067 us
[2023-12-13T17:45:16.360-0600][460.738s]   CMR: Thread Roots                3939 us, workers (us): 1243, 1338, 1358, ---, ---, ---, ---, ---, ---, ---, 
[2023-12-13T17:45:16.360-0600][460.738s]   CMR: VM Strong Roots               13 us, workers (us):  12,   0,   0, ---, ---, ---, ---, ---, ---, ---, 
[2023-12-13T17:45:16.360-0600][460.738s]   CMR: CLDG Roots                   115 us, workers (us): 115, ---, ---, ---, ---, ---, ---, ---, ---, ---, 
[2023-12-13T17:45:16.360-0600][460.738s] Concurrent Marking               216085 us
[2023-12-13T17:45:16.360-0600][460.738s] Pause Final Mark (G)                281 us
[2023-12-13T17:45:16.360-0600][460.738s] Pause Final Mark (N)                239 us
[2023-12-13T17:45:16.360-0600][460.738s]   Finish Mark                        40 us
[2023-12-13T17:45:16.360-0600][460.738s]   Update Region States               14 us
[2023-12-13T17:45:16.360-0600][460.738s]   Choose Collection Set             133 us
[2023-12-13T17:45:16.360-0600][460.738s]   Rebuild Free Set                    7 us
[2023-12-13T17:45:16.360-0600][460.738s] Concurrent Thread Roots            1244 us, parallelism: 2.86x
[2023-12-13T17:45:16.360-0600][460.738s]   CTR: <total>                     3560 us
[2023-12-13T17:45:16.360-0600][460.738s]   CTR: Thread Roots                3560 us, workers (us): 1185, 1188, 1187, ---, ---, ---, ---, ---, ---, ---, 
[2023-12-13T17:45:16.360-0600][460.738s] Concurrent Weak References          268 us, parallelism: 1.53x
[2023-12-13T17:45:16.360-0600][460.738s]   CWRF: <total>                     409 us
[2023-12-13T17:45:16.360-0600][460.738s]   CWRF: Weak References             409 us, workers (us): 145, 193,  71, ---, ---, ---, ---, ---, ---, ---, 
[2023-12-13T17:45:16.360-0600][460.738s] Concurrent Weak Roots              2696 us
[2023-12-13T17:45:16.360-0600][460.738s]   Roots                            2543 us, parallelism: 2.96x
[2023-12-13T17:45:16.360-0600][460.738s]     CWR: <total>                   7522 us
[2023-12-13T17:45:16.360-0600][460.738s]     CWR: Code Cache Roots          6728 us, workers (us): 2267, 2159, 2302, ---, ---, ---, ---, ---, ---, ---, 
[2023-12-13T17:45:16.360-0600][460.738s]     CWR: VM Weak Roots              686 us, workers (us): 231, 228, 227, ---, ---, ---, ---, ---, ---, ---, 
[2023-12-13T17:45:16.360-0600][460.738s]     CWR: CLDG Roots                 109 us, workers (us): ---, 109, ---, ---, ---, ---, ---, ---, ---, ---, 
[2023-12-13T17:45:16.360-0600][460.738s]   Rendezvous                        115 us
[2023-12-13T17:45:16.360-0600][460.738s] Concurrent Cleanup                   39 us
[2023-12-13T17:45:16.360-0600][460.738s] Concurrent Class Unloading        11329 us
[2023-12-13T17:45:16.360-0600][460.738s]   Unlink Stale                    10826 us
[2023-12-13T17:45:16.360-0600][460.738s]     System Dictionary                95 us
[2023-12-13T17:45:16.360-0600][460.738s]     Weak Class Links                  0 us
[2023-12-13T17:45:16.360-0600][460.738s]     Code Roots                    10730 us
[2023-12-13T17:45:16.360-0600][460.738s]   Rendezvous                         53 us
[2023-12-13T17:45:16.360-0600][460.738s]   Purge Unlinked                    400 us
[2023-12-13T17:45:16.360-0600][460.738s]     Code Roots                      398 us
[2023-12-13T17:45:16.360-0600][460.738s]     CLDG                              2 us
[2023-12-13T17:45:16.360-0600][460.738s]     Exception Caches                  0 us
[2023-12-13T17:45:16.360-0600][460.738s] Concurrent Strong Roots             391 us, parallelism: 0.66x
[2023-12-13T17:45:16.360-0600][460.738s]   CSR: <total>                      256 us
[2023-12-13T17:45:16.360-0600][460.738s]   CSR: VM Strong Roots                8 us, workers (us):   3,   3,   2, ---, ---, ---, ---, ---, ---, ---, 
[2023-12-13T17:45:16.360-0600][460.738s]   CSR: CLDG Roots                   249 us, workers (us): 249, ---, ---, ---, ---, ---, ---, ---, ---, ---, 
[2023-12-13T17:45:16.360-0600][460.738s] Concurrent Evacuation             69176 us
[2023-12-13T17:45:16.360-0600][460.738s] Pause Init Update Refs (G)           91 us
[2023-12-13T17:45:16.360-0600][460.738s] Pause Init Update Refs (N)           43 us
[2023-12-13T17:45:16.360-0600][460.738s]   Manage GCLABs                       8 us
[2023-12-13T17:45:16.360-0600][460.738s] Concurrent Update Refs           101554 us
[2023-12-13T17:45:16.360-0600][460.738s] Concurrent Update Thread Roots     3267 us
[2023-12-13T17:45:16.360-0600][460.738s] Pause Final Update Refs (G)         125 us
[2023-12-13T17:45:16.360-0600][460.738s] Pause Final Update Refs (N)          81 us
[2023-12-13T17:45:16.360-0600][460.738s]   Update Region States               18 us
[2023-12-13T17:45:16.360-0600][460.738s]   Trash Collection Set                9 us
[2023-12-13T17:45:16.360-0600][460.738s]   Rebuild Free Set                    8 us
[2023-12-13T17:45:16.360-0600][460.738s] Concurrent Cleanup                   88 us
[2023-12-13T17:45:16.360-0600][460.738s] Metaspace: 159061K(160768K)->159066K(160768K) NonClass: 136377K(137280K)->136382K(137280K) Class: 22683K(23488K)->22684K(23488K)
[2023-12-13T17:46:01.688-0600][506.066s] Trigger: Free (3272M) is below minimum threshold (3276M)
[2023-12-13T17:46:01.688-0600][506.066s] Free: 3272M, Max: 8192K regular, 2904M humongous, Frag: 11% external, 0% internal; Reserve: 824M, Max: 8192K
[2023-12-13T17:46:01.688-0600][506.066s] GC(10) Concurrent reset
[2023-12-13T17:46:01.688-0600][506.066s] GC(10) Using 3 of 10 workers for concurrent reset
[2023-12-13T17:46:01.706-0600][506.084s] GC(10) Concurrent reset 18.182ms
[2023-12-13T17:46:01.708-0600][506.085s] GC(10) Pause Init Mark (unload classes)
[2023-12-13T17:46:01.708-0600][506.085s] GC(10) Using 10 of 10 workers for init marking
[2023-12-13T17:46:01.708-0600][506.085s] GC(10) Pause Init Mark (unload classes) 0.063ms
[2023-12-13T17:46:01.709-0600][506.087s] GC(10) Concurrent marking roots
[2023-12-13T17:46:01.709-0600][506.087s] GC(10) Using 3 of 10 workers for concurrent marking roots
[2023-12-13T17:46:01.710-0600][506.088s] GC(10) Concurrent marking roots 1.405ms
[2023-12-13T17:46:01.710-0600][506.088s] GC(10) Concurrent marking (unload classes)
[2023-12-13T17:46:01.710-0600][506.088s] GC(10) Using 3 of 10 workers for concurrent marking
[2023-12-13T17:46:01.954-0600][506.331s] GC(10) Concurrent marking (unload classes) 243.386ms
[2023-12-13T17:46:01.957-0600][506.335s] GC(10) Pause Final Mark (unload classes)
[2023-12-13T17:46:01.957-0600][506.335s] GC(10) Using 10 of 10 workers for final marking
[2023-12-13T17:46:01.958-0600][506.336s] GC(10) Adaptive CSet Selection. Target Free: 3959M, Actual Free: 11296M, Max CSet: 682M, Min Garbage: 0B
[2023-12-13T17:46:01.958-0600][506.336s] GC(10) Collectable Garbage: 11561M (99%), Immediate: 7256M (62%), CSet: 4305M (37%)
[2023-12-13T17:46:01.958-0600][506.336s] GC(10) Pause Final Mark (unload classes) 1.326ms
[2023-12-13T17:46:02.016-0600][506.394s] GC(10) Concurrent thread roots
[2023-12-13T17:46:02.016-0600][506.394s] GC(10) Using 3 of 10 workers for Concurrent thread roots
[2023-12-13T17:46:02.018-0600][506.396s] GC(10) Concurrent thread roots 1.851ms
[2023-12-13T17:46:02.018-0600][506.396s] GC(10) Concurrent weak references
[2023-12-13T17:46:02.018-0600][506.396s] GC(10) Using 3 of 10 workers for concurrent weak references
[2023-12-13T17:46:02.018-0600][506.396s] GC(10) Encountered references: Soft: 12885, Weak: 65123, Final: 119, Phantom: 909
[2023-12-13T17:46:02.018-0600][506.396s] GC(10) Discovered  references: Soft: 0, Weak: 8744, Final: 57, Phantom: 694
[2023-12-13T17:46:02.018-0600][506.396s] GC(10) Enqueued    references: Soft: 0, Weak: 23, Final: 42, Phantom: 94
[2023-12-13T17:46:02.018-0600][506.396s] GC(10) Concurrent weak references 0.404ms
[2023-12-13T17:46:02.018-0600][506.396s] GC(10) Concurrent weak roots
[2023-12-13T17:46:02.018-0600][506.396s] GC(10) Using 3 of 10 workers for concurrent weak root
[2023-12-13T17:46:02.085-0600][506.463s] GC(10) Concurrent weak roots 66.561ms
[2023-12-13T17:46:02.085-0600][506.463s] GC(10) Concurrent cleanup
[2023-12-13T17:46:02.085-0600][506.463s] GC(10) Concurrent cleanup 12350M->5094M(16384M) 0.048ms
[2023-12-13T17:46:02.085-0600][506.463s] GC(10) Free: 10464M, Max: 8192K regular, 2912M humongous, Frag: 73% external, 0% internal; Reserve: 818M, Max: 8192K
[2023-12-13T17:46:02.085-0600][506.463s] GC(10) Concurrent class unloading
[2023-12-13T17:46:02.085-0600][506.463s] GC(10) Using 3 of 10 workers for concurrent class unloading
[2023-12-13T17:46:02.096-0600][506.474s] GC(10) Concurrent class unloading 11.419ms
[2023-12-13T17:46:02.096-0600][506.474s] GC(10) Concurrent strong roots
[2023-12-13T17:46:02.096-0600][506.474s] GC(10) Using 3 of 10 workers for concurrent strong root
[2023-12-13T17:46:02.097-0600][506.475s] GC(10) Concurrent strong roots 0.382ms
[2023-12-13T17:46:02.097-0600][506.475s] GC(10) Concurrent evacuation
[2023-12-13T17:46:02.097-0600][506.475s] GC(10) Using 3 of 10 workers for concurrent evacuation
[2023-12-13T17:46:02.127-0600][506.505s] GC(10) Concurrent evacuation 29.948ms
[2023-12-13T17:46:02.127-0600][506.505s] GC(10) Pause Init Update Refs
[2023-12-13T17:46:02.127-0600][506.505s] GC(10) Pause Init Update Refs 0.026ms
[2023-12-13T17:46:02.139-0600][506.517s] GC(10) Concurrent update references
[2023-12-13T17:46:02.139-0600][506.517s] GC(10) Using 3 of 10 workers for concurrent reference update
[2023-12-13T17:46:02.262-0600][506.639s] GC(10) Concurrent update references 121.796ms
[2023-12-13T17:46:02.262-0600][506.639s] GC(10) Concurrent update thread roots
[2023-12-13T17:46:02.296-0600][506.674s] GC(10) Concurrent update thread roots 34.471ms
[2023-12-13T17:46:02.297-0600][506.675s] GC(10) Pause Final Update Refs
[2023-12-13T17:46:02.298-0600][506.675s] GC(10) Using 10 of 10 workers for final reference update
[2023-12-13T17:46:02.298-0600][506.675s] GC(10) Pause Final Update Refs 0.077ms
[2023-12-13T17:46:02.299-0600][506.676s] GC(10) Concurrent cleanup
[2023-12-13T17:46:02.299-0600][506.676s] GC(10) Concurrent cleanup 5272M->825M(16384M) 0.047ms
[2023-12-13T17:46:02.299-0600][506.676s] Free: 14728M, Max: 8192K regular, 10728M humongous, Frag: 28% external, 0% internal; Reserve: 824M, Max: 8192K
[2023-12-13T17:46:02.299-0600][506.677s] 
[2023-12-13T17:46:02.299-0600][506.677s] All times are wall-clock times, except per-root-class counters, that are sum over
[2023-12-13T17:46:02.299-0600][506.677s] all workers. Dividing the <total> over the root stage time estimates parallelism.
[2023-12-13T17:46:02.299-0600][506.677s] 
[2023-12-13T17:46:02.299-0600][506.677s] Concurrent Reset                  18246 us
[2023-12-13T17:46:02.299-0600][506.677s] Pause Init Mark (G)                2642 us
[2023-12-13T17:46:02.299-0600][506.677s] Pause Init Mark (N)                  84 us
[2023-12-13T17:46:02.299-0600][506.677s]   Update Region States               19 us
[2023-12-13T17:46:02.299-0600][506.677s] Concurrent Mark Roots              1426 us, parallelism: 2.63x
[2023-12-13T17:46:02.299-0600][506.677s]   CMR: <total>                     3751 us
[2023-12-13T17:46:02.299-0600][506.677s]   CMR: Thread Roots                3621 us, workers (us): 1246, 1249, 1126, ---, ---, ---, ---, ---, ---, ---, 
[2023-12-13T17:46:02.299-0600][506.677s]   CMR: VM Strong Roots               16 us, workers (us):   6,   5,   4, ---, ---, ---, ---, ---, ---, ---, 
[2023-12-13T17:46:02.299-0600][506.677s]   CMR: CLDG Roots                   115 us, workers (us): ---, ---, 115, ---, ---, ---, ---, ---, ---, ---, 
[2023-12-13T17:46:02.299-0600][506.677s] Concurrent Marking               243421 us
[2023-12-13T17:46:02.299-0600][506.677s] Pause Final Mark (G)              62366 us
[2023-12-13T17:46:02.299-0600][506.677s] Pause Final Mark (N)               1340 us
[2023-12-13T17:46:02.299-0600][506.677s]   Finish Mark                       926 us
[2023-12-13T17:46:02.299-0600][506.677s]   Update Region States              243 us
[2023-12-13T17:46:02.299-0600][506.677s]   Choose Collection Set              93 us
[2023-12-13T17:46:02.299-0600][506.677s]   Rebuild Free Set                   12 us
[2023-12-13T17:46:02.299-0600][506.677s] Concurrent Thread Roots            1883 us, parallelism: 2.31x
[2023-12-13T17:46:02.299-0600][506.677s]   CTR: <total>                     4345 us
[2023-12-13T17:46:02.299-0600][506.677s]   CTR: Thread Roots                4345 us, workers (us): 1792, 1781, 772, ---, ---, ---, ---, ---, ---, ---, 
[2023-12-13T17:46:02.299-0600][506.677s] Concurrent Weak References          414 us, parallelism: 1.53x
[2023-12-13T17:46:02.299-0600][506.677s]   CWRF: <total>                     632 us
[2023-12-13T17:46:02.299-0600][506.677s]   CWRF: Weak References             632 us, workers (us):  10, 338, 284, ---, ---, ---, ---, ---, ---, ---, 
[2023-12-13T17:46:02.299-0600][506.677s] Concurrent Weak Roots             66594 us
[2023-12-13T17:46:02.299-0600][506.677s]   Roots                            2484 us, parallelism: 2.96x
[2023-12-13T17:46:02.299-0600][506.677s]     CWR: <total>                   7353 us
[2023-12-13T17:46:02.299-0600][506.677s]     CWR: Code Cache Roots          6558 us, workers (us): 2242, 2215, 2101, ---, ---, ---, ---, ---, ---, ---, 
[2023-12-13T17:46:02.299-0600][506.677s]     CWR: VM Weak Roots              679 us, workers (us): 227, 227, 225, ---, ---, ---, ---, ---, ---, ---, 
[2023-12-13T17:46:02.299-0600][506.677s]     CWR: CLDG Roots                 115 us, workers (us): ---, ---, 115, ---, ---, ---, ---, ---, ---, ---, 
[2023-12-13T17:46:02.299-0600][506.677s]   Rendezvous                      64057 us
[2023-12-13T17:46:02.299-0600][506.677s] Concurrent Cleanup                   61 us
[2023-12-13T17:46:02.299-0600][506.677s] Concurrent Class Unloading        11458 us
[2023-12-13T17:46:02.299-0600][506.677s]   Unlink Stale                    10911 us
[2023-12-13T17:46:02.299-0600][506.677s]     System Dictionary               108 us
[2023-12-13T17:46:02.299-0600][506.677s]     Weak Class Links                  0 us
[2023-12-13T17:46:02.299-0600][506.677s]     Code Roots                    10801 us
[2023-12-13T17:46:02.299-0600][506.677s]   Rendezvous                         59 us
[2023-12-13T17:46:02.299-0600][506.677s]   Purge Unlinked                    428 us
[2023-12-13T17:46:02.299-0600][506.677s]     Code Roots                      425 us
[2023-12-13T17:46:02.299-0600][506.677s]     CLDG                              2 us
[2023-12-13T17:46:02.299-0600][506.677s]     Exception Caches                  0 us
[2023-12-13T17:46:02.299-0600][506.677s] Concurrent Strong Roots             402 us, parallelism: 0.65x
[2023-12-13T17:46:02.299-0600][506.677s]   CSR: <total>                      261 us
[2023-12-13T17:46:02.299-0600][506.677s]   CSR: VM Strong Roots                8 us, workers (us):   4,   3,   2, ---, ---, ---, ---, ---, ---, ---, 
[2023-12-13T17:46:02.299-0600][506.677s]   CSR: CLDG Roots                   252 us, workers (us): ---, 252, ---, ---, ---, ---, ---, ---, ---, ---, 
[2023-12-13T17:46:02.299-0600][506.677s] Concurrent Evacuation             29988 us
[2023-12-13T17:46:02.299-0600][506.677s] Pause Init Update Refs (G)        12781 us
[2023-12-13T17:46:02.299-0600][506.677s] Pause Init Update Refs (N)           38 us
[2023-12-13T17:46:02.299-0600][506.677s]   Manage GCLABs                       7 us
[2023-12-13T17:46:02.299-0600][506.677s] Concurrent Update Refs           121831 us
[2023-12-13T17:46:02.299-0600][506.677s] Concurrent Update Thread Roots    34504 us
[2023-12-13T17:46:02.299-0600][506.677s] Pause Final Update Refs (G)        2673 us
[2023-12-13T17:46:02.299-0600][506.677s] Pause Final Update Refs (N)          89 us
[2023-12-13T17:46:02.299-0600][506.677s]   Update Region States               23 us
[2023-12-13T17:46:02.299-0600][506.677s]   Trash Collection Set                5 us
[2023-12-13T17:46:02.299-0600][506.677s]   Rebuild Free Set                    9 us
[2023-12-13T17:46:02.299-0600][506.677s] Concurrent Cleanup                   60 us
[2023-12-13T17:46:02.299-0600][506.677s] Metaspace: 159286K(160960K)->159288K(160960K) NonClass: 136581K(137472K)->136584K(137472K) Class: 22704K(23488K)->22704K(23488K)
[2023-12-13T17:46:19.892-0600][524.270s] Trigger: Free (3272M) is below minimum threshold (3276M)
[2023-12-13T17:46:19.892-0600][524.270s] Free: 3272M, Max: 8192K regular, 2968M humongous, Frag: 10% external, 0% internal; Reserve: 824M, Max: 8192K
[2023-12-13T17:46:19.892-0600][524.270s] GC(11) Concurrent reset
[2023-12-13T17:46:19.892-0600][524.270s] GC(11) Using 3 of 10 workers for concurrent reset
[2023-12-13T17:46:19.900-0600][524.278s] GC(11) Concurrent reset 8.195ms
[2023-12-13T17:46:19.900-0600][524.278s] GC(11) Pause Init Mark (unload classes)
[2023-12-13T17:46:19.900-0600][524.278s] GC(11) Using 10 of 10 workers for init marking
[2023-12-13T17:46:19.900-0600][524.278s] GC(11) Pause Init Mark (unload classes) 0.052ms
[2023-12-13T17:46:19.900-0600][524.278s] GC(11) Concurrent marking roots
[2023-12-13T17:46:19.900-0600][524.278s] GC(11) Using 3 of 10 workers for concurrent marking roots
[2023-12-13T17:46:19.902-0600][524.280s] GC(11) Concurrent marking roots 1.478ms
[2023-12-13T17:46:19.902-0600][524.280s] GC(11) Concurrent marking (unload classes)
[2023-12-13T17:46:19.902-0600][524.280s] GC(11) Using 3 of 10 workers for concurrent marking
[2023-12-13T17:46:20.100-0600][524.477s] GC(11) Concurrent marking (unload classes) 197.761ms
[2023-12-13T17:46:20.100-0600][524.477s] GC(11) Pause Final Mark (unload classes)
[2023-12-13T17:46:20.100-0600][524.478s] GC(11) Using 10 of 10 workers for final marking
[2023-12-13T17:46:20.100-0600][524.478s] GC(11) Adaptive CSet Selection. Target Free: 3959M, Actual Free: 4440M, Max CSet: 682M, Min Garbage: 0B
[2023-12-13T17:46:20.100-0600][524.478s] GC(11) Collectable Garbage: 11497M (99%), Immediate: 520M (4%), CSet: 10977M (95%)
[2023-12-13T17:46:20.100-0600][524.478s] GC(11) Pause Final Mark (unload classes) 0.271ms
[2023-12-13T17:46:20.100-0600][524.478s] GC(11) Concurrent thread roots
[2023-12-13T17:46:20.100-0600][524.478s] GC(11) Using 3 of 10 workers for Concurrent thread roots
[2023-12-13T17:46:20.101-0600][524.479s] GC(11) Concurrent thread roots 1.221ms
[2023-12-13T17:46:20.101-0600][524.479s] GC(11) Concurrent weak references
[2023-12-13T17:46:20.101-0600][524.479s] GC(11) Using 3 of 10 workers for concurrent weak references
[2023-12-13T17:46:20.102-0600][524.480s] GC(11) Encountered references: Soft: 12862, Weak: 68798, Final: 93, Phantom: 892
[2023-12-13T17:46:20.102-0600][524.480s] GC(11) Discovered  references: Soft: 0, Weak: 10095, Final: 19, Phantom: 677
[2023-12-13T17:46:20.102-0600][524.480s] GC(11) Enqueued    references: Soft: 0, Weak: 4, Final: 16, Phantom: 78
[2023-12-13T17:46:20.102-0600][524.480s] GC(11) Concurrent weak references 0.590ms
[2023-12-13T17:46:20.102-0600][524.480s] GC(11) Concurrent weak roots
[2023-12-13T17:46:20.102-0600][524.480s] GC(11) Using 3 of 10 workers for concurrent weak root
[2023-12-13T17:46:20.104-0600][524.482s] GC(11) Concurrent weak roots 2.766ms
[2023-12-13T17:46:20.105-0600][524.482s] GC(11) Concurrent cleanup
[2023-12-13T17:46:20.105-0600][524.482s] GC(11) Concurrent cleanup 12457M->11937M(16384M) 0.022ms
[2023-12-13T17:46:20.105-0600][524.483s] GC(11) Free: 3616M, Max: 8192K regular, 2968M humongous, Frag: 18% external, 0% internal; Reserve: 823M, Max: 8192K
[2023-12-13T17:46:20.105-0600][524.483s] GC(11) Concurrent class unloading
[2023-12-13T17:46:20.105-0600][524.483s] GC(11) Using 3 of 10 workers for concurrent class unloading
[2023-12-13T17:46:20.116-0600][524.494s] GC(11) Concurrent class unloading 11.281ms
[2023-12-13T17:46:20.116-0600][524.494s] GC(11) Concurrent strong roots
[2023-12-13T17:46:20.116-0600][524.494s] GC(11) Using 3 of 10 workers for concurrent strong root
[2023-12-13T17:46:20.116-0600][524.494s] GC(11) Concurrent strong roots 0.396ms
[2023-12-13T17:46:20.116-0600][524.494s] GC(11) Concurrent evacuation
[2023-12-13T17:46:20.116-0600][524.494s] GC(11) Using 3 of 10 workers for concurrent evacuation
[2023-12-13T17:46:20.147-0600][524.525s] GC(11) Concurrent evacuation 30.689ms
[2023-12-13T17:46:20.147-0600][524.525s] GC(11) Pause Init Update Refs
[2023-12-13T17:46:20.147-0600][524.525s] GC(11) Pause Init Update Refs 0.030ms
[2023-12-13T17:46:20.147-0600][524.525s] GC(11) Concurrent update references
[2023-12-13T17:46:20.147-0600][524.525s] GC(11) Using 3 of 10 workers for concurrent reference update
[2023-12-13T17:46:20.244-0600][524.622s] GC(11) Concurrent update references 96.549ms
[2023-12-13T17:46:20.244-0600][524.622s] GC(11) Concurrent update thread roots
[2023-12-13T17:46:20.247-0600][524.625s] GC(11) Concurrent update thread roots 3.337ms
[2023-12-13T17:46:20.247-0600][524.625s] GC(11) Pause Final Update Refs
[2023-12-13T17:46:20.247-0600][524.625s] GC(11) Using 10 of 10 workers for final reference update
[2023-12-13T17:46:20.247-0600][524.625s] GC(11) Pause Final Update Refs 0.064ms
[2023-12-13T17:46:20.247-0600][524.625s] GC(11) Concurrent cleanup
[2023-12-13T17:46:20.247-0600][524.625s] GC(11) Concurrent cleanup 12169M->1065M(16384M) 0.078ms
[2023-12-13T17:46:20.247-0600][524.625s] Free: 14488M, Max: 8192K regular, 8752M humongous, Frag: 40% external, 0% internal; Reserve: 824M, Max: 8192K
[2023-12-13T17:46:20.247-0600][524.625s] 
[2023-12-13T17:46:20.247-0600][524.625s] All times are wall-clock times, except per-root-class counters, that are sum over
[2023-12-13T17:46:20.247-0600][524.625s] all workers. Dividing the <total> over the root stage time estimates parallelism.
[2023-12-13T17:46:20.247-0600][524.625s] 
[2023-12-13T17:46:20.247-0600][524.625s] Concurrent Reset                   8226 us
[2023-12-13T17:46:20.247-0600][524.625s] Pause Init Mark (G)                 131 us
[2023-12-13T17:46:20.247-0600][524.625s] Pause Init Mark (N)                  72 us
[2023-12-13T17:46:20.247-0600][524.625s]   Update Region States               12 us
[2023-12-13T17:46:20.247-0600][524.625s] Concurrent Mark Roots              1494 us, parallelism: 2.55x
[2023-12-13T17:46:20.247-0600][524.625s]   CMR: <total>                     3803 us
[2023-12-13T17:46:20.247-0600][524.625s]   CMR: Thread Roots                3683 us, workers (us): 1228, 1232, 1224, ---, ---, ---, ---, ---, ---, ---, 
[2023-12-13T17:46:20.247-0600][524.625s]   CMR: VM Strong Roots               13 us, workers (us):   4,   5,   4, ---, ---, ---, ---, ---, ---, ---, 
[2023-12-13T17:46:20.247-0600][524.625s]   CMR: CLDG Roots                   107 us, workers (us): ---, ---, 107, ---, ---, ---, ---, ---, ---, ---, 
[2023-12-13T17:46:20.247-0600][524.625s] Concurrent Marking               197799 us
[2023-12-13T17:46:20.247-0600][524.625s] Pause Final Mark (G)                316 us
[2023-12-13T17:46:20.247-0600][524.625s] Pause Final Mark (N)                281 us
[2023-12-13T17:46:20.247-0600][524.625s]   Finish Mark                        45 us
[2023-12-13T17:46:20.247-0600][524.625s]   Update Region States               12 us
[2023-12-13T17:46:20.247-0600][524.625s]   Choose Collection Set             176 us
[2023-12-13T17:46:20.247-0600][524.625s]   Rebuild Free Set                    6 us
[2023-12-13T17:46:20.247-0600][524.626s] Concurrent Thread Roots            1238 us, parallelism: 2.85x
[2023-12-13T17:46:20.247-0600][524.626s]   CTR: <total>                     3535 us
[2023-12-13T17:46:20.248-0600][524.626s]   CTR: Thread Roots                3535 us, workers (us): 1181, 1178, 1176, ---, ---, ---, ---, ---, ---, ---, 
[2023-12-13T17:46:20.248-0600][524.626s] Concurrent Weak References          599 us, parallelism: 0.97x
[2023-12-13T17:46:20.248-0600][524.626s]   CWRF: <total>                     580 us
[2023-12-13T17:46:20.248-0600][524.626s]   CWRF: Weak References             580 us, workers (us):  40, 531,   9, ---, ---, ---, ---, ---, ---, ---, 
[2023-12-13T17:46:20.248-0600][524.626s] Concurrent Weak Roots              2792 us
[2023-12-13T17:46:20.248-0600][524.626s]   Roots                            2702 us, parallelism: 2.96x
[2023-12-13T17:46:20.248-0600][524.626s]     CWR: <total>                   7992 us
[2023-12-13T17:46:20.248-0600][524.626s]     CWR: Code Cache Roots          7154 us, workers (us): 2406, 2449, 2300, ---, ---, ---, ---, ---, ---, ---, 
[2023-12-13T17:46:20.248-0600][524.626s]     CWR: VM Weak Roots              704 us, workers (us): 240, 239, 225, ---, ---, ---, ---, ---, ---, ---, 
[2023-12-13T17:46:20.248-0600][524.626s]     CWR: CLDG Roots                 134 us, workers (us): ---, ---, 134, ---, ---, ---, ---, ---, ---, ---, 
[2023-12-13T17:46:20.248-0600][524.626s]   Rendezvous                         46 us
[2023-12-13T17:46:20.248-0600][524.626s] Concurrent Cleanup                   78 us
[2023-12-13T17:46:20.248-0600][524.626s] Concurrent Class Unloading        11314 us
[2023-12-13T17:46:20.248-0600][524.626s]   Unlink Stale                    10778 us
[2023-12-13T17:46:20.248-0600][524.626s]     System Dictionary               101 us
[2023-12-13T17:46:20.248-0600][524.626s]     Weak Class Links                  0 us
[2023-12-13T17:46:20.248-0600][524.626s]     Code Roots                    10676 us
[2023-12-13T17:46:20.248-0600][524.626s]   Rendezvous                         59 us
[2023-12-13T17:46:20.248-0600][524.626s]   Purge Unlinked                    422 us
[2023-12-13T17:46:20.248-0600][524.626s]     Code Roots                      420 us
[2023-12-13T17:46:20.248-0600][524.626s]     CLDG                              2 us
[2023-12-13T17:46:20.248-0600][524.626s]     Exception Caches                  0 us
[2023-12-13T17:46:20.248-0600][524.626s] Concurrent Strong Roots             418 us, parallelism: 0.65x
[2023-12-13T17:46:20.248-0600][524.626s]   CSR: <total>                      272 us
[2023-12-13T17:46:20.248-0600][524.626s]   CSR: VM Strong Roots                8 us, workers (us):   3,   2,   2, ---, ---, ---, ---, ---, ---, ---, 
[2023-12-13T17:46:20.248-0600][524.626s]   CSR: CLDG Roots                   264 us, workers (us): ---, ---, 264, ---, ---, ---, ---, ---, ---, ---, 
[2023-12-13T17:46:20.248-0600][524.626s] Concurrent Evacuation             30731 us
[2023-12-13T17:46:20.248-0600][524.626s] Pause Init Update Refs (G)          106 us
[2023-12-13T17:46:20.248-0600][524.626s] Pause Init Update Refs (N)           42 us
[2023-12-13T17:46:20.248-0600][524.626s]   Manage GCLABs                       6 us
[2023-12-13T17:46:20.248-0600][524.626s] Concurrent Update Refs            96593 us
[2023-12-13T17:46:20.248-0600][524.626s] Concurrent Update Thread Roots     3367 us
[2023-12-13T17:46:20.248-0600][524.626s] Pause Final Update Refs (G)         113 us
[2023-12-13T17:46:20.248-0600][524.626s] Pause Final Update Refs (N)          77 us
[2023-12-13T17:46:20.248-0600][524.626s]   Update Region States               20 us
[2023-12-13T17:46:20.248-0600][524.626s]   Trash Collection Set                8 us
[2023-12-13T17:46:20.248-0600][524.626s]   Rebuild Free Set                    7 us
[2023-12-13T17:46:20.248-0600][524.626s] Concurrent Cleanup                   91 us
[2023-12-13T17:46:20.248-0600][524.626s] Metaspace: 159454K(161088K)->159456K(161088K) NonClass: 136743K(137600K)->136745K(137600K) Class: 22710K(23488K)->22710K(23488K)
[2023-12-13T17:47:08.261-0600][572.639s] Trigger: Free (3272M) is below minimum threshold (3276M)
[2023-12-13T17:47:08.261-0600][572.639s] Free: 3272M, Max: 8192K regular, 2896M humongous, Frag: 12% external, 0% internal; Reserve: 824M, Max: 8192K
[2023-12-13T17:47:08.261-0600][572.639s] GC(12) Concurrent reset
[2023-12-13T17:47:08.261-0600][572.639s] GC(12) Using 3 of 10 workers for concurrent reset
[2023-12-13T17:47:08.281-0600][572.659s] GC(12) Concurrent reset 20.126ms
[2023-12-13T17:47:08.281-0600][572.659s] GC(12) Pause Init Mark (unload classes)
[2023-12-13T17:47:08.281-0600][572.659s] GC(12) Using 10 of 10 workers for init marking
[2023-12-13T17:47:08.281-0600][572.659s] GC(12) Pause Init Mark (unload classes) 0.054ms
[2023-12-13T17:47:08.281-0600][572.659s] GC(12) Concurrent marking roots
[2023-12-13T17:47:08.281-0600][572.659s] GC(12) Using 3 of 10 workers for concurrent marking roots
[2023-12-13T17:47:08.283-0600][572.661s] GC(12) Concurrent marking roots 1.446ms
[2023-12-13T17:47:08.283-0600][572.661s] GC(12) Concurrent marking (unload classes)
[2023-12-13T17:47:08.283-0600][572.661s] GC(12) Using 3 of 10 workers for concurrent marking
[2023-12-13T17:47:08.492-0600][572.869s] GC(12) Concurrent marking (unload classes) 208.912ms
[2023-12-13T17:47:08.492-0600][572.870s] GC(12) Pause Final Mark (unload classes)
[2023-12-13T17:47:08.492-0600][572.870s] GC(12) Using 10 of 10 workers for final marking
[2023-12-13T17:47:08.492-0600][572.870s] GC(12) Adaptive CSet Selection. Target Free: 3959M, Actual Free: 4552M, Max CSet: 682M, Min Garbage: 0B
[2023-12-13T17:47:08.492-0600][572.870s] GC(12) Collectable Garbage: 11485M (99%), Immediate: 648M (5%), CSet: 10837M (93%)
[2023-12-13T17:47:08.492-0600][572.870s] GC(12) Pause Final Mark (unload classes) 0.255ms
[2023-12-13T17:47:08.492-0600][572.870s] GC(12) Concurrent thread roots
[2023-12-13T17:47:08.492-0600][572.870s] GC(12) Using 3 of 10 workers for Concurrent thread roots
[2023-12-13T17:47:08.493-0600][572.871s] GC(12) Concurrent thread roots 1.260ms
[2023-12-13T17:47:08.493-0600][572.871s] GC(12) Concurrent weak references
[2023-12-13T17:47:08.493-0600][572.871s] GC(12) Using 3 of 10 workers for concurrent weak references
[2023-12-13T17:47:08.494-0600][572.872s] GC(12) Encountered references: Soft: 12865, Weak: 72639, Final: 117, Phantom: 1027
[2023-12-13T17:47:08.494-0600][572.872s] GC(12) Discovered  references: Soft: 0, Weak: 12648, Final: 40, Phantom: 817
[2023-12-13T17:47:08.494-0600][572.872s] GC(12) Enqueued    references: Soft: 0, Weak: 24, Final: 40, Phantom: 206
[2023-12-13T17:47:08.494-0600][572.872s] GC(12) Concurrent weak references 0.554ms
[2023-12-13T17:47:08.494-0600][572.872s] GC(12) Concurrent weak roots
[2023-12-13T17:47:08.494-0600][572.872s] GC(12) Using 3 of 10 workers for concurrent weak root
[2023-12-13T17:47:08.496-0600][572.874s] GC(12) Concurrent weak roots 2.521ms
[2023-12-13T17:47:08.496-0600][572.874s] GC(12) Concurrent cleanup
[2023-12-13T17:47:08.496-0600][572.874s] GC(12) Concurrent cleanup 12471M->11823M(16384M) 0.017ms
[2023-12-13T17:47:08.496-0600][572.874s] GC(12) Free: 3728M, Max: 8192K regular, 2896M humongous, Frag: 22% external, 0% internal; Reserve: 823M, Max: 8192K
[2023-12-13T17:47:08.496-0600][572.874s] GC(12) Concurrent class unloading
[2023-12-13T17:47:08.496-0600][572.874s] GC(12) Using 3 of 10 workers for concurrent class unloading
[2023-12-13T17:47:08.508-0600][572.886s] GC(12) Concurrent class unloading 11.346ms
[2023-12-13T17:47:08.508-0600][572.886s] GC(12) Concurrent strong roots
[2023-12-13T17:47:08.508-0600][572.886s] GC(12) Using 3 of 10 workers for concurrent strong root
[2023-12-13T17:47:08.508-0600][572.886s] GC(12) Concurrent strong roots 0.356ms
[2023-12-13T17:47:08.508-0600][572.886s] GC(12) Concurrent evacuation
[2023-12-13T17:47:08.508-0600][572.886s] GC(12) Using 3 of 10 workers for concurrent evacuation
[2023-12-13T17:47:08.545-0600][572.923s] GC(12) Concurrent evacuation 36.622ms
[2023-12-13T17:47:08.545-0600][572.923s] GC(12) Pause Init Update Refs
[2023-12-13T17:47:08.545-0600][572.923s] GC(12) Pause Init Update Refs 0.031ms
[2023-12-13T17:47:08.545-0600][572.923s] GC(12) Concurrent update references
[2023-12-13T17:47:08.545-0600][572.923s] GC(12) Using 3 of 10 workers for concurrent reference update
[2023-12-13T17:47:08.644-0600][573.022s] GC(12) Concurrent update references 99.241ms
[2023-12-13T17:47:08.644-0600][573.022s] GC(12) Concurrent update thread roots
[2023-12-13T17:47:08.647-0600][573.025s] GC(12) Concurrent update thread roots 3.120ms
[2023-12-13T17:47:08.647-0600][573.025s] GC(12) Pause Final Update Refs
[2023-12-13T17:47:08.647-0600][573.025s] GC(12) Using 10 of 10 workers for final reference update
[2023-12-13T17:47:08.647-0600][573.025s] GC(12) Pause Final Update Refs 0.071ms
[2023-12-13T17:47:08.648-0600][573.026s] GC(12) Concurrent cleanup
[2023-12-13T17:47:08.648-0600][573.026s] GC(12) Concurrent cleanup 12079M->1081M(16384M) 0.088ms
[2023-12-13T17:47:08.648-0600][573.026s] Free: 14472M, Max: 8192K regular, 9408M humongous, Frag: 35% external, 0% internal; Reserve: 824M, Max: 8192K
[2023-12-13T17:47:08.648-0600][573.026s] 
[2023-12-13T17:47:08.648-0600][573.026s] All times are wall-clock times, except per-root-class counters, that are sum over
[2023-12-13T17:47:08.648-0600][573.026s] all workers. Dividing the <total> over the root stage time estimates parallelism.
[2023-12-13T17:47:08.648-0600][573.026s] 
[2023-12-13T17:47:08.648-0600][573.026s] Concurrent Reset                  20168 us
[2023-12-13T17:47:08.648-0600][573.026s] Pause Init Mark (G)                 135 us
[2023-12-13T17:47:08.648-0600][573.026s] Pause Init Mark (N)                  75 us
[2023-12-13T17:47:08.648-0600][573.026s]   Update Region States               13 us
[2023-12-13T17:47:08.648-0600][573.026s] Concurrent Mark Roots              1465 us, parallelism: 2.65x
[2023-12-13T17:47:08.648-0600][573.026s]   CMR: <total>                     3884 us
[2023-12-13T17:47:08.648-0600][573.026s]   CMR: Thread Roots                3758 us, workers (us): 1282, 1290, 1185, ---, ---, ---, ---, ---, ---, ---, 
[2023-12-13T17:47:08.648-0600][573.026s]   CMR: VM Strong Roots               15 us, workers (us):   6,   5,   4, ---, ---, ---, ---, ---, ---, ---, 
[2023-12-13T17:47:08.648-0600][573.026s]   CMR: CLDG Roots                   111 us, workers (us): ---, ---, 111, ---, ---, ---, ---, ---, ---, ---, 
[2023-12-13T17:47:08.648-0600][573.026s] Concurrent Marking               208948 us
[2023-12-13T17:47:08.648-0600][573.026s] Pause Final Mark (G)                319 us
[2023-12-13T17:47:08.648-0600][573.026s] Pause Final Mark (N)                265 us
[2023-12-13T17:47:08.648-0600][573.026s]   Finish Mark                        43 us
[2023-12-13T17:47:08.648-0600][573.026s]   Update Region States               13 us
[2023-12-13T17:47:08.648-0600][573.026s]   Choose Collection Set             156 us
[2023-12-13T17:47:08.648-0600][573.026s]   Rebuild Free Set                    6 us
[2023-12-13T17:47:08.648-0600][573.026s] Concurrent Thread Roots            1279 us, parallelism: 2.86x
[2023-12-13T17:47:08.648-0600][573.026s]   CTR: <total>                     3660 us
[2023-12-13T17:47:08.648-0600][573.026s]   CTR: Thread Roots                3660 us, workers (us): 1218, 1220, 1222, ---, ---, ---, ---, ---, ---, ---, 
[2023-12-13T17:47:08.648-0600][573.026s] Concurrent Weak References          563 us, parallelism: 1.47x
[2023-12-13T17:47:08.648-0600][573.026s]   CWRF: <total>                     826 us
[2023-12-13T17:47:08.648-0600][573.026s]   CWRF: Weak References             826 us, workers (us): 490,  40, 295, ---, ---, ---, ---, ---, ---, ---, 
[2023-12-13T17:47:08.648-0600][573.026s] Concurrent Weak Roots              2538 us
[2023-12-13T17:47:08.648-0600][573.026s]   Roots                            2474 us, parallelism: 2.97x
[2023-12-13T17:47:08.648-0600][573.026s]     CWR: <total>                   7346 us
[2023-12-13T17:47:08.648-0600][573.026s]     CWR: Code Cache Roots          6567 us, workers (us): 2237, 2199, 2132, ---, ---, ---, ---, ---, ---, ---, 
[2023-12-13T17:47:08.648-0600][573.026s]     CWR: VM Weak Roots              674 us, workers (us): 225, 225, 224, ---, ---, ---, ---, ---, ---, ---, 
[2023-12-13T17:47:08.648-0600][573.026s]     CWR: CLDG Roots                 105 us, workers (us): ---, ---, 105, ---, ---, ---, ---, ---, ---, ---, 
[2023-12-13T17:47:08.648-0600][573.026s]   Rendezvous                         29 us
[2023-12-13T17:47:08.648-0600][573.026s] Concurrent Cleanup                   28 us
[2023-12-13T17:47:08.648-0600][573.026s] Concurrent Class Unloading        11376 us
[2023-12-13T17:47:08.648-0600][573.026s]   Unlink Stale                    10883 us
[2023-12-13T17:47:08.648-0600][573.026s]     System Dictionary               102 us
[2023-12-13T17:47:08.648-0600][573.026s]     Weak Class Links                  0 us
[2023-12-13T17:47:08.648-0600][573.026s]     Code Roots                    10781 us
[2023-12-13T17:47:08.648-0600][573.026s]   Rendezvous                         55 us
[2023-12-13T17:47:08.648-0600][573.026s]   Purge Unlinked                    388 us
[2023-12-13T17:47:08.648-0600][573.026s]     Code Roots                      386 us
[2023-12-13T17:47:08.648-0600][573.026s]     CLDG                              2 us
[2023-12-13T17:47:08.648-0600][573.026s]     Exception Caches                  0 us
[2023-12-13T17:47:08.648-0600][573.026s] Concurrent Strong Roots             377 us, parallelism: 0.64x
[2023-12-13T17:47:08.648-0600][573.026s]   CSR: <total>                      242 us
[2023-12-13T17:47:08.648-0600][573.026s]   CSR: VM Strong Roots                8 us, workers (us):   3,   3,   2, ---, ---, ---, ---, ---, ---, ---, 
[2023-12-13T17:47:08.648-0600][573.026s]   CSR: CLDG Roots                   234 us, workers (us): ---, 234, ---, ---, ---, ---, ---, ---, ---, ---, 
[2023-12-13T17:47:08.648-0600][573.026s] Concurrent Evacuation             36654 us
[2023-12-13T17:47:08.648-0600][573.026s] Pause Init Update Refs (G)           96 us
[2023-12-13T17:47:08.648-0600][573.026s] Pause Init Update Refs (N)           42 us
[2023-12-13T17:47:08.648-0600][573.026s]   Manage GCLABs                       6 us
[2023-12-13T17:47:08.648-0600][573.026s] Concurrent Update Refs            99273 us
[2023-12-13T17:47:08.648-0600][573.026s] Concurrent Update Thread Roots     3145 us
[2023-12-13T17:47:08.648-0600][573.026s] Pause Final Update Refs (G)         639 us
[2023-12-13T17:47:08.648-0600][573.026s] Pause Final Update Refs (N)          82 us
[2023-12-13T17:47:08.648-0600][573.026s]   Update Region States               20 us
[2023-12-13T17:47:08.648-0600][573.026s]   Trash Collection Set                8 us
[2023-12-13T17:47:08.648-0600][573.026s]   Rebuild Free Set                    8 us
[2023-12-13T17:47:08.648-0600][573.026s] Concurrent Cleanup                  101 us
[2023-12-13T17:47:08.648-0600][573.026s] Metaspace: 159634K(161344K)->159635K(161344K) NonClass: 136901K(137792K)->136902K(137792K) Class: 22732K(23552K)->22732K(23552K)
[2023-12-13T17:47:22.683-0600][587.061s] Trigger: Free (3264M) is below minimum threshold (3276M)
[2023-12-13T17:47:22.683-0600][587.061s] Free: 3264M, Max: 8192K regular, 2872M humongous, Frag: 12% external, 0% internal; Reserve: 824M, Max: 8192K
[2023-12-13T17:47:22.683-0600][587.061s] GC(13) Concurrent reset
[2023-12-13T17:47:22.683-0600][587.061s] GC(13) Using 3 of 10 workers for concurrent reset
[2023-12-13T17:47:22.703-0600][587.081s] GC(13) Concurrent reset 20.160ms
[2023-12-13T17:47:22.703-0600][587.081s] GC(13) Pause Init Mark (unload classes)
[2023-12-13T17:47:22.703-0600][587.081s] GC(13) Using 10 of 10 workers for init marking
[2023-12-13T17:47:22.703-0600][587.081s] GC(13) Pause Init Mark (unload classes) 0.051ms
[2023-12-13T17:47:22.703-0600][587.081s] GC(13) Concurrent marking roots
[2023-12-13T17:47:22.703-0600][587.081s] GC(13) Using 3 of 10 workers for concurrent marking roots
[2023-12-13T17:47:22.705-0600][587.083s] GC(13) Concurrent marking roots 1.403ms
[2023-12-13T17:47:22.705-0600][587.083s] GC(13) Concurrent marking (unload classes)
[2023-12-13T17:47:22.705-0600][587.083s] GC(13) Using 3 of 10 workers for concurrent marking
[2023-12-13T17:47:22.892-0600][587.270s] GC(13) Concurrent marking (unload classes) 186.661ms
[2023-12-13T17:47:22.892-0600][587.270s] GC(13) Pause Final Mark (unload classes)
[2023-12-13T17:47:22.892-0600][587.270s] GC(13) Using 10 of 10 workers for final marking
[2023-12-13T17:47:22.892-0600][587.270s] GC(13) Adaptive CSet Selection. Target Free: 3959M, Actual Free: 7744M, Max CSet: 682M, Min Garbage: 0B
[2023-12-13T17:47:22.892-0600][587.270s] GC(13) Collectable Garbage: 11536M (99%), Immediate: 3880M (33%), CSet: 7656M (66%)
[2023-12-13T17:47:22.892-0600][587.270s] GC(13) Pause Final Mark (unload classes) 0.235ms
[2023-12-13T17:47:22.892-0600][587.270s] GC(13) Concurrent thread roots
[2023-12-13T17:47:22.892-0600][587.270s] GC(13) Using 3 of 10 workers for Concurrent thread roots
[2023-12-13T17:47:22.893-0600][587.271s] GC(13) Concurrent thread roots 1.241ms
[2023-12-13T17:47:22.893-0600][587.271s] GC(13) Concurrent weak references
[2023-12-13T17:47:22.893-0600][587.271s] GC(13) Using 3 of 10 workers for concurrent weak references
[2023-12-13T17:47:22.894-0600][587.272s] GC(13) Encountered references: Soft: 12871, Weak: 72898, Final: 93, Phantom: 889
[2023-12-13T17:47:22.894-0600][587.272s] GC(13) Discovered  references: Soft: 0, Weak: 10429, Final: 40, Phantom: 603
[2023-12-13T17:47:22.894-0600][587.272s] GC(13) Enqueued    references: Soft: 0, Weak: 12, Final: 16, Phantom: 58
[2023-12-13T17:47:22.894-0600][587.272s] GC(13) Concurrent weak references 0.615ms
[2023-12-13T17:47:22.894-0600][587.272s] GC(13) Concurrent weak roots
[2023-12-13T17:47:22.894-0600][587.272s] GC(13) Using 3 of 10 workers for concurrent weak root
[2023-12-13T17:47:22.896-0600][587.274s] GC(13) Concurrent weak roots 2.471ms
[2023-12-13T17:47:22.896-0600][587.274s] GC(13) Concurrent cleanup
[2023-12-13T17:47:22.896-0600][587.274s] GC(13) Concurrent cleanup 12497M->8617M(16384M) 0.028ms
[2023-12-13T17:47:22.896-0600][587.274s] GC(13) Free: 6936M, Max: 8192K regular, 2872M humongous, Frag: 59% external, 0% internal; Reserve: 823M, Max: 8192K
[2023-12-13T17:47:22.897-0600][587.274s] GC(13) Concurrent class unloading
[2023-12-13T17:47:22.897-0600][587.274s] GC(13) Using 3 of 10 workers for concurrent class unloading
[2023-12-13T17:47:22.907-0600][587.285s] GC(13) Concurrent class unloading 10.955ms
[2023-12-13T17:47:22.907-0600][587.285s] GC(13) Concurrent strong roots
[2023-12-13T17:47:22.907-0600][587.285s] GC(13) Using 3 of 10 workers for concurrent strong root
[2023-12-13T17:47:22.908-0600][587.286s] GC(13) Concurrent strong roots 0.380ms
[2023-12-13T17:47:22.908-0600][587.286s] GC(13) Concurrent evacuation
[2023-12-13T17:47:22.908-0600][587.286s] GC(13) Using 3 of 10 workers for concurrent evacuation
[2023-12-13T17:47:22.933-0600][587.310s] GC(13) Concurrent evacuation 24.849ms
[2023-12-13T17:47:22.933-0600][587.311s] GC(13) Pause Init Update Refs
[2023-12-13T17:47:22.933-0600][587.311s] GC(13) Pause Init Update Refs 0.031ms
[2023-12-13T17:47:22.933-0600][587.311s] GC(13) Concurrent update references
[2023-12-13T17:47:22.933-0600][587.311s] GC(13) Using 3 of 10 workers for concurrent reference update
[2023-12-13T17:47:23.021-0600][587.399s] GC(13) Concurrent update references 88.679ms
[2023-12-13T17:47:23.021-0600][587.399s] GC(13) Concurrent update thread roots
[2023-12-13T17:47:23.025-0600][587.403s] GC(13) Concurrent update thread roots 3.192ms
[2023-12-13T17:47:23.025-0600][587.403s] GC(13) Pause Final Update Refs
[2023-12-13T17:47:23.025-0600][587.403s] GC(13) Using 10 of 10 workers for final reference update
[2023-12-13T17:47:23.025-0600][587.403s] GC(13) Pause Final Update Refs 0.064ms
[2023-12-13T17:47:23.025-0600][587.403s] GC(13) Concurrent cleanup
[2023-12-13T17:47:23.025-0600][587.403s] GC(13) Concurrent cleanup 8866M->1082M(16384M) 0.056ms
[2023-12-13T17:47:23.025-0600][587.403s] Free: 14471M, Max: 8192K regular, 10784M humongous, Frag: 26% external, 0% internal; Reserve: 824M, Max: 8192K
[2023-12-13T17:47:23.025-0600][587.403s] 
[2023-12-13T17:47:23.025-0600][587.403s] All times are wall-clock times, except per-root-class counters, that are sum over
[2023-12-13T17:47:23.025-0600][587.403s] all workers. Dividing the <total> over the root stage time estimates parallelism.
[2023-12-13T17:47:23.025-0600][587.403s] 
[2023-12-13T17:47:23.025-0600][587.403s] Concurrent Reset                  20191 us
[2023-12-13T17:47:23.025-0600][587.403s] Pause Init Mark (G)                 116 us
[2023-12-13T17:47:23.025-0600][587.403s] Pause Init Mark (N)                  71 us
[2023-12-13T17:47:23.025-0600][587.403s]   Update Region States               12 us
[2023-12-13T17:47:23.025-0600][587.403s] Concurrent Mark Roots              1419 us, parallelism: 2.60x
[2023-12-13T17:47:23.025-0600][587.403s]   CMR: <total>                     3696 us
[2023-12-13T17:47:23.025-0600][587.403s]   CMR: Thread Roots                3539 us, workers (us): 1084, 1236, 1219, ---, ---, ---, ---, ---, ---, ---, 
[2023-12-13T17:47:23.025-0600][587.403s]   CMR: VM Strong Roots               14 us, workers (us):   7,   7,   0, ---, ---, ---, ---, ---, ---, ---, 
[2023-12-13T17:47:23.025-0600][587.403s]   CMR: CLDG Roots                   143 us, workers (us): 143, ---, ---, ---, ---, ---, ---, ---, ---, ---, 
[2023-12-13T17:47:23.025-0600][587.403s] Concurrent Marking               186690 us
[2023-12-13T17:47:23.025-0600][587.403s] Pause Final Mark (G)                285 us
[2023-12-13T17:47:23.025-0600][587.403s] Pause Final Mark (N)                245 us
[2023-12-13T17:47:23.025-0600][587.403s]   Finish Mark                        39 us
[2023-12-13T17:47:23.025-0600][587.403s]   Update Region States               13 us
[2023-12-13T17:47:23.025-0600][587.403s]   Choose Collection Set             137 us
[2023-12-13T17:47:23.025-0600][587.403s]   Rebuild Free Set                    9 us
[2023-12-13T17:47:23.025-0600][587.403s] Concurrent Thread Roots            1257 us, parallelism: 2.88x
[2023-12-13T17:47:23.025-0600][587.403s]   CTR: <total>                     3624 us
[2023-12-13T17:47:23.025-0600][587.403s]   CTR: Thread Roots                3624 us, workers (us): 1209, 1211, 1204, ---, ---, ---, ---, ---, ---, ---, 
[2023-12-13T17:47:23.025-0600][587.403s] Concurrent Weak References          624 us, parallelism: 0.98x
[2023-12-13T17:47:23.025-0600][587.403s]   CWRF: <total>                     613 us
[2023-12-13T17:47:23.025-0600][587.403s]   CWRF: Weak References             613 us, workers (us):  10, 562,  41, ---, ---, ---, ---, ---, ---, ---, 
[2023-12-13T17:47:23.025-0600][587.403s] Concurrent Weak Roots              2484 us
[2023-12-13T17:47:23.025-0600][587.403s]   Roots                            2419 us, parallelism: 2.95x
[2023-12-13T17:47:23.025-0600][587.403s]     CWR: <total>                   7139 us
[2023-12-13T17:47:23.025-0600][587.403s]     CWR: Code Cache Roots          6380 us, workers (us): 2149, 2043, 2188, ---, ---, ---, ---, ---, ---, ---, 
[2023-12-13T17:47:23.025-0600][587.403s]     CWR: VM Weak Roots              655 us, workers (us): 219, 218, 218, ---, ---, ---, ---, ---, ---, ---, 
[2023-12-13T17:47:23.025-0600][587.403s]     CWR: CLDG Roots                 104 us, workers (us): ---, 104, ---, ---, ---, ---, ---, ---, ---, ---, 
[2023-12-13T17:47:23.025-0600][587.403s]   Rendezvous                         36 us
[2023-12-13T17:47:23.025-0600][587.403s] Concurrent Cleanup                   37 us
[2023-12-13T17:47:23.025-0600][587.403s] Concurrent Class Unloading        10976 us
[2023-12-13T17:47:23.025-0600][587.403s]   Unlink Stale                    10545 us
[2023-12-13T17:47:23.025-0600][587.403s]     System Dictionary                93 us
[2023-12-13T17:47:23.025-0600][587.403s]     Weak Class Links                  0 us
[2023-12-13T17:47:23.025-0600][587.403s]     Code Roots                    10451 us
[2023-12-13T17:47:23.025-0600][587.403s]   Rendezvous                         39 us
[2023-12-13T17:47:23.025-0600][587.403s]   Purge Unlinked                    355 us
[2023-12-13T17:47:23.025-0600][587.403s]     Code Roots                      353 us
[2023-12-13T17:47:23.025-0600][587.403s]     CLDG                              2 us
[2023-12-13T17:47:23.025-0600][587.403s]     Exception Caches                  0 us
[2023-12-13T17:47:23.025-0600][587.403s] Concurrent Strong Roots             391 us, parallelism: 0.68x
[2023-12-13T17:47:23.025-0600][587.403s]   CSR: <total>                      267 us
[2023-12-13T17:47:23.025-0600][587.403s]   CSR: VM Strong Roots                7 us, workers (us):   2,   2,   3, ---, ---, ---, ---, ---, ---, ---, 
[2023-12-13T17:47:23.025-0600][587.403s]   CSR: CLDG Roots                   260 us, workers (us): 260, ---, ---, ---, ---, ---, ---, ---, ---, ---, 
[2023-12-13T17:47:23.025-0600][587.403s] Concurrent Evacuation             24881 us
[2023-12-13T17:47:23.025-0600][587.403s] Pause Init Update Refs (G)          112 us
[2023-12-13T17:47:23.025-0600][587.403s] Pause Init Update Refs (N)           44 us
[2023-12-13T17:47:23.025-0600][587.403s]   Manage GCLABs                       6 us
[2023-12-13T17:47:23.025-0600][587.403s] Concurrent Update Refs            88708 us
[2023-12-13T17:47:23.025-0600][587.403s] Concurrent Update Thread Roots     3218 us
[2023-12-13T17:47:23.025-0600][587.403s] Pause Final Update Refs (G)         105 us
[2023-12-13T17:47:23.025-0600][587.403s] Pause Final Update Refs (N)          76 us
[2023-12-13T17:47:23.025-0600][587.403s]   Update Region States               17 us
[2023-12-13T17:47:23.025-0600][587.403s]   Trash Collection Set               10 us
[2023-12-13T17:47:23.025-0600][587.403s]   Rebuild Free Set                   11 us
[2023-12-13T17:47:23.025-0600][587.403s] Concurrent Cleanup                   68 us
[2023-12-13T17:47:23.025-0600][587.403s] Metaspace: 159684K(161408K)->159685K(161408K) NonClass: 136951K(137856K)->136952K(137856K) Class: 22733K(23552K)->22733K(23552K)
[2023-12-13T17:47:55.495-0600][619.872s] Cancelling GC: Stopping VM
[2023-12-13T17:47:55.495-0600][619.873s] Heap
[2023-12-13T17:47:55.495-0600][619.873s] Shenandoah Heap
[2023-12-13T17:47:55.495-0600][619.873s]  16384M max, 16384M soft max, 16384M committed, 3411M used
[2023-12-13T17:47:55.495-0600][619.873s]  2048 x 8192K regions
[2023-12-13T17:47:55.495-0600][619.873s] Status: cancelled
[2023-12-13T17:47:55.495-0600][619.873s] Reserved region:
[2023-12-13T17:47:55.495-0600][619.873s]  - [0x0000000400000000, 0x0000000800000000) 
[2023-12-13T17:47:55.495-0600][619.873s] Collection set:
[2023-12-13T17:47:55.495-0600][619.873s]  - map (vanilla): 0x0000000000010800
[2023-12-13T17:47:55.495-0600][619.873s]  - map (biased):  0x0000000000010000
[2023-12-13T17:47:55.495-0600][619.873s] 
[2023-12-13T17:47:55.495-0600][619.873s]  Metaspace       used 160008K, committed 161728K, reserved 1245184K
[2023-12-13T17:47:55.495-0600][619.873s]   class space    used 22787K, committed 23616K, reserved 1048576K
[2023-12-13T17:47:55.497-0600][619.874s] 
[2023-12-13T17:47:55.497-0600][619.874s] GC STATISTICS:
[2023-12-13T17:47:55.497-0600][619.874s]   "(G)" (gross) pauses include VM time: time to notify and block threads, do the pre-
[2023-12-13T17:47:55.497-0600][619.874s]         and post-safepoint housekeeping. Use -Xlog:safepoint+stats to dissect.
[2023-12-13T17:47:55.497-0600][619.874s]   "(N)" (net) pauses are the times spent in the actual GC code.
[2023-12-13T17:47:55.497-0600][619.874s]   "a" is average time for each phase, look at levels to see if average makes sense.
[2023-12-13T17:47:55.497-0600][619.874s]   "lvls" are quantiles: 0% (minimum), 25%, 50% (median), 75%, 100% (maximum).
[2023-12-13T17:47:55.497-0600][619.874s] 
[2023-12-13T17:47:55.497-0600][619.874s]   All times are wall-clock times, except per-root-class counters, that are sum over
[2023-12-13T17:47:55.497-0600][619.874s]   all workers. Dividing the <total> over the root stage time estimates parallelism.
[2023-12-13T17:47:55.497-0600][619.874s] 
[2023-12-13T17:47:55.497-0600][619.874s]   Pacing delays are measured from entering the pacing code till exiting it. Therefore,
[2023-12-13T17:47:55.497-0600][619.875s]   observed pacing delays may be higher than the threshold when paced thread spent more
[2023-12-13T17:47:55.497-0600][619.875s]   time in the pacing code. It usually happens when thread is de-scheduled while paced,
[2023-12-13T17:47:55.497-0600][619.875s]   OS takes longer to unblock the thread, or JVM experiences an STW pause.
[2023-12-13T17:47:55.497-0600][619.875s] 
[2023-12-13T17:47:55.497-0600][619.875s]   Higher delay would prevent application outpacing the GC, but it will hide the GC latencies
[2023-12-13T17:47:55.497-0600][619.875s]   from the STW pause times. Pacing affects the individual threads, and so it would also be
[2023-12-13T17:47:55.497-0600][619.875s]   invisible to the usual profiling tools, but would add up to end-to-end application latency.
[2023-12-13T17:47:55.497-0600][619.875s]   Raise max pacing delay with care.
[2023-12-13T17:47:55.497-0600][619.875s] 
[2023-12-13T17:47:55.497-0600][619.875s] Concurrent Reset               =    0.163 s (a =    11641 us) (n =    14) (lvls, us =      316,      768,    10547,    18359,    20191)
[2023-12-13T17:47:55.497-0600][619.875s] Pause Init Mark (G)            =    0.026 s (a =     1877 us) (n =    14) (lvls, us =      109,      121,      148,      615,    15106)
[2023-12-13T17:47:55.497-0600][619.875s] Pause Init Mark (N)            =    0.001 s (a =       82 us) (n =    14) (lvls, us =       66,       71,       73,       84,      145)
[2023-12-13T17:47:55.497-0600][619.875s]   Update Region States         =    0.000 s (a =       16 us) (n =    14) (lvls, us =       12,       12,       15,       17,       21)
[2023-12-13T17:47:55.497-0600][619.875s] Concurrent Mark Roots          =    0.019 s (a =     1352 us) (n =    14) (lvls, us =      297,     1055,     1465,     1523,     2168)
[2023-12-13T17:47:55.497-0600][619.875s]   CMR: <total>                 =    0.047 s (a =     3375 us) (n =    14) (lvls, us =      502,     1191,     3789,     4062,     5821)
[2023-12-13T17:47:55.497-0600][619.875s]   CMR: Thread Roots            =    0.046 s (a =     3254 us) (n =    14) (lvls, us =      395,     1133,     3672,     3926,     5703)
[2023-12-13T17:47:55.497-0600][619.875s]   CMR: VM Strong Roots         =    0.000 s (a =       13 us) (n =    14) (lvls, us =        7,       12,       13,       14,       19)
[2023-12-13T17:47:55.497-0600][619.875s]   CMR: CLDG Roots              =    0.002 s (a =      108 us) (n =    14) (lvls, us =       59,       95,      109,      113,      143)
[2023-12-13T17:47:55.497-0600][619.875s] Concurrent Marking             =    2.243 s (a =   160206 us) (n =    14) (lvls, us =     6465,    50000,   187500,   203125,   243421)
[2023-12-13T17:47:55.497-0600][619.875s] Pause Final Mark (G)           =    0.076 s (a =     5461 us) (n =    14) (lvls, us =      146,      217,      283,      318,    62366)
[2023-12-13T17:47:55.497-0600][619.875s] Pause Final Mark (N)           =    0.004 s (a =      314 us) (n =    14) (lvls, us =      125,      141,      246,      264,     1340)
[2023-12-13T17:47:55.497-0600][619.875s]   Finish Mark                  =    0.001 s (a =      105 us) (n =    14) (lvls, us =       29,       39,       40,       45,      926)
[2023-12-13T17:47:55.497-0600][619.875s]   Update Region States         =    0.001 s (a =       37 us) (n =    14) (lvls, us =       10,       12,       13,       14,      243)
[2023-12-13T17:47:55.497-0600][619.875s]   Choose Collection Set        =    0.002 s (a =      111 us) (n =    14) (lvls, us =       31,       38,      133,      139,      176)
[2023-12-13T17:47:55.497-0600][619.875s]   Rebuild Free Set             =    0.000 s (a =        8 us) (n =    14) (lvls, us =        6,        6,        7,        8,       12)
[2023-12-13T17:47:55.497-0600][619.875s] Concurrent Thread Roots        =    0.018 s (a =     1259 us) (n =    14) (lvls, us =      254,     1152,     1270,     1426,     1883)
[2023-12-13T17:47:55.497-0600][619.875s]   CTR: <total>                 =    0.045 s (a =     3222 us) (n =    14) (lvls, us =      412,     1914,     3613,     3945,     4345)
[2023-12-13T17:47:55.497-0600][619.875s]   CTR: Thread Roots            =    0.045 s (a =     3222 us) (n =    14) (lvls, us =      412,     1914,     3613,     3945,     4345)
[2023-12-13T17:47:55.497-0600][619.875s] Concurrent Weak References     =    0.009 s (a =      669 us) (n =    14) (lvls, us =      213,      412,      598,      684,     1336)
[2023-12-13T17:47:55.497-0600][619.875s]   CWRF: <total>                =    0.013 s (a =      919 us) (n =    14) (lvls, us =      340,      580,      684,      959,     2163)
[2023-12-13T17:47:55.497-0600][619.875s]   CWRF: Weak References        =    0.013 s (a =      919 us) (n =    14) (lvls, us =      340,      580,      684,      959,     2163)
[2023-12-13T17:47:55.497-0600][619.875s] Concurrent Weak Roots          =    0.103 s (a =     7352 us) (n =    14) (lvls, us =      486,     2441,     2617,     2773,    66594)
[2023-12-13T17:47:55.497-0600][619.875s]   Roots                        =    0.029 s (a =     2039 us) (n =    14) (lvls, us =      434,      797,     2402,     2500,     2702)
[2023-12-13T17:47:55.497-0600][619.875s]     CWR: <total>               =    0.084 s (a =     6008 us) (n =    14) (lvls, us =     1230,     2285,     7129,     7422,     7992)
[2023-12-13T17:47:55.497-0600][619.875s]     CWR: Code Cache Roots      =    0.070 s (a =     4986 us) (n =    14) (lvls, us =      438,     1016,     6367,     6562,     7154)
[2023-12-13T17:47:55.497-0600][619.875s]     CWR: VM Weak Roots         =    0.013 s (a =      933 us) (n =    14) (lvls, us =      584,      666,      703,      809,     2267)
[2023-12-13T17:47:55.497-0600][619.875s]     CWR: CLDG Roots            =    0.001 s (a =       89 us) (n =    14) (lvls, us =       11,       43,      104,      107,      134)
[2023-12-13T17:47:55.497-0600][619.875s]   Rendezvous                   =    0.074 s (a =     5272 us) (n =    14) (lvls, us =       15,       29,       46,      113,    64057)
[2023-12-13T17:47:55.497-0600][619.875s] Concurrent Cleanup             =    0.001 s (a =       50 us) (n =    14) (lvls, us =       25,       28,       35,       39,      169)
[2023-12-13T17:47:55.497-0600][619.875s] Concurrent Class Unloading     =    0.153 s (a =    10894 us) (n =    14) (lvls, us =     1133,     1875,    11133,    11328,    27538)
[2023-12-13T17:47:55.497-0600][619.875s]   Unlink Stale                 =    0.133 s (a =     9480 us) (n =    14) (lvls, us =     1055,     1758,    10547,    10742,    20337)
[2023-12-13T17:47:55.497-0600][619.875s]     System Dictionary          =    0.001 s (a =      104 us) (n =    14) (lvls, us =       12,       35,       95,      102,      272)
[2023-12-13T17:47:55.497-0600][619.875s]     Weak Class Links           =    0.021 s (a =     1468 us) (n =    14) (lvls, us =        0,        0,        0,        0,    12172)
[2023-12-13T17:47:55.497-0600][619.875s]     Code Roots                 =    0.111 s (a =     7907 us) (n =    14) (lvls, us =     1035,     1719,     9902,    10547,    10801)
[2023-12-13T17:47:55.497-0600][619.875s]   Rendezvous                   =    0.015 s (a =     1062 us) (n =    14) (lvls, us =       15,       39,       55,       59,    14117)
[2023-12-13T17:47:55.497-0600][619.875s]   Purge Unlinked               =    0.004 s (a =      300 us) (n =    14) (lvls, us =       38,       64,      354,      391,      449)
[2023-12-13T17:47:55.497-0600][619.875s]     Code Roots                 =    0.004 s (a =      296 us) (n =    14) (lvls, us =       36,       63,      352,      389,      446)
[2023-12-13T17:47:55.497-0600][619.875s]     CLDG                       =    0.000 s (a =        3 us) (n =    14) (lvls, us =        1,        1,        2,        2,       13)
[2023-12-13T17:47:55.497-0600][619.875s]     Exception Caches           =    0.000 s (a =        0 us) (n =    14) (lvls, us =        0,        0,        0,        0,        0)
[2023-12-13T17:47:55.497-0600][619.875s] Concurrent Strong Roots        =    0.008 s (a =      592 us) (n =    14) (lvls, us =      375,      391,      408,      572,     1411)
[2023-12-13T17:47:55.497-0600][619.875s]   CSR: <total>                 =    0.007 s (a =      474 us) (n =    14) (lvls, us =      236,      256,      268,      531,     1314)
[2023-12-13T17:47:55.497-0600][619.875s]   CSR: VM Strong Roots         =    0.000 s (a =        9 us) (n =    14) (lvls, us =        4,        7,        8,       10,       17)
[2023-12-13T17:47:55.497-0600][619.875s]   CSR: CLDG Roots              =    0.007 s (a =      465 us) (n =    14) (lvls, us =      229,      248,      260,      520,     1297)
[2023-12-13T17:47:55.497-0600][619.875s] Concurrent Evacuation          =    0.549 s (a =    39217 us) (n =    14) (lvls, us =     4688,    23828,    34375,    38867,    89631)
[2023-12-13T17:47:55.497-0600][619.875s] Pause Init Update Refs (G)     =    0.049 s (a =     3528 us) (n =    14) (lvls, us =       55,       81,      105,      119,    22403)
[2023-12-13T17:47:55.497-0600][619.875s] Pause Init Update Refs (N)     =    0.001 s (a =       43 us) (n =    14) (lvls, us =       26,       35,       40,       42,       87)
[2023-12-13T17:47:55.497-0600][619.875s]   Manage GCLABs                =    0.000 s (a =        6 us) (n =    14) (lvls, us =        2,        4,        6,        7,        8)
[2023-12-13T17:47:55.498-0600][619.875s] Concurrent Update Refs         =    1.064 s (a =    75988 us) (n =    14) (lvls, us =     4648,    25000,    87500,    92773,   121831)
[2023-12-13T17:47:55.498-0600][619.875s] Concurrent Update Thread Roots =    0.131 s (a =     9354 us) (n =    14) (lvls, us =      215,     2598,     3262,     3535,    51876)
[2023-12-13T17:47:55.498-0600][619.875s] Pause Final Update Refs (G)    =    0.035 s (a =     2471 us) (n =    14) (lvls, us =      104,      111,      131,      195,    29236)
[2023-12-13T17:47:55.498-0600][619.875s] Pause Final Update Refs (N)    =    0.001 s (a =       83 us) (n =    14) (lvls, us =       68,       77,       82,       83,      113)
[2023-12-13T17:47:55.498-0600][619.875s]   Update Region States         =    0.000 s (a =       18 us) (n =    14) (lvls, us =       14,       16,       18,       19,       23)
[2023-12-13T17:47:55.498-0600][619.875s]   Trash Collection Set         =    0.000 s (a =        6 us) (n =    14) (lvls, us =        2,        2,        8,        8,       10)
[2023-12-13T17:47:55.498-0600][619.875s]   Rebuild Free Set             =    0.000 s (a =        8 us) (n =    14) (lvls, us =        7,        7,        8,        9,       11)
[2023-12-13T17:47:55.498-0600][619.875s] Concurrent Cleanup             =    0.001 s (a =       70 us) (n =    14) (lvls, us =       28,       42,       72,       88,      101)
[2023-12-13T17:47:55.498-0600][619.875s] 
[2023-12-13T17:47:55.498-0600][619.875s] 
[2023-12-13T17:47:55.498-0600][619.875s] Under allocation pressure, concurrent cycles may cancel, and either continue cycle
[2023-12-13T17:47:55.498-0600][619.875s] under stop-the-world pause or result in stop-the-world Full GC. Increase heap size,
[2023-12-13T17:47:55.498-0600][619.875s] tune GC heuristics, set more aggressive pacing delay, or lower allocation rate
[2023-12-13T17:47:55.498-0600][619.875s] to avoid Degenerated and Full GC cycles.
[2023-12-13T17:47:55.498-0600][619.875s] 
[2023-12-13T17:47:55.498-0600][619.875s]    14 successful concurrent GCs
[2023-12-13T17:47:55.498-0600][619.875s]       0 invoked explicitly
[2023-12-13T17:47:55.498-0600][619.875s]       0 invoked implicitly
[2023-12-13T17:47:55.498-0600][619.875s] 
[2023-12-13T17:47:55.498-0600][619.875s]     0 Degenerated GCs
[2023-12-13T17:47:55.498-0600][619.875s]       0 caused by allocation failure
[2023-12-13T17:47:55.498-0600][619.875s]       0 upgraded to Full GC
[2023-12-13T17:47:55.498-0600][619.875s] 
[2023-12-13T17:47:55.498-0600][619.875s]     0 Full GCs
[2023-12-13T17:47:55.498-0600][619.875s]       0 invoked explicitly
[2023-12-13T17:47:55.498-0600][619.875s]       0 invoked implicitly
[2023-12-13T17:47:55.498-0600][619.875s]       0 caused by allocation failure
[2023-12-13T17:47:55.498-0600][619.875s]       0 upgraded from Degenerated GC
[2023-12-13T17:47:55.498-0600][619.875s] 
[2023-12-13T17:47:55.498-0600][619.875s] 
